Archive member included because of file (symbol)

/home/yunshan/pebble-dev/PebbleSDK-2.8/Pebble/lib/libpebble.a(tmpuEcOBApebble.o)
                              src/Call_View.c.24.o (action_bar_layer_add_to_window)

Allocating common symbols
Common symbol       size              file

progressbar         0x14              src/Peb_Messenger_Pro.c.24.o
firstview           0xc               src/Peb_Messenger_Pro.c.24.o
main_buttons        0x20              src/Peb_Messenger_Pro.c.24.o
listview            0x28              src/List_View.c.24.o
firstrun_timer      0x4               src/Peb_Messenger_Pro.c.24.o

Discarded input sections

 .text          0x0000000000000000        0x0 /home/yunshan/pebble-dev/PebbleSDK-2.8/arm-cs-tools/bin/../lib/gcc/arm-none-eabi/4.7.2/thumb2/crti.o
 .bss           0x0000000000000000        0x0 /home/yunshan/pebble-dev/PebbleSDK-2.8/arm-cs-tools/bin/../lib/gcc/arm-none-eabi/4.7.2/thumb2/crti.o
 .init          0x0000000000000000        0x4 /home/yunshan/pebble-dev/PebbleSDK-2.8/arm-cs-tools/bin/../lib/gcc/arm-none-eabi/4.7.2/thumb2/crti.o
 .fini          0x0000000000000000        0x4 /home/yunshan/pebble-dev/PebbleSDK-2.8/arm-cs-tools/bin/../lib/gcc/arm-none-eabi/4.7.2/thumb2/crti.o
 .text          0x0000000000000000       0xc8 /home/yunshan/pebble-dev/PebbleSDK-2.8/arm-cs-tools/bin/../lib/gcc/arm-none-eabi/4.7.2/thumb2/crtbegin.o
 .bss           0x0000000000000000       0x1c /home/yunshan/pebble-dev/PebbleSDK-2.8/arm-cs-tools/bin/../lib/gcc/arm-none-eabi/4.7.2/thumb2/crtbegin.o
 .init_array    0x0000000000000000        0x4 /home/yunshan/pebble-dev/PebbleSDK-2.8/arm-cs-tools/bin/../lib/gcc/arm-none-eabi/4.7.2/thumb2/crtbegin.o
 .fini_array    0x0000000000000000        0x4 /home/yunshan/pebble-dev/PebbleSDK-2.8/arm-cs-tools/bin/../lib/gcc/arm-none-eabi/4.7.2/thumb2/crtbegin.o
 .eh_frame      0x0000000000000000        0x0 /home/yunshan/pebble-dev/PebbleSDK-2.8/arm-cs-tools/bin/../lib/gcc/arm-none-eabi/4.7.2/thumb2/crtbegin.o
 .jcr           0x0000000000000000        0x0 /home/yunshan/pebble-dev/PebbleSDK-2.8/arm-cs-tools/bin/../lib/gcc/arm-none-eabi/4.7.2/thumb2/crtbegin.o
 .tm_clone_table
                0x0000000000000000        0x0 /home/yunshan/pebble-dev/PebbleSDK-2.8/arm-cs-tools/bin/../lib/gcc/arm-none-eabi/4.7.2/thumb2/crtbegin.o
 .text          0x0000000000000000        0x0 src/Call_View.c.24.o
 .bss           0x0000000000000000        0x0 src/Call_View.c.24.o
 .text          0x0000000000000000        0x0 src/Draw_Bitmap.c.24.o
 .bss           0x0000000000000000        0x0 src/Draw_Bitmap.c.24.o
 .text          0x0000000000000000        0x0 src/List_View.c.24.o
 .bss           0x0000000000000000        0x0 src/List_View.c.24.o
 .text          0x0000000000000000        0x0 src/Msg_Info.c.24.o
 .bss           0x0000000000000000        0x0 src/Msg_Info.c.24.o
 .text          0x0000000000000000        0x0 src/Notify_View.c.24.o
 .bss           0x0000000000000000        0x0 src/Notify_View.c.24.o
 .text          0x0000000000000000        0x0 src/Peb_Messenger_Pro.c.24.o
 .bss           0x0000000000000000        0x0 src/Peb_Messenger_Pro.c.24.o
 .text          0x0000000000000000        0x0 src/Table.c.24.o
 .bss           0x0000000000000000        0x0 src/Table.c.24.o
 .text.connect_next_row
                0x0000000000000000        0xe src/Table.c.24.o
 .text.get_index
                0x0000000000000000        0x4 src/Table.c.24.o
 .text.get_title
                0x0000000000000000        0x4 src/Table.c.24.o
 .text.get_passtime
                0x0000000000000000        0x4 src/Table.c.24.o
 .text.get_icon
                0x0000000000000000        0x4 src/Table.c.24.o
 .text.get_next_row
                0x0000000000000000        0x4 src/Table.c.24.o
 .text.get_pre_row
                0x0000000000000000        0x4 src/Table.c.24.o
 .text          0x0000000000000000        0x0 appinfo.auto.c.24.o
 .bss           0x0000000000000000        0x0 appinfo.auto.c.24.o
 .bss           0x0000000000000000        0x0 /home/yunshan/pebble-dev/PebbleSDK-2.8/Pebble/lib/libpebble.a(tmpuEcOBApebble.o)
 .text.accel_data_service_subscribe__deprecated
                0x0000000000000000        0xc /home/yunshan/pebble-dev/PebbleSDK-2.8/Pebble/lib/libpebble.a(tmpuEcOBApebble.o)
 .text.accel_data_service_unsubscribe
                0x0000000000000000        0xc /home/yunshan/pebble-dev/PebbleSDK-2.8/Pebble/lib/libpebble.a(tmpuEcOBApebble.o)
 .text.accel_service_peek
                0x0000000000000000        0xc /home/yunshan/pebble-dev/PebbleSDK-2.8/Pebble/lib/libpebble.a(tmpuEcOBApebble.o)
 .text.accel_service_set_samples_per_update
                0x0000000000000000        0xc /home/yunshan/pebble-dev/PebbleSDK-2.8/Pebble/lib/libpebble.a(tmpuEcOBApebble.o)
 .text.accel_service_set_sampling_rate
                0x0000000000000000        0xc /home/yunshan/pebble-dev/PebbleSDK-2.8/Pebble/lib/libpebble.a(tmpuEcOBApebble.o)
 .text.accel_tap_service_subscribe
                0x0000000000000000        0xc /home/yunshan/pebble-dev/PebbleSDK-2.8/Pebble/lib/libpebble.a(tmpuEcOBApebble.o)
 .text.accel_tap_service_unsubscribe
                0x0000000000000000        0xc /home/yunshan/pebble-dev/PebbleSDK-2.8/Pebble/lib/libpebble.a(tmpuEcOBApebble.o)
 .text.action_bar_layer_clear_icon
                0x0000000000000000        0xc /home/yunshan/pebble-dev/PebbleSDK-2.8/Pebble/lib/libpebble.a(tmpuEcOBApebble.o)
 .text.action_bar_layer_get_layer
                0x0000000000000000        0xc /home/yunshan/pebble-dev/PebbleSDK-2.8/Pebble/lib/libpebble.a(tmpuEcOBApebble.o)
 .text.action_bar_layer_remove_from_window
                0x0000000000000000        0xc /home/yunshan/pebble-dev/PebbleSDK-2.8/Pebble/lib/libpebble.a(tmpuEcOBApebble.o)
 .text.action_bar_layer_set_background_color
                0x0000000000000000        0xc /home/yunshan/pebble-dev/PebbleSDK-2.8/Pebble/lib/libpebble.a(tmpuEcOBApebble.o)
 .text.action_bar_layer_set_context
                0x0000000000000000        0xc /home/yunshan/pebble-dev/PebbleSDK-2.8/Pebble/lib/libpebble.a(tmpuEcOBApebble.o)
 .text.animation_create
                0x0000000000000000        0xc /home/yunshan/pebble-dev/PebbleSDK-2.8/Pebble/lib/libpebble.a(tmpuEcOBApebble.o)
 .text.animation_destroy
                0x0000000000000000        0xc /home/yunshan/pebble-dev/PebbleSDK-2.8/Pebble/lib/libpebble.a(tmpuEcOBApebble.o)
 .text.animation_get_context
                0x0000000000000000        0xc /home/yunshan/pebble-dev/PebbleSDK-2.8/Pebble/lib/libpebble.a(tmpuEcOBApebble.o)
 .text.animation_is_scheduled
                0x0000000000000000        0xc /home/yunshan/pebble-dev/PebbleSDK-2.8/Pebble/lib/libpebble.a(tmpuEcOBApebble.o)
 .text.animation_schedule
                0x0000000000000000        0xc /home/yunshan/pebble-dev/PebbleSDK-2.8/Pebble/lib/libpebble.a(tmpuEcOBApebble.o)
 .text.animation_set_curve
                0x0000000000000000        0xc /home/yunshan/pebble-dev/PebbleSDK-2.8/Pebble/lib/libpebble.a(tmpuEcOBApebble.o)
 .text.animation_set_delay
                0x0000000000000000        0xc /home/yunshan/pebble-dev/PebbleSDK-2.8/Pebble/lib/libpebble.a(tmpuEcOBApebble.o)
 .text.animation_set_duration
                0x0000000000000000        0xc /home/yunshan/pebble-dev/PebbleSDK-2.8/Pebble/lib/libpebble.a(tmpuEcOBApebble.o)
 .text.animation_set_handlers
                0x0000000000000000        0xc /home/yunshan/pebble-dev/PebbleSDK-2.8/Pebble/lib/libpebble.a(tmpuEcOBApebble.o)
 .text.animation_set_implementation
                0x0000000000000000        0xc /home/yunshan/pebble-dev/PebbleSDK-2.8/Pebble/lib/libpebble.a(tmpuEcOBApebble.o)
 .text.animation_unschedule
                0x0000000000000000        0xc /home/yunshan/pebble-dev/PebbleSDK-2.8/Pebble/lib/libpebble.a(tmpuEcOBApebble.o)
 .text.animation_unschedule_all
                0x0000000000000000        0xc /home/yunshan/pebble-dev/PebbleSDK-2.8/Pebble/lib/libpebble.a(tmpuEcOBApebble.o)
 .text.app_comm_get_sniff_interval
                0x0000000000000000        0xc /home/yunshan/pebble-dev/PebbleSDK-2.8/Pebble/lib/libpebble.a(tmpuEcOBApebble.o)
 .text.app_sync_deinit
                0x0000000000000000        0xc /home/yunshan/pebble-dev/PebbleSDK-2.8/Pebble/lib/libpebble.a(tmpuEcOBApebble.o)
 .text.app_sync_get
                0x0000000000000000        0xc /home/yunshan/pebble-dev/PebbleSDK-2.8/Pebble/lib/libpebble.a(tmpuEcOBApebble.o)
 .text.app_sync_init
                0x0000000000000000        0xc /home/yunshan/pebble-dev/PebbleSDK-2.8/Pebble/lib/libpebble.a(tmpuEcOBApebble.o)
 .text.app_sync_set
                0x0000000000000000        0xc /home/yunshan/pebble-dev/PebbleSDK-2.8/Pebble/lib/libpebble.a(tmpuEcOBApebble.o)
 .text.atan2_lookup
                0x0000000000000000        0xc /home/yunshan/pebble-dev/PebbleSDK-2.8/Pebble/lib/libpebble.a(tmpuEcOBApebble.o)
 .text.atoi     0x0000000000000000        0xc /home/yunshan/pebble-dev/PebbleSDK-2.8/Pebble/lib/libpebble.a(tmpuEcOBApebble.o)
 .text.atol     0x0000000000000000        0xc /home/yunshan/pebble-dev/PebbleSDK-2.8/Pebble/lib/libpebble.a(tmpuEcOBApebble.o)
 .text.battery_state_service_peek
                0x0000000000000000        0xc /home/yunshan/pebble-dev/PebbleSDK-2.8/Pebble/lib/libpebble.a(tmpuEcOBApebble.o)
 .text.battery_state_service_subscribe
                0x0000000000000000        0xc /home/yunshan/pebble-dev/PebbleSDK-2.8/Pebble/lib/libpebble.a(tmpuEcOBApebble.o)
 .text.battery_state_service_unsubscribe
                0x0000000000000000        0xc /home/yunshan/pebble-dev/PebbleSDK-2.8/Pebble/lib/libpebble.a(tmpuEcOBApebble.o)
 .text.bitmap_layer_set_alignment
                0x0000000000000000        0xc /home/yunshan/pebble-dev/PebbleSDK-2.8/Pebble/lib/libpebble.a(tmpuEcOBApebble.o)
 .text.bitmap_layer_set_background_color
                0x0000000000000000        0xc /home/yunshan/pebble-dev/PebbleSDK-2.8/Pebble/lib/libpebble.a(tmpuEcOBApebble.o)
 .text.bluetooth_connection_service_peek
                0x0000000000000000        0xc /home/yunshan/pebble-dev/PebbleSDK-2.8/Pebble/lib/libpebble.a(tmpuEcOBApebble.o)
 .text.bluetooth_connection_service_subscribe
                0x0000000000000000        0xc /home/yunshan/pebble-dev/PebbleSDK-2.8/Pebble/lib/libpebble.a(tmpuEcOBApebble.o)
 .text.bluetooth_connection_service_unsubscribe
                0x0000000000000000        0xc /home/yunshan/pebble-dev/PebbleSDK-2.8/Pebble/lib/libpebble.a(tmpuEcOBApebble.o)
 .text.click_number_of_clicks_counted
                0x0000000000000000        0xc /home/yunshan/pebble-dev/PebbleSDK-2.8/Pebble/lib/libpebble.a(tmpuEcOBApebble.o)
 .text.click_recognizer_get_button_id
                0x0000000000000000        0xc /home/yunshan/pebble-dev/PebbleSDK-2.8/Pebble/lib/libpebble.a(tmpuEcOBApebble.o)
 .text.clock_copy_time_string
                0x0000000000000000        0xc /home/yunshan/pebble-dev/PebbleSDK-2.8/Pebble/lib/libpebble.a(tmpuEcOBApebble.o)
 .text.clock_is_24h_style
                0x0000000000000000        0xc /home/yunshan/pebble-dev/PebbleSDK-2.8/Pebble/lib/libpebble.a(tmpuEcOBApebble.o)
 .text.cos_lookup
                0x0000000000000000        0xc /home/yunshan/pebble-dev/PebbleSDK-2.8/Pebble/lib/libpebble.a(tmpuEcOBApebble.o)
 .text.data_logging_create
                0x0000000000000000        0xc /home/yunshan/pebble-dev/PebbleSDK-2.8/Pebble/lib/libpebble.a(tmpuEcOBApebble.o)
 .text.data_logging_finish
                0x0000000000000000        0xc /home/yunshan/pebble-dev/PebbleSDK-2.8/Pebble/lib/libpebble.a(tmpuEcOBApebble.o)
 .text.data_logging_log
                0x0000000000000000        0xc /home/yunshan/pebble-dev/PebbleSDK-2.8/Pebble/lib/libpebble.a(tmpuEcOBApebble.o)
 .text.dict_calc_buffer_size
                0x0000000000000000        0xc /home/yunshan/pebble-dev/PebbleSDK-2.8/Pebble/lib/libpebble.a(tmpuEcOBApebble.o)
 .text.dict_calc_buffer_size_from_tuplets
                0x0000000000000000        0xc /home/yunshan/pebble-dev/PebbleSDK-2.8/Pebble/lib/libpebble.a(tmpuEcOBApebble.o)
 .text.dict_find
                0x0000000000000000        0xc /home/yunshan/pebble-dev/PebbleSDK-2.8/Pebble/lib/libpebble.a(tmpuEcOBApebble.o)
 .text.dict_merge
                0x0000000000000000        0xc /home/yunshan/pebble-dev/PebbleSDK-2.8/Pebble/lib/libpebble.a(tmpuEcOBApebble.o)
 .text.dict_read_begin_from_buffer
                0x0000000000000000        0xc /home/yunshan/pebble-dev/PebbleSDK-2.8/Pebble/lib/libpebble.a(tmpuEcOBApebble.o)
 .text.dict_serialize_tuplets
                0x0000000000000000        0xc /home/yunshan/pebble-dev/PebbleSDK-2.8/Pebble/lib/libpebble.a(tmpuEcOBApebble.o)
 .text.dict_serialize_tuplets_to_buffer__deprecated
                0x0000000000000000        0xc /home/yunshan/pebble-dev/PebbleSDK-2.8/Pebble/lib/libpebble.a(tmpuEcOBApebble.o)
 .text.dict_serialize_tuplets_to_buffer_with_iter
                0x0000000000000000        0xc /home/yunshan/pebble-dev/PebbleSDK-2.8/Pebble/lib/libpebble.a(tmpuEcOBApebble.o)
 .text.dict_write_begin
                0x0000000000000000        0xc /home/yunshan/pebble-dev/PebbleSDK-2.8/Pebble/lib/libpebble.a(tmpuEcOBApebble.o)
 .text.dict_write_data
                0x0000000000000000        0xc /home/yunshan/pebble-dev/PebbleSDK-2.8/Pebble/lib/libpebble.a(tmpuEcOBApebble.o)
 .text.dict_write_end
                0x0000000000000000        0xc /home/yunshan/pebble-dev/PebbleSDK-2.8/Pebble/lib/libpebble.a(tmpuEcOBApebble.o)
 .text.dict_write_int
                0x0000000000000000        0xc /home/yunshan/pebble-dev/PebbleSDK-2.8/Pebble/lib/libpebble.a(tmpuEcOBApebble.o)
 .text.dict_write_int16
                0x0000000000000000        0xc /home/yunshan/pebble-dev/PebbleSDK-2.8/Pebble/lib/libpebble.a(tmpuEcOBApebble.o)
 .text.dict_write_int32
                0x0000000000000000        0xc /home/yunshan/pebble-dev/PebbleSDK-2.8/Pebble/lib/libpebble.a(tmpuEcOBApebble.o)
 .text.dict_write_int8
                0x0000000000000000        0xc /home/yunshan/pebble-dev/PebbleSDK-2.8/Pebble/lib/libpebble.a(tmpuEcOBApebble.o)
 .text.dict_write_tuplet
                0x0000000000000000        0xc /home/yunshan/pebble-dev/PebbleSDK-2.8/Pebble/lib/libpebble.a(tmpuEcOBApebble.o)
 .text.dict_write_uint16
                0x0000000000000000        0xc /home/yunshan/pebble-dev/PebbleSDK-2.8/Pebble/lib/libpebble.a(tmpuEcOBApebble.o)
 .text.gbitmap_create_as_sub_bitmap
                0x0000000000000000        0xc /home/yunshan/pebble-dev/PebbleSDK-2.8/Pebble/lib/libpebble.a(tmpuEcOBApebble.o)
 .text.gbitmap_create_with_data
                0x0000000000000000        0xc /home/yunshan/pebble-dev/PebbleSDK-2.8/Pebble/lib/libpebble.a(tmpuEcOBApebble.o)
 .text.gmtime   0x0000000000000000        0xc /home/yunshan/pebble-dev/PebbleSDK-2.8/Pebble/lib/libpebble.a(tmpuEcOBApebble.o)
 .text.gpath_create
                0x0000000000000000        0xc /home/yunshan/pebble-dev/PebbleSDK-2.8/Pebble/lib/libpebble.a(tmpuEcOBApebble.o)
 .text.gpath_destroy
                0x0000000000000000        0xc /home/yunshan/pebble-dev/PebbleSDK-2.8/Pebble/lib/libpebble.a(tmpuEcOBApebble.o)
 .text.gpath_draw_filled_legacy
                0x0000000000000000        0xc /home/yunshan/pebble-dev/PebbleSDK-2.8/Pebble/lib/libpebble.a(tmpuEcOBApebble.o)
 .text.gpath_draw_outline
                0x0000000000000000        0xc /home/yunshan/pebble-dev/PebbleSDK-2.8/Pebble/lib/libpebble.a(tmpuEcOBApebble.o)
 .text.gpath_move_to
                0x0000000000000000        0xc /home/yunshan/pebble-dev/PebbleSDK-2.8/Pebble/lib/libpebble.a(tmpuEcOBApebble.o)
 .text.gpath_rotate_to
                0x0000000000000000        0xc /home/yunshan/pebble-dev/PebbleSDK-2.8/Pebble/lib/libpebble.a(tmpuEcOBApebble.o)
 .text.gpoint_equal
                0x0000000000000000        0xc /home/yunshan/pebble-dev/PebbleSDK-2.8/Pebble/lib/libpebble.a(tmpuEcOBApebble.o)
 .text.graphics_context_set_fill_color
                0x0000000000000000        0xc /home/yunshan/pebble-dev/PebbleSDK-2.8/Pebble/lib/libpebble.a(tmpuEcOBApebble.o)
 .text.graphics_context_set_stroke_color
                0x0000000000000000        0xc /home/yunshan/pebble-dev/PebbleSDK-2.8/Pebble/lib/libpebble.a(tmpuEcOBApebble.o)
 .text.graphics_draw_bitmap_in_rect
                0x0000000000000000        0xc /home/yunshan/pebble-dev/PebbleSDK-2.8/Pebble/lib/libpebble.a(tmpuEcOBApebble.o)
 .text.graphics_draw_circle
                0x0000000000000000        0xc /home/yunshan/pebble-dev/PebbleSDK-2.8/Pebble/lib/libpebble.a(tmpuEcOBApebble.o)
 .text.graphics_draw_line
                0x0000000000000000        0xc /home/yunshan/pebble-dev/PebbleSDK-2.8/Pebble/lib/libpebble.a(tmpuEcOBApebble.o)
 .text.graphics_draw_pixel
                0x0000000000000000        0xc /home/yunshan/pebble-dev/PebbleSDK-2.8/Pebble/lib/libpebble.a(tmpuEcOBApebble.o)
 .text.graphics_draw_rect
                0x0000000000000000        0xc /home/yunshan/pebble-dev/PebbleSDK-2.8/Pebble/lib/libpebble.a(tmpuEcOBApebble.o)
 .text.graphics_draw_round_rect
                0x0000000000000000        0xc /home/yunshan/pebble-dev/PebbleSDK-2.8/Pebble/lib/libpebble.a(tmpuEcOBApebble.o)
 .text.graphics_fill_circle
                0x0000000000000000        0xc /home/yunshan/pebble-dev/PebbleSDK-2.8/Pebble/lib/libpebble.a(tmpuEcOBApebble.o)
 .text.graphics_fill_rect
                0x0000000000000000        0xc /home/yunshan/pebble-dev/PebbleSDK-2.8/Pebble/lib/libpebble.a(tmpuEcOBApebble.o)
 .text.graphics_text_layout_get_max_used_size
                0x0000000000000000        0xc /home/yunshan/pebble-dev/PebbleSDK-2.8/Pebble/lib/libpebble.a(tmpuEcOBApebble.o)
 .text.grect_align
                0x0000000000000000        0xc /home/yunshan/pebble-dev/PebbleSDK-2.8/Pebble/lib/libpebble.a(tmpuEcOBApebble.o)
 .text.grect_center_point
                0x0000000000000000        0xc /home/yunshan/pebble-dev/PebbleSDK-2.8/Pebble/lib/libpebble.a(tmpuEcOBApebble.o)
 .text.grect_clip
                0x0000000000000000        0xc /home/yunshan/pebble-dev/PebbleSDK-2.8/Pebble/lib/libpebble.a(tmpuEcOBApebble.o)
 .text.grect_contains_point
                0x0000000000000000        0xc /home/yunshan/pebble-dev/PebbleSDK-2.8/Pebble/lib/libpebble.a(tmpuEcOBApebble.o)
 .text.grect_crop
                0x0000000000000000        0xc /home/yunshan/pebble-dev/PebbleSDK-2.8/Pebble/lib/libpebble.a(tmpuEcOBApebble.o)
 .text.grect_equal
                0x0000000000000000        0xc /home/yunshan/pebble-dev/PebbleSDK-2.8/Pebble/lib/libpebble.a(tmpuEcOBApebble.o)
 .text.grect_is_empty
                0x0000000000000000        0xc /home/yunshan/pebble-dev/PebbleSDK-2.8/Pebble/lib/libpebble.a(tmpuEcOBApebble.o)
 .text.grect_standardize
                0x0000000000000000        0xc /home/yunshan/pebble-dev/PebbleSDK-2.8/Pebble/lib/libpebble.a(tmpuEcOBApebble.o)
 .text.gsize_equal
                0x0000000000000000        0xc /home/yunshan/pebble-dev/PebbleSDK-2.8/Pebble/lib/libpebble.a(tmpuEcOBApebble.o)
 .text.layer_create_with_data
                0x0000000000000000        0xc /home/yunshan/pebble-dev/PebbleSDK-2.8/Pebble/lib/libpebble.a(tmpuEcOBApebble.o)
 .text.layer_get_clips
                0x0000000000000000        0xc /home/yunshan/pebble-dev/PebbleSDK-2.8/Pebble/lib/libpebble.a(tmpuEcOBApebble.o)
 .text.layer_get_data
                0x0000000000000000        0xc /home/yunshan/pebble-dev/PebbleSDK-2.8/Pebble/lib/libpebble.a(tmpuEcOBApebble.o)
 .text.layer_get_hidden
                0x0000000000000000        0xc /home/yunshan/pebble-dev/PebbleSDK-2.8/Pebble/lib/libpebble.a(tmpuEcOBApebble.o)
 .text.layer_get_window
                0x0000000000000000        0xc /home/yunshan/pebble-dev/PebbleSDK-2.8/Pebble/lib/libpebble.a(tmpuEcOBApebble.o)
 .text.layer_insert_above_sibling
                0x0000000000000000        0xc /home/yunshan/pebble-dev/PebbleSDK-2.8/Pebble/lib/libpebble.a(tmpuEcOBApebble.o)
 .text.layer_insert_below_sibling
                0x0000000000000000        0xc /home/yunshan/pebble-dev/PebbleSDK-2.8/Pebble/lib/libpebble.a(tmpuEcOBApebble.o)
 .text.layer_mark_dirty
                0x0000000000000000        0xc /home/yunshan/pebble-dev/PebbleSDK-2.8/Pebble/lib/libpebble.a(tmpuEcOBApebble.o)
 .text.layer_remove_child_layers
                0x0000000000000000        0xc /home/yunshan/pebble-dev/PebbleSDK-2.8/Pebble/lib/libpebble.a(tmpuEcOBApebble.o)
 .text.layer_set_bounds
                0x0000000000000000        0xc /home/yunshan/pebble-dev/PebbleSDK-2.8/Pebble/lib/libpebble.a(tmpuEcOBApebble.o)
 .text.layer_set_clips
                0x0000000000000000        0xc /home/yunshan/pebble-dev/PebbleSDK-2.8/Pebble/lib/libpebble.a(tmpuEcOBApebble.o)
 .text.layer_set_hidden
                0x0000000000000000        0xc /home/yunshan/pebble-dev/PebbleSDK-2.8/Pebble/lib/libpebble.a(tmpuEcOBApebble.o)
 .text.light_enable
                0x0000000000000000        0xc /home/yunshan/pebble-dev/PebbleSDK-2.8/Pebble/lib/libpebble.a(tmpuEcOBApebble.o)
 .text.light_enable_interaction
                0x0000000000000000        0xc /home/yunshan/pebble-dev/PebbleSDK-2.8/Pebble/lib/libpebble.a(tmpuEcOBApebble.o)
 .text.memmove  0x0000000000000000        0xc /home/yunshan/pebble-dev/PebbleSDK-2.8/Pebble/lib/libpebble.a(tmpuEcOBApebble.o)
 .text.menu_cell_basic_header_draw
                0x0000000000000000        0xc /home/yunshan/pebble-dev/PebbleSDK-2.8/Pebble/lib/libpebble.a(tmpuEcOBApebble.o)
 .text.menu_cell_title_draw
                0x0000000000000000        0xc /home/yunshan/pebble-dev/PebbleSDK-2.8/Pebble/lib/libpebble.a(tmpuEcOBApebble.o)
 .text.menu_index_compare
                0x0000000000000000        0xc /home/yunshan/pebble-dev/PebbleSDK-2.8/Pebble/lib/libpebble.a(tmpuEcOBApebble.o)
 .text.menu_layer_get_scroll_layer
                0x0000000000000000        0xc /home/yunshan/pebble-dev/PebbleSDK-2.8/Pebble/lib/libpebble.a(tmpuEcOBApebble.o)
 .text.menu_layer_get_selected_index
                0x0000000000000000        0xc /home/yunshan/pebble-dev/PebbleSDK-2.8/Pebble/lib/libpebble.a(tmpuEcOBApebble.o)
 .text.menu_layer_reload_data
                0x0000000000000000        0xc /home/yunshan/pebble-dev/PebbleSDK-2.8/Pebble/lib/libpebble.a(tmpuEcOBApebble.o)
 .text.menu_layer_set_callbacks__deprecated
                0x0000000000000000        0xc /home/yunshan/pebble-dev/PebbleSDK-2.8/Pebble/lib/libpebble.a(tmpuEcOBApebble.o)
 .text.menu_layer_set_selected_index
                0x0000000000000000        0xc /home/yunshan/pebble-dev/PebbleSDK-2.8/Pebble/lib/libpebble.a(tmpuEcOBApebble.o)
 .text.menu_layer_set_selected_next
                0x0000000000000000        0xc /home/yunshan/pebble-dev/PebbleSDK-2.8/Pebble/lib/libpebble.a(tmpuEcOBApebble.o)
 .text.number_window_create
                0x0000000000000000        0xc /home/yunshan/pebble-dev/PebbleSDK-2.8/Pebble/lib/libpebble.a(tmpuEcOBApebble.o)
 .text.number_window_destroy
                0x0000000000000000        0xc /home/yunshan/pebble-dev/PebbleSDK-2.8/Pebble/lib/libpebble.a(tmpuEcOBApebble.o)
 .text.number_window_get_value
                0x0000000000000000        0xc /home/yunshan/pebble-dev/PebbleSDK-2.8/Pebble/lib/libpebble.a(tmpuEcOBApebble.o)
 .text.number_window_set_label
                0x0000000000000000        0xc /home/yunshan/pebble-dev/PebbleSDK-2.8/Pebble/lib/libpebble.a(tmpuEcOBApebble.o)
 .text.number_window_set_max
                0x0000000000000000        0xc /home/yunshan/pebble-dev/PebbleSDK-2.8/Pebble/lib/libpebble.a(tmpuEcOBApebble.o)
 .text.number_window_set_min
                0x0000000000000000        0xc /home/yunshan/pebble-dev/PebbleSDK-2.8/Pebble/lib/libpebble.a(tmpuEcOBApebble.o)
 .text.number_window_set_step_size
                0x0000000000000000        0xc /home/yunshan/pebble-dev/PebbleSDK-2.8/Pebble/lib/libpebble.a(tmpuEcOBApebble.o)
 .text.number_window_set_value
                0x0000000000000000        0xc /home/yunshan/pebble-dev/PebbleSDK-2.8/Pebble/lib/libpebble.a(tmpuEcOBApebble.o)
 .text.persist_delete
                0x0000000000000000        0xc /home/yunshan/pebble-dev/PebbleSDK-2.8/Pebble/lib/libpebble.a(tmpuEcOBApebble.o)
 .text.persist_exists
                0x0000000000000000        0xc /home/yunshan/pebble-dev/PebbleSDK-2.8/Pebble/lib/libpebble.a(tmpuEcOBApebble.o)
 .text.persist_get_size
                0x0000000000000000        0xc /home/yunshan/pebble-dev/PebbleSDK-2.8/Pebble/lib/libpebble.a(tmpuEcOBApebble.o)
 .text.persist_read_bool
                0x0000000000000000        0xc /home/yunshan/pebble-dev/PebbleSDK-2.8/Pebble/lib/libpebble.a(tmpuEcOBApebble.o)
 .text.persist_read_data__deprecated
                0x0000000000000000        0xc /home/yunshan/pebble-dev/PebbleSDK-2.8/Pebble/lib/libpebble.a(tmpuEcOBApebble.o)
 .text.persist_read_int
                0x0000000000000000        0xc /home/yunshan/pebble-dev/PebbleSDK-2.8/Pebble/lib/libpebble.a(tmpuEcOBApebble.o)
 .text.persist_read_string__deprecated
                0x0000000000000000        0xc /home/yunshan/pebble-dev/PebbleSDK-2.8/Pebble/lib/libpebble.a(tmpuEcOBApebble.o)
 .text.persist_write_bool
                0x0000000000000000        0xc /home/yunshan/pebble-dev/PebbleSDK-2.8/Pebble/lib/libpebble.a(tmpuEcOBApebble.o)
 .text.persist_write_data__deprecated
                0x0000000000000000        0xc /home/yunshan/pebble-dev/PebbleSDK-2.8/Pebble/lib/libpebble.a(tmpuEcOBApebble.o)
 .text.persist_write_int
                0x0000000000000000        0xc /home/yunshan/pebble-dev/PebbleSDK-2.8/Pebble/lib/libpebble.a(tmpuEcOBApebble.o)
 .text.persist_write_string
                0x0000000000000000        0xc /home/yunshan/pebble-dev/PebbleSDK-2.8/Pebble/lib/libpebble.a(tmpuEcOBApebble.o)
 .text.property_animation_create
                0x0000000000000000        0xc /home/yunshan/pebble-dev/PebbleSDK-2.8/Pebble/lib/libpebble.a(tmpuEcOBApebble.o)
 .text.property_animation_create_layer_frame
                0x0000000000000000        0xc /home/yunshan/pebble-dev/PebbleSDK-2.8/Pebble/lib/libpebble.a(tmpuEcOBApebble.o)
 .text.property_animation_destroy
                0x0000000000000000        0xc /home/yunshan/pebble-dev/PebbleSDK-2.8/Pebble/lib/libpebble.a(tmpuEcOBApebble.o)
 .text.property_animation_update_gpoint
                0x0000000000000000        0xc /home/yunshan/pebble-dev/PebbleSDK-2.8/Pebble/lib/libpebble.a(tmpuEcOBApebble.o)
 .text.property_animation_update_grect
                0x0000000000000000        0xc /home/yunshan/pebble-dev/PebbleSDK-2.8/Pebble/lib/libpebble.a(tmpuEcOBApebble.o)
 .text.property_animation_update_int16
                0x0000000000000000        0xc /home/yunshan/pebble-dev/PebbleSDK-2.8/Pebble/lib/libpebble.a(tmpuEcOBApebble.o)
 .text.psleep   0x0000000000000000        0xc /home/yunshan/pebble-dev/PebbleSDK-2.8/Pebble/lib/libpebble.a(tmpuEcOBApebble.o)
 .text.rand     0x0000000000000000        0xc /home/yunshan/pebble-dev/PebbleSDK-2.8/Pebble/lib/libpebble.a(tmpuEcOBApebble.o)
 .text.resource_load
                0x0000000000000000        0xc /home/yunshan/pebble-dev/PebbleSDK-2.8/Pebble/lib/libpebble.a(tmpuEcOBApebble.o)
 .text.resource_load_byte_range
                0x0000000000000000        0xc /home/yunshan/pebble-dev/PebbleSDK-2.8/Pebble/lib/libpebble.a(tmpuEcOBApebble.o)
 .text.resource_size
                0x0000000000000000        0xc /home/yunshan/pebble-dev/PebbleSDK-2.8/Pebble/lib/libpebble.a(tmpuEcOBApebble.o)
 .text.rot_bitmap_layer_create
                0x0000000000000000        0xc /home/yunshan/pebble-dev/PebbleSDK-2.8/Pebble/lib/libpebble.a(tmpuEcOBApebble.o)
 .text.rot_bitmap_layer_destroy
                0x0000000000000000        0xc /home/yunshan/pebble-dev/PebbleSDK-2.8/Pebble/lib/libpebble.a(tmpuEcOBApebble.o)
 .text.rot_bitmap_layer_increment_angle
                0x0000000000000000        0xc /home/yunshan/pebble-dev/PebbleSDK-2.8/Pebble/lib/libpebble.a(tmpuEcOBApebble.o)
 .text.rot_bitmap_layer_set_angle
                0x0000000000000000        0xc /home/yunshan/pebble-dev/PebbleSDK-2.8/Pebble/lib/libpebble.a(tmpuEcOBApebble.o)
 .text.rot_bitmap_layer_set_corner_clip_color
                0x0000000000000000        0xc /home/yunshan/pebble-dev/PebbleSDK-2.8/Pebble/lib/libpebble.a(tmpuEcOBApebble.o)
 .text.rot_bitmap_set_compositing_mode
                0x0000000000000000        0xc /home/yunshan/pebble-dev/PebbleSDK-2.8/Pebble/lib/libpebble.a(tmpuEcOBApebble.o)
 .text.rot_bitmap_set_src_ic
                0x0000000000000000        0xc /home/yunshan/pebble-dev/PebbleSDK-2.8/Pebble/lib/libpebble.a(tmpuEcOBApebble.o)
 .text.scroll_layer_add_child
                0x0000000000000000        0xc /home/yunshan/pebble-dev/PebbleSDK-2.8/Pebble/lib/libpebble.a(tmpuEcOBApebble.o)
 .text.scroll_layer_create
                0x0000000000000000        0xc /home/yunshan/pebble-dev/PebbleSDK-2.8/Pebble/lib/libpebble.a(tmpuEcOBApebble.o)
 .text.scroll_layer_destroy
                0x0000000000000000        0xc /home/yunshan/pebble-dev/PebbleSDK-2.8/Pebble/lib/libpebble.a(tmpuEcOBApebble.o)
 .text.scroll_layer_get_content_offset
                0x0000000000000000        0xc /home/yunshan/pebble-dev/PebbleSDK-2.8/Pebble/lib/libpebble.a(tmpuEcOBApebble.o)
 .text.scroll_layer_get_content_size
                0x0000000000000000        0xc /home/yunshan/pebble-dev/PebbleSDK-2.8/Pebble/lib/libpebble.a(tmpuEcOBApebble.o)
 .text.scroll_layer_get_layer
                0x0000000000000000        0xc /home/yunshan/pebble-dev/PebbleSDK-2.8/Pebble/lib/libpebble.a(tmpuEcOBApebble.o)
 .text.scroll_layer_get_shadow_hidden
                0x0000000000000000        0xc /home/yunshan/pebble-dev/PebbleSDK-2.8/Pebble/lib/libpebble.a(tmpuEcOBApebble.o)
 .text.scroll_layer_scroll_down_click_handler
                0x0000000000000000        0xc /home/yunshan/pebble-dev/PebbleSDK-2.8/Pebble/lib/libpebble.a(tmpuEcOBApebble.o)
 .text.scroll_layer_scroll_up_click_handler
                0x0000000000000000        0xc /home/yunshan/pebble-dev/PebbleSDK-2.8/Pebble/lib/libpebble.a(tmpuEcOBApebble.o)
 .text.scroll_layer_set_callbacks
                0x0000000000000000        0xc /home/yunshan/pebble-dev/PebbleSDK-2.8/Pebble/lib/libpebble.a(tmpuEcOBApebble.o)
 .text.scroll_layer_set_click_config_onto_window
                0x0000000000000000        0xc /home/yunshan/pebble-dev/PebbleSDK-2.8/Pebble/lib/libpebble.a(tmpuEcOBApebble.o)
 .text.scroll_layer_set_content_offset
                0x0000000000000000        0xc /home/yunshan/pebble-dev/PebbleSDK-2.8/Pebble/lib/libpebble.a(tmpuEcOBApebble.o)
 .text.scroll_layer_set_content_size
                0x0000000000000000        0xc /home/yunshan/pebble-dev/PebbleSDK-2.8/Pebble/lib/libpebble.a(tmpuEcOBApebble.o)
 .text.scroll_layer_set_context
                0x0000000000000000        0xc /home/yunshan/pebble-dev/PebbleSDK-2.8/Pebble/lib/libpebble.a(tmpuEcOBApebble.o)
 .text.scroll_layer_set_frame
                0x0000000000000000        0xc /home/yunshan/pebble-dev/PebbleSDK-2.8/Pebble/lib/libpebble.a(tmpuEcOBApebble.o)
 .text.scroll_layer_set_shadow_hidden
                0x0000000000000000        0xc /home/yunshan/pebble-dev/PebbleSDK-2.8/Pebble/lib/libpebble.a(tmpuEcOBApebble.o)
 .text.simple_menu_layer_get_selected_index
                0x0000000000000000        0xc /home/yunshan/pebble-dev/PebbleSDK-2.8/Pebble/lib/libpebble.a(tmpuEcOBApebble.o)
 .text.simple_menu_layer_set_selected_index
                0x0000000000000000        0xc /home/yunshan/pebble-dev/PebbleSDK-2.8/Pebble/lib/libpebble.a(tmpuEcOBApebble.o)
 .text.sin_lookup
                0x0000000000000000        0xc /home/yunshan/pebble-dev/PebbleSDK-2.8/Pebble/lib/libpebble.a(tmpuEcOBApebble.o)
 .text.srand    0x0000000000000000        0xc /home/yunshan/pebble-dev/PebbleSDK-2.8/Pebble/lib/libpebble.a(tmpuEcOBApebble.o)
 .text.strcmp   0x0000000000000000        0xc /home/yunshan/pebble-dev/PebbleSDK-2.8/Pebble/lib/libpebble.a(tmpuEcOBApebble.o)
 .text.strftime
                0x0000000000000000        0xc /home/yunshan/pebble-dev/PebbleSDK-2.8/Pebble/lib/libpebble.a(tmpuEcOBApebble.o)
 .text.strlen   0x0000000000000000        0xc /home/yunshan/pebble-dev/PebbleSDK-2.8/Pebble/lib/libpebble.a(tmpuEcOBApebble.o)
 .text.strncat  0x0000000000000000        0xc /home/yunshan/pebble-dev/PebbleSDK-2.8/Pebble/lib/libpebble.a(tmpuEcOBApebble.o)
 .text.strncmp  0x0000000000000000        0xc /home/yunshan/pebble-dev/PebbleSDK-2.8/Pebble/lib/libpebble.a(tmpuEcOBApebble.o)
 .text.strncpy  0x0000000000000000        0xc /home/yunshan/pebble-dev/PebbleSDK-2.8/Pebble/lib/libpebble.a(tmpuEcOBApebble.o)
 .text.text_layer_get_content_size
                0x0000000000000000        0xc /home/yunshan/pebble-dev/PebbleSDK-2.8/Pebble/lib/libpebble.a(tmpuEcOBApebble.o)
 .text.text_layer_get_text
                0x0000000000000000        0xc /home/yunshan/pebble-dev/PebbleSDK-2.8/Pebble/lib/libpebble.a(tmpuEcOBApebble.o)
 .text.text_layer_set_overflow_mode
                0x0000000000000000        0xc /home/yunshan/pebble-dev/PebbleSDK-2.8/Pebble/lib/libpebble.a(tmpuEcOBApebble.o)
 .text.text_layer_set_size
                0x0000000000000000        0xc /home/yunshan/pebble-dev/PebbleSDK-2.8/Pebble/lib/libpebble.a(tmpuEcOBApebble.o)
 .text.time_ms  0x0000000000000000        0xc /home/yunshan/pebble-dev/PebbleSDK-2.8/Pebble/lib/libpebble.a(tmpuEcOBApebble.o)
 .text.vibes_cancel
                0x0000000000000000        0xc /home/yunshan/pebble-dev/PebbleSDK-2.8/Pebble/lib/libpebble.a(tmpuEcOBApebble.o)
 .text.vibes_enqueue_custom_pattern
                0x0000000000000000        0xc /home/yunshan/pebble-dev/PebbleSDK-2.8/Pebble/lib/libpebble.a(tmpuEcOBApebble.o)
 .text.vibes_long_pulse
                0x0000000000000000        0xc /home/yunshan/pebble-dev/PebbleSDK-2.8/Pebble/lib/libpebble.a(tmpuEcOBApebble.o)
 .text.window_get_click_config_provider
                0x0000000000000000        0xc /home/yunshan/pebble-dev/PebbleSDK-2.8/Pebble/lib/libpebble.a(tmpuEcOBApebble.o)
 .text.window_get_fullscreen
                0x0000000000000000        0xc /home/yunshan/pebble-dev/PebbleSDK-2.8/Pebble/lib/libpebble.a(tmpuEcOBApebble.o)
 .text.window_is_loaded
                0x0000000000000000        0xc /home/yunshan/pebble-dev/PebbleSDK-2.8/Pebble/lib/libpebble.a(tmpuEcOBApebble.o)
 .text.window_set_background_color
                0x0000000000000000        0xc /home/yunshan/pebble-dev/PebbleSDK-2.8/Pebble/lib/libpebble.a(tmpuEcOBApebble.o)
 .text.window_set_click_config_provider_with_context
                0x0000000000000000        0xc /home/yunshan/pebble-dev/PebbleSDK-2.8/Pebble/lib/libpebble.a(tmpuEcOBApebble.o)
 .text.window_set_status_bar_icon
                0x0000000000000000        0xc /home/yunshan/pebble-dev/PebbleSDK-2.8/Pebble/lib/libpebble.a(tmpuEcOBApebble.o)
 .text.window_stack_pop
                0x0000000000000000        0xc /home/yunshan/pebble-dev/PebbleSDK-2.8/Pebble/lib/libpebble.a(tmpuEcOBApebble.o)
 .text.app_focus_service_subscribe
                0x0000000000000000        0xc /home/yunshan/pebble-dev/PebbleSDK-2.8/Pebble/lib/libpebble.a(tmpuEcOBApebble.o)
 .text.app_focus_service_unsubscribe
                0x0000000000000000        0xc /home/yunshan/pebble-dev/PebbleSDK-2.8/Pebble/lib/libpebble.a(tmpuEcOBApebble.o)
 .text.window_get_user_data
                0x0000000000000000        0xc /home/yunshan/pebble-dev/PebbleSDK-2.8/Pebble/lib/libpebble.a(tmpuEcOBApebble.o)
 .text.window_set_user_data
                0x0000000000000000        0xc /home/yunshan/pebble-dev/PebbleSDK-2.8/Pebble/lib/libpebble.a(tmpuEcOBApebble.o)
 .text.app_message_get_context
                0x0000000000000000        0xc /home/yunshan/pebble-dev/PebbleSDK-2.8/Pebble/lib/libpebble.a(tmpuEcOBApebble.o)
 .text.app_message_outbox_size_maximum
                0x0000000000000000        0xc /home/yunshan/pebble-dev/PebbleSDK-2.8/Pebble/lib/libpebble.a(tmpuEcOBApebble.o)
 .text.app_message_set_context
                0x0000000000000000        0xc /home/yunshan/pebble-dev/PebbleSDK-2.8/Pebble/lib/libpebble.a(tmpuEcOBApebble.o)
 .text.window_multi_click_subscribe
                0x0000000000000000        0xc /home/yunshan/pebble-dev/PebbleSDK-2.8/Pebble/lib/libpebble.a(tmpuEcOBApebble.o)
 .text.window_raw_click_subscribe
                0x0000000000000000        0xc /home/yunshan/pebble-dev/PebbleSDK-2.8/Pebble/lib/libpebble.a(tmpuEcOBApebble.o)
 .text.window_set_click_context
                0x0000000000000000        0xc /home/yunshan/pebble-dev/PebbleSDK-2.8/Pebble/lib/libpebble.a(tmpuEcOBApebble.o)
 .text.window_single_repeating_click_subscribe
                0x0000000000000000        0xc /home/yunshan/pebble-dev/PebbleSDK-2.8/Pebble/lib/libpebble.a(tmpuEcOBApebble.o)
 .text.dict_serialize_tuplets_to_buffer
                0x0000000000000000        0xc /home/yunshan/pebble-dev/PebbleSDK-2.8/Pebble/lib/libpebble.a(tmpuEcOBApebble.o)
 .text.persist_read_data
                0x0000000000000000        0xc /home/yunshan/pebble-dev/PebbleSDK-2.8/Pebble/lib/libpebble.a(tmpuEcOBApebble.o)
 .text.persist_read_string
                0x0000000000000000        0xc /home/yunshan/pebble-dev/PebbleSDK-2.8/Pebble/lib/libpebble.a(tmpuEcOBApebble.o)
 .text.persist_write_data
                0x0000000000000000        0xc /home/yunshan/pebble-dev/PebbleSDK-2.8/Pebble/lib/libpebble.a(tmpuEcOBApebble.o)
 .text.dict_size
                0x0000000000000000        0xc /home/yunshan/pebble-dev/PebbleSDK-2.8/Pebble/lib/libpebble.a(tmpuEcOBApebble.o)
 .text.graphics_text_layout_get_content_size
                0x0000000000000000        0xc /home/yunshan/pebble-dev/PebbleSDK-2.8/Pebble/lib/libpebble.a(tmpuEcOBApebble.o)
 .text.simple_menu_layer_get_menu_layer
                0x0000000000000000        0xc /home/yunshan/pebble-dev/PebbleSDK-2.8/Pebble/lib/libpebble.a(tmpuEcOBApebble.o)
 .text.accel_data_service_subscribe
                0x0000000000000000        0xc /home/yunshan/pebble-dev/PebbleSDK-2.8/Pebble/lib/libpebble.a(tmpuEcOBApebble.o)
 .text.calloc   0x0000000000000000        0xc /home/yunshan/pebble-dev/PebbleSDK-2.8/Pebble/lib/libpebble.a(tmpuEcOBApebble.o)
 .text.bitmap_layer_get_bitmap
                0x0000000000000000        0xc /home/yunshan/pebble-dev/PebbleSDK-2.8/Pebble/lib/libpebble.a(tmpuEcOBApebble.o)
 .text.window_get_click_config_context
                0x0000000000000000        0xc /home/yunshan/pebble-dev/PebbleSDK-2.8/Pebble/lib/libpebble.a(tmpuEcOBApebble.o)
 .text.number_window_get_window
                0x0000000000000000        0xc /home/yunshan/pebble-dev/PebbleSDK-2.8/Pebble/lib/libpebble.a(tmpuEcOBApebble.o)
 .text.realloc  0x0000000000000000        0xc /home/yunshan/pebble-dev/PebbleSDK-2.8/Pebble/lib/libpebble.a(tmpuEcOBApebble.o)
 .text.click_recognizer_is_repeating
                0x0000000000000000        0xc /home/yunshan/pebble-dev/PebbleSDK-2.8/Pebble/lib/libpebble.a(tmpuEcOBApebble.o)
 .text.accel_raw_data_service_subscribe
                0x0000000000000000        0xc /home/yunshan/pebble-dev/PebbleSDK-2.8/Pebble/lib/libpebble.a(tmpuEcOBApebble.o)
 .text.app_worker_is_running
                0x0000000000000000        0xc /home/yunshan/pebble-dev/PebbleSDK-2.8/Pebble/lib/libpebble.a(tmpuEcOBApebble.o)
 .text.app_worker_kill
                0x0000000000000000        0xc /home/yunshan/pebble-dev/PebbleSDK-2.8/Pebble/lib/libpebble.a(tmpuEcOBApebble.o)
 .text.app_worker_launch
                0x0000000000000000        0xc /home/yunshan/pebble-dev/PebbleSDK-2.8/Pebble/lib/libpebble.a(tmpuEcOBApebble.o)
 .text.app_worker_message_subscribe
                0x0000000000000000        0xc /home/yunshan/pebble-dev/PebbleSDK-2.8/Pebble/lib/libpebble.a(tmpuEcOBApebble.o)
 .text.app_worker_message_unsubscribe
                0x0000000000000000        0xc /home/yunshan/pebble-dev/PebbleSDK-2.8/Pebble/lib/libpebble.a(tmpuEcOBApebble.o)
 .text.app_worker_send_message
                0x0000000000000000        0xc /home/yunshan/pebble-dev/PebbleSDK-2.8/Pebble/lib/libpebble.a(tmpuEcOBApebble.o)
 .text.worker_event_loop
                0x0000000000000000        0xc /home/yunshan/pebble-dev/PebbleSDK-2.8/Pebble/lib/libpebble.a(tmpuEcOBApebble.o)
 .text.worker_launch_app
                0x0000000000000000        0xc /home/yunshan/pebble-dev/PebbleSDK-2.8/Pebble/lib/libpebble.a(tmpuEcOBApebble.o)
 .text.heap_bytes_free
                0x0000000000000000        0xc /home/yunshan/pebble-dev/PebbleSDK-2.8/Pebble/lib/libpebble.a(tmpuEcOBApebble.o)
 .text.heap_bytes_used
                0x0000000000000000        0xc /home/yunshan/pebble-dev/PebbleSDK-2.8/Pebble/lib/libpebble.a(tmpuEcOBApebble.o)
 .text.compass_service_peek
                0x0000000000000000        0xc /home/yunshan/pebble-dev/PebbleSDK-2.8/Pebble/lib/libpebble.a(tmpuEcOBApebble.o)
 .text.compass_service_set_heading_filter
                0x0000000000000000        0xc /home/yunshan/pebble-dev/PebbleSDK-2.8/Pebble/lib/libpebble.a(tmpuEcOBApebble.o)
 .text.compass_service_subscribe
                0x0000000000000000        0xc /home/yunshan/pebble-dev/PebbleSDK-2.8/Pebble/lib/libpebble.a(tmpuEcOBApebble.o)
 .text.compass_service_unsubscribe
                0x0000000000000000        0xc /home/yunshan/pebble-dev/PebbleSDK-2.8/Pebble/lib/libpebble.a(tmpuEcOBApebble.o)
 .text.uuid_equal
                0x0000000000000000        0xc /home/yunshan/pebble-dev/PebbleSDK-2.8/Pebble/lib/libpebble.a(tmpuEcOBApebble.o)
 .text.uuid_to_string
                0x0000000000000000        0xc /home/yunshan/pebble-dev/PebbleSDK-2.8/Pebble/lib/libpebble.a(tmpuEcOBApebble.o)
 .text.gpath_draw_filled
                0x0000000000000000        0xc /home/yunshan/pebble-dev/PebbleSDK-2.8/Pebble/lib/libpebble.a(tmpuEcOBApebble.o)
 .text.animation_set_custom_curve
                0x0000000000000000        0xc /home/yunshan/pebble-dev/PebbleSDK-2.8/Pebble/lib/libpebble.a(tmpuEcOBApebble.o)
 .text.watch_info_get_color
                0x0000000000000000        0xc /home/yunshan/pebble-dev/PebbleSDK-2.8/Pebble/lib/libpebble.a(tmpuEcOBApebble.o)
 .text.watch_info_get_firmware_version
                0x0000000000000000        0xc /home/yunshan/pebble-dev/PebbleSDK-2.8/Pebble/lib/libpebble.a(tmpuEcOBApebble.o)
 .text.watch_info_get_model
                0x0000000000000000        0xc /home/yunshan/pebble-dev/PebbleSDK-2.8/Pebble/lib/libpebble.a(tmpuEcOBApebble.o)
 .text.graphics_capture_frame_buffer
                0x0000000000000000        0xc /home/yunshan/pebble-dev/PebbleSDK-2.8/Pebble/lib/libpebble.a(tmpuEcOBApebble.o)
 .text.graphics_frame_buffer_is_captured
                0x0000000000000000        0xc /home/yunshan/pebble-dev/PebbleSDK-2.8/Pebble/lib/libpebble.a(tmpuEcOBApebble.o)
 .text.graphics_release_frame_buffer
                0x0000000000000000        0xc /home/yunshan/pebble-dev/PebbleSDK-2.8/Pebble/lib/libpebble.a(tmpuEcOBApebble.o)
 .text.clock_to_timestamp
                0x0000000000000000        0xc /home/yunshan/pebble-dev/PebbleSDK-2.8/Pebble/lib/libpebble.a(tmpuEcOBApebble.o)
 .text.wakeup_cancel
                0x0000000000000000        0xc /home/yunshan/pebble-dev/PebbleSDK-2.8/Pebble/lib/libpebble.a(tmpuEcOBApebble.o)
 .text.wakeup_cancel_all
                0x0000000000000000        0xc /home/yunshan/pebble-dev/PebbleSDK-2.8/Pebble/lib/libpebble.a(tmpuEcOBApebble.o)
 .text.wakeup_get_launch_event
                0x0000000000000000        0xc /home/yunshan/pebble-dev/PebbleSDK-2.8/Pebble/lib/libpebble.a(tmpuEcOBApebble.o)
 .text.wakeup_query
                0x0000000000000000        0xc /home/yunshan/pebble-dev/PebbleSDK-2.8/Pebble/lib/libpebble.a(tmpuEcOBApebble.o)
 .text.wakeup_schedule
                0x0000000000000000        0xc /home/yunshan/pebble-dev/PebbleSDK-2.8/Pebble/lib/libpebble.a(tmpuEcOBApebble.o)
 .text.wakeup_service_subscribe
                0x0000000000000000        0xc /home/yunshan/pebble-dev/PebbleSDK-2.8/Pebble/lib/libpebble.a(tmpuEcOBApebble.o)
 .text.clock_is_timezone_set
                0x0000000000000000        0xc /home/yunshan/pebble-dev/PebbleSDK-2.8/Pebble/lib/libpebble.a(tmpuEcOBApebble.o)
 .text.i18n_get_system_locale
                0x0000000000000000        0xc /home/yunshan/pebble-dev/PebbleSDK-2.8/Pebble/lib/libpebble.a(tmpuEcOBApebble.o)
 .text._localeconv_r
                0x0000000000000000        0xc /home/yunshan/pebble-dev/PebbleSDK-2.8/Pebble/lib/libpebble.a(tmpuEcOBApebble.o)
 .text.setlocale
                0x0000000000000000        0xc /home/yunshan/pebble-dev/PebbleSDK-2.8/Pebble/lib/libpebble.a(tmpuEcOBApebble.o)
 .text          0x0000000000000000        0x0 /home/yunshan/pebble-dev/PebbleSDK-2.8/arm-cs-tools/bin/../lib/gcc/arm-none-eabi/4.7.2/thumb2/crtend.o
 .bss           0x0000000000000000        0x0 /home/yunshan/pebble-dev/PebbleSDK-2.8/arm-cs-tools/bin/../lib/gcc/arm-none-eabi/4.7.2/thumb2/crtend.o
 .eh_frame      0x0000000000000000        0x4 /home/yunshan/pebble-dev/PebbleSDK-2.8/arm-cs-tools/bin/../lib/gcc/arm-none-eabi/4.7.2/thumb2/crtend.o
 .jcr           0x0000000000000000        0x4 /home/yunshan/pebble-dev/PebbleSDK-2.8/arm-cs-tools/bin/../lib/gcc/arm-none-eabi/4.7.2/thumb2/crtend.o
 .tm_clone_table
                0x0000000000000000        0x0 /home/yunshan/pebble-dev/PebbleSDK-2.8/arm-cs-tools/bin/../lib/gcc/arm-none-eabi/4.7.2/thumb2/crtend.o
 .text          0x0000000000000000        0x0 /home/yunshan/pebble-dev/PebbleSDK-2.8/arm-cs-tools/bin/../lib/gcc/arm-none-eabi/4.7.2/thumb2/crtn.o
 .bss           0x0000000000000000        0x0 /home/yunshan/pebble-dev/PebbleSDK-2.8/arm-cs-tools/bin/../lib/gcc/arm-none-eabi/4.7.2/thumb2/crtn.o
 .init          0x0000000000000000        0x8 /home/yunshan/pebble-dev/PebbleSDK-2.8/arm-cs-tools/bin/../lib/gcc/arm-none-eabi/4.7.2/thumb2/crtn.o
 .fini          0x0000000000000000        0x8 /home/yunshan/pebble-dev/PebbleSDK-2.8/arm-cs-tools/bin/../lib/gcc/arm-none-eabi/4.7.2/thumb2/crtn.o

Memory Configuration

Name             Origin             Length             Attributes
APP              0x0000000000000000 0x0000000000006000 xrw
*default*        0x0000000000000000 0xffffffffffffffff

Linker script and memory map

LOAD /home/yunshan/pebble-dev/PebbleSDK-2.8/arm-cs-tools/bin/../lib/gcc/arm-none-eabi/4.7.2/thumb2/crti.o
LOAD /home/yunshan/pebble-dev/PebbleSDK-2.8/arm-cs-tools/bin/../lib/gcc/arm-none-eabi/4.7.2/thumb2/crtbegin.o
LOAD src/Call_View.c.24.o
LOAD src/Draw_Bitmap.c.24.o
LOAD src/List_View.c.24.o
LOAD src/Msg_Info.c.24.o
LOAD src/Notify_View.c.24.o
LOAD src/Peb_Messenger_Pro.c.24.o
LOAD src/Table.c.24.o
LOAD appinfo.auto.c.24.o
LOAD /home/yunshan/pebble-dev/PebbleSDK-2.8/Pebble/lib/libpebble.a
START GROUP
LOAD /home/yunshan/pebble-dev/PebbleSDK-2.8/arm-cs-tools/bin/../lib/gcc/arm-none-eabi/4.7.2/thumb2/libgcc.a
LOAD /home/yunshan/pebble-dev/PebbleSDK-2.8/arm-cs-tools/bin/../lib/gcc/arm-none-eabi/4.7.2/../../../../arm-none-eabi/lib/thumb2/libc.a
END GROUP
LOAD /home/yunshan/pebble-dev/PebbleSDK-2.8/arm-cs-tools/bin/../lib/gcc/arm-none-eabi/4.7.2/thumb2/crtend.o
LOAD /home/yunshan/pebble-dev/PebbleSDK-2.8/arm-cs-tools/bin/../lib/gcc/arm-none-eabi/4.7.2/thumb2/crtn.o

.header         0x0000000000000000       0x82
 *(.pbl_header)
 .pbl_header    0x0000000000000000       0x82 appinfo.auto.c.24.o
                0x0000000000000000                __pbl_app_info

.text           0x0000000000000084     0x2824
 *(.text)
 .text          0x0000000000000084       0x14 /home/yunshan/pebble-dev/PebbleSDK-2.8/Pebble/lib/libpebble.a(tmpuEcOBApebble.o)
 *(.text.*)
 .text.update_time
                0x0000000000000098       0x44 src/Call_View.c.24.o
 .text.destroy_callview
                0x00000000000000dc       0xd0 src/Call_View.c.24.o
                0x00000000000000dc                destroy_callview
 .text.back_click_handler
                0x00000000000001ac        0x6 src/Call_View.c.24.o
 *fill*         0x00000000000001b2        0x2 
 .text.click_config_provider
                0x00000000000001b4       0x68 src/Call_View.c.24.o
 .text.send_command_string
                0x000000000000021c       0x2c src/Call_View.c.24.o
 .text.select_long_press_handler
                0x0000000000000248       0x4c src/Call_View.c.24.o
 .text.select_click_handler
                0x0000000000000294       0x4c src/Call_View.c.24.o
 .text.send_command_uint.constprop.4
                0x00000000000002e0       0x36 src/Call_View.c.24.o
 *fill*         0x0000000000000316        0x2 
 .text.up_click_handler
                0x0000000000000318       0x3c src/Call_View.c.24.o
 .text.up_long_press_handler
                0x0000000000000354       0x3c src/Call_View.c.24.o
 .text.down_click_handler
                0x0000000000000390       0x54 src/Call_View.c.24.o
 .text.init_callview
                0x00000000000003e4      0x1b0 src/Call_View.c.24.o
                0x00000000000003e4                init_callview
 .text.show_callview
                0x0000000000000594       0xcc src/Call_View.c.24.o
                0x0000000000000594                show_callview
 .text.append_bitmap_callview
                0x0000000000000660       0x30 src/Call_View.c.24.o
                0x0000000000000660                append_bitmap_callview
 .text.call_hook
                0x0000000000000690       0x40 src/Call_View.c.24.o
                0x0000000000000690                call_hook
 .text.call_view_on_top
                0x00000000000006d0       0x1c src/Call_View.c.24.o
                0x00000000000006d0                call_view_on_top
 .text.set_bitmap_to_black
                0x00000000000006ec        0xe src/Draw_Bitmap.c.24.o
                0x00000000000006ec                set_bitmap_to_black
 *fill*         0x00000000000006fa        0x2 
 .text.draw_data_to_bitmap
                0x00000000000006fc      0x224 src/Draw_Bitmap.c.24.o
                0x00000000000006fc                draw_data_to_bitmap
 .text.draw_data_mid
                0x0000000000000920      0x134 src/Draw_Bitmap.c.24.o
                0x0000000000000920                draw_data_mid
 .text.get_num_rows
                0x0000000000000a54       0x14 src/List_View.c.24.o
 .text.select_click
                0x0000000000000a68       0x24 src/List_View.c.24.o
 .text.draw_row
                0x0000000000000a8c       0x3c src/List_View.c.24.o
 .text.init_listview
                0x0000000000000ac8       0xf4 src/List_View.c.24.o
                0x0000000000000ac8                init_listview
 .text.destroy_listview
                0x0000000000000bbc       0x50 src/List_View.c.24.o
                0x0000000000000bbc                destroy_listview
 .text.list_view_close
                0x0000000000000c0c        0x4 src/List_View.c.24.o
 .text.append_buff_listview
                0x0000000000000c10       0x18 src/List_View.c.24.o
                0x0000000000000c10                append_buff_listview
 .text.show_listview
                0x0000000000000c28       0xe4 src/List_View.c.24.o
                0x0000000000000c28                show_listview
 .text.destory_message
                0x0000000000000d0c       0x28 src/Msg_Info.c.24.o
                0x0000000000000d0c                destory_message
 .text.display_message
                0x0000000000000d34      0x110 src/Msg_Info.c.24.o
                0x0000000000000d34                display_message
 .text.draw_text_on_layer
                0x0000000000000e44       0x94 src/Notify_View.c.24.o
                0x0000000000000e44                draw_text_on_layer
 .text.read_notify
                0x0000000000000ed8       0x4c src/Notify_View.c.24.o
                0x0000000000000ed8                read_notify
 .text.handle_notify_click
                0x0000000000000f24       0x30 src/Notify_View.c.24.o
                0x0000000000000f24                handle_notify_click
 .text.destroy_notifyview
                0x0000000000000f54       0xb8 src/Notify_View.c.24.o
                0x0000000000000f54                destroy_notifyview
 .text.show_notifyview
                0x000000000000100c       0x4c src/Notify_View.c.24.o
                0x000000000000100c                show_notifyview
 .text.append_str_notifyview
                0x0000000000001058       0x10 src/Notify_View.c.24.o
                0x0000000000001058                append_str_notifyview
 .text.append_bitmap_notifyview
                0x0000000000001068       0x5c src/Notify_View.c.24.o
                0x0000000000001068                append_bitmap_notifyview
 .text.set_pages_num_notifyview
                0x00000000000010c4       0x20 src/Notify_View.c.24.o
                0x00000000000010c4                set_pages_num_notifyview
 .text.clean_notifyview
                0x00000000000010e4       0x20 src/Notify_View.c.24.o
                0x00000000000010e4                clean_notifyview
 .text.set_notifyview_time
                0x0000000000001104       0x14 src/Notify_View.c.24.o
                0x0000000000001104                set_notifyview_time
 .text.hide_notifyview
                0x0000000000001118       0x20 src/Notify_View.c.24.o
                0x0000000000001118                hide_notifyview
 .text.next_notify_page
                0x0000000000001138       0x54 src/Notify_View.c.24.o
                0x0000000000001138                next_notify_page
 .text.load_font
                0x000000000000118c       0x54 src/Notify_View.c.24.o
                0x000000000000118c                load_font
 .text.init_notifyview
                0x00000000000011e0      0x1d8 src/Notify_View.c.24.o
                0x00000000000011e0                init_notifyview
 .text.stop_notify_close_timer
                0x00000000000013b8       0x18 src/Notify_View.c.24.o
                0x00000000000013b8                stop_notify_close_timer
 .text.out_sent_handler
                0x00000000000013d0        0x2 src/Peb_Messenger_Pro.c.24.o
                0x00000000000013d0                out_sent_handler
 .text.out_failed_handler
                0x00000000000013d2        0x2 src/Peb_Messenger_Pro.c.24.o
                0x00000000000013d2                out_failed_handler
 .text.destroy_first_view
                0x00000000000013d4       0x44 src/Peb_Messenger_Pro.c.24.o
 .text.show_time
                0x0000000000001418       0x40 src/Peb_Messenger_Pro.c.24.o
 .text.init_title
                0x0000000000001458       0x8c src/Peb_Messenger_Pro.c.24.o
 .text.show_title
                0x00000000000014e4       0x2c src/Peb_Messenger_Pro.c.24.o
 .text.show_main_menu
                0x0000000000001510       0xd8 src/Peb_Messenger_Pro.c.24.o
                0x0000000000001510                show_main_menu
 .text.in_dropped_handler
                0x00000000000015e8       0xb4 src/Peb_Messenger_Pro.c.24.o
                0x00000000000015e8                in_dropped_handler
 .text.find_tuple_by_id
                0x000000000000169c       0x1e src/Peb_Messenger_Pro.c.24.o
 .text.send_command_with_str_extra
                0x00000000000016ba       0x2c src/Peb_Messenger_Pro.c.24.o
 .text.send_command_get_call_by_index
                0x00000000000016e6        0x8 src/Peb_Messenger_Pro.c.24.o
 .text.send_command_get_msg_by_index
                0x00000000000016ee        0x8 src/Peb_Messenger_Pro.c.24.o
 .text.close_app
                0x00000000000016f6        0x6 src/Peb_Messenger_Pro.c.24.o
 .text.window_load
                0x00000000000016fc      0x1b4 src/Peb_Messenger_Pro.c.24.o
 .text.send_command
                0x00000000000018b0       0x34 src/Peb_Messenger_Pro.c.24.o
 .text.main_menu_onclick
                0x00000000000018e4       0x14 src/Peb_Messenger_Pro.c.24.o
 .text.send_im_free
                0x00000000000018f8       0x48 src/Peb_Messenger_Pro.c.24.o
 .text.show_progress
                0x0000000000001940       0xfc src/Peb_Messenger_Pro.c.24.o
 .text.in_received_handler
                0x0000000000001a3c      0x44c src/Peb_Messenger_Pro.c.24.o
                0x0000000000001a3c                in_received_handler
 .text.window_unload
                0x0000000000001e88       0x78 src/Peb_Messenger_Pro.c.24.o
 .text.startup.main
                0x0000000000001f00       0x9c src/Peb_Messenger_Pro.c.24.o
                0x0000000000001f00                main
 .text.new_row  0x0000000000001f9c       0x12 src/Table.c.24.o
                0x0000000000001f9c                new_row
 .text.set_row  0x0000000000001fae       0x50 src/Table.c.24.o
                0x0000000000001fae                set_row
 .text.remove_rows
                0x0000000000001ffe       0x10 src/Table.c.24.o
                0x0000000000001ffe                remove_rows
 .text.get_row_by_index
                0x000000000000200e       0x10 src/Table.c.24.o
                0x000000000000200e                get_row_by_index
 *fill*         0x000000000000201e        0x2 
 .text.action_bar_layer_add_to_window
                0x0000000000002020        0xc /home/yunshan/pebble-dev/PebbleSDK-2.8/Pebble/lib/libpebble.a(tmpuEcOBApebble.o)
                0x0000000000002020                action_bar_layer_add_to_window
 .text.action_bar_layer_create
                0x000000000000202c        0xc /home/yunshan/pebble-dev/PebbleSDK-2.8/Pebble/lib/libpebble.a(tmpuEcOBApebble.o)
                0x000000000000202c                action_bar_layer_create
 .text.action_bar_layer_destroy
                0x0000000000002038        0xc /home/yunshan/pebble-dev/PebbleSDK-2.8/Pebble/lib/libpebble.a(tmpuEcOBApebble.o)
                0x0000000000002038                action_bar_layer_destroy
 .text.action_bar_layer_set_click_config_provider
                0x0000000000002044        0xc /home/yunshan/pebble-dev/PebbleSDK-2.8/Pebble/lib/libpebble.a(tmpuEcOBApebble.o)
                0x0000000000002044                action_bar_layer_set_click_config_provider
 .text.action_bar_layer_set_icon
                0x0000000000002050        0xc /home/yunshan/pebble-dev/PebbleSDK-2.8/Pebble/lib/libpebble.a(tmpuEcOBApebble.o)
                0x0000000000002050                action_bar_layer_set_icon
 .text.app_comm_set_sniff_interval
                0x000000000000205c        0xc /home/yunshan/pebble-dev/PebbleSDK-2.8/Pebble/lib/libpebble.a(tmpuEcOBApebble.o)
                0x000000000000205c                app_comm_set_sniff_interval
 .text.app_event_loop
                0x0000000000002068        0xc /home/yunshan/pebble-dev/PebbleSDK-2.8/Pebble/lib/libpebble.a(tmpuEcOBApebble.o)
                0x0000000000002068                app_event_loop
 .text.app_log  0x0000000000002074        0xc /home/yunshan/pebble-dev/PebbleSDK-2.8/Pebble/lib/libpebble.a(tmpuEcOBApebble.o)
                0x0000000000002074                app_log
 .text.app_message_deregister_callbacks
                0x0000000000002080        0xc /home/yunshan/pebble-dev/PebbleSDK-2.8/Pebble/lib/libpebble.a(tmpuEcOBApebble.o)
                0x0000000000002080                app_message_deregister_callbacks
 .text.app_message_open
                0x000000000000208c        0xc /home/yunshan/pebble-dev/PebbleSDK-2.8/Pebble/lib/libpebble.a(tmpuEcOBApebble.o)
                0x000000000000208c                app_message_open
 .text.app_timer_cancel
                0x0000000000002098        0xc /home/yunshan/pebble-dev/PebbleSDK-2.8/Pebble/lib/libpebble.a(tmpuEcOBApebble.o)
                0x0000000000002098                app_timer_cancel
 .text.app_timer_register
                0x00000000000020a4        0xc /home/yunshan/pebble-dev/PebbleSDK-2.8/Pebble/lib/libpebble.a(tmpuEcOBApebble.o)
                0x00000000000020a4                app_timer_register
 .text.app_timer_reschedule
                0x00000000000020b0        0xc /home/yunshan/pebble-dev/PebbleSDK-2.8/Pebble/lib/libpebble.a(tmpuEcOBApebble.o)
                0x00000000000020b0                app_timer_reschedule
 .text.bitmap_layer_create
                0x00000000000020bc        0xc /home/yunshan/pebble-dev/PebbleSDK-2.8/Pebble/lib/libpebble.a(tmpuEcOBApebble.o)
                0x00000000000020bc                bitmap_layer_create
 .text.bitmap_layer_destroy
                0x00000000000020c8        0xc /home/yunshan/pebble-dev/PebbleSDK-2.8/Pebble/lib/libpebble.a(tmpuEcOBApebble.o)
                0x00000000000020c8                bitmap_layer_destroy
 .text.bitmap_layer_get_layer
                0x00000000000020d4        0xc /home/yunshan/pebble-dev/PebbleSDK-2.8/Pebble/lib/libpebble.a(tmpuEcOBApebble.o)
                0x00000000000020d4                bitmap_layer_get_layer
 .text.bitmap_layer_set_bitmap
                0x00000000000020e0        0xc /home/yunshan/pebble-dev/PebbleSDK-2.8/Pebble/lib/libpebble.a(tmpuEcOBApebble.o)
                0x00000000000020e0                bitmap_layer_set_bitmap
 .text.bitmap_layer_set_compositing_mode
                0x00000000000020ec        0xc /home/yunshan/pebble-dev/PebbleSDK-2.8/Pebble/lib/libpebble.a(tmpuEcOBApebble.o)
                0x00000000000020ec                bitmap_layer_set_compositing_mode
 .text.dict_read_first
                0x00000000000020f8        0xc /home/yunshan/pebble-dev/PebbleSDK-2.8/Pebble/lib/libpebble.a(tmpuEcOBApebble.o)
                0x00000000000020f8                dict_read_first
 .text.dict_read_next
                0x0000000000002104        0xc /home/yunshan/pebble-dev/PebbleSDK-2.8/Pebble/lib/libpebble.a(tmpuEcOBApebble.o)
                0x0000000000002104                dict_read_next
 .text.dict_write_cstring
                0x0000000000002110        0xc /home/yunshan/pebble-dev/PebbleSDK-2.8/Pebble/lib/libpebble.a(tmpuEcOBApebble.o)
                0x0000000000002110                dict_write_cstring
 .text.dict_write_uint32
                0x000000000000211c        0xc /home/yunshan/pebble-dev/PebbleSDK-2.8/Pebble/lib/libpebble.a(tmpuEcOBApebble.o)
                0x000000000000211c                dict_write_uint32
 .text.dict_write_uint8
                0x0000000000002128        0xc /home/yunshan/pebble-dev/PebbleSDK-2.8/Pebble/lib/libpebble.a(tmpuEcOBApebble.o)
                0x0000000000002128                dict_write_uint8
 .text.fonts_get_system_font
                0x0000000000002134        0xc /home/yunshan/pebble-dev/PebbleSDK-2.8/Pebble/lib/libpebble.a(tmpuEcOBApebble.o)
                0x0000000000002134                fonts_get_system_font
 .text.fonts_load_custom_font
                0x0000000000002140        0xc /home/yunshan/pebble-dev/PebbleSDK-2.8/Pebble/lib/libpebble.a(tmpuEcOBApebble.o)
                0x0000000000002140                fonts_load_custom_font
 .text.fonts_unload_custom_font
                0x000000000000214c        0xc /home/yunshan/pebble-dev/PebbleSDK-2.8/Pebble/lib/libpebble.a(tmpuEcOBApebble.o)
                0x000000000000214c                fonts_unload_custom_font
 .text.free     0x0000000000002158        0xc /home/yunshan/pebble-dev/PebbleSDK-2.8/Pebble/lib/libpebble.a(tmpuEcOBApebble.o)
                0x0000000000002158                free
 .text.gbitmap_create_with_resource
                0x0000000000002164        0xc /home/yunshan/pebble-dev/PebbleSDK-2.8/Pebble/lib/libpebble.a(tmpuEcOBApebble.o)
                0x0000000000002164                gbitmap_create_with_resource
 .text.gbitmap_destroy
                0x0000000000002170        0xc /home/yunshan/pebble-dev/PebbleSDK-2.8/Pebble/lib/libpebble.a(tmpuEcOBApebble.o)
                0x0000000000002170                gbitmap_destroy
 .text.graphics_context_set_compositing_mode
                0x000000000000217c        0xc /home/yunshan/pebble-dev/PebbleSDK-2.8/Pebble/lib/libpebble.a(tmpuEcOBApebble.o)
                0x000000000000217c                graphics_context_set_compositing_mode
 .text.graphics_context_set_text_color
                0x0000000000002188        0xc /home/yunshan/pebble-dev/PebbleSDK-2.8/Pebble/lib/libpebble.a(tmpuEcOBApebble.o)
                0x0000000000002188                graphics_context_set_text_color
 .text.inverter_layer_create
                0x0000000000002194        0xc /home/yunshan/pebble-dev/PebbleSDK-2.8/Pebble/lib/libpebble.a(tmpuEcOBApebble.o)
                0x0000000000002194                inverter_layer_create
 .text.inverter_layer_destroy
                0x00000000000021a0        0xc /home/yunshan/pebble-dev/PebbleSDK-2.8/Pebble/lib/libpebble.a(tmpuEcOBApebble.o)
                0x00000000000021a0                inverter_layer_destroy
 .text.inverter_layer_get_layer
                0x00000000000021ac        0xc /home/yunshan/pebble-dev/PebbleSDK-2.8/Pebble/lib/libpebble.a(tmpuEcOBApebble.o)
                0x00000000000021ac                inverter_layer_get_layer
 .text.layer_add_child
                0x00000000000021b8        0xc /home/yunshan/pebble-dev/PebbleSDK-2.8/Pebble/lib/libpebble.a(tmpuEcOBApebble.o)
                0x00000000000021b8                layer_add_child
 .text.layer_create
                0x00000000000021c4        0xc /home/yunshan/pebble-dev/PebbleSDK-2.8/Pebble/lib/libpebble.a(tmpuEcOBApebble.o)
                0x00000000000021c4                layer_create
 .text.layer_destroy
                0x00000000000021d0        0xc /home/yunshan/pebble-dev/PebbleSDK-2.8/Pebble/lib/libpebble.a(tmpuEcOBApebble.o)
                0x00000000000021d0                layer_destroy
 .text.layer_get_bounds
                0x00000000000021dc        0xc /home/yunshan/pebble-dev/PebbleSDK-2.8/Pebble/lib/libpebble.a(tmpuEcOBApebble.o)
                0x00000000000021dc                layer_get_bounds
 .text.layer_get_frame
                0x00000000000021e8        0xc /home/yunshan/pebble-dev/PebbleSDK-2.8/Pebble/lib/libpebble.a(tmpuEcOBApebble.o)
                0x00000000000021e8                layer_get_frame
 .text.layer_remove_from_parent
                0x00000000000021f4        0xc /home/yunshan/pebble-dev/PebbleSDK-2.8/Pebble/lib/libpebble.a(tmpuEcOBApebble.o)
                0x00000000000021f4                layer_remove_from_parent
 .text.layer_set_frame
                0x0000000000002200        0xc /home/yunshan/pebble-dev/PebbleSDK-2.8/Pebble/lib/libpebble.a(tmpuEcOBApebble.o)
                0x0000000000002200                layer_set_frame
 .text.layer_set_update_proc
                0x000000000000220c        0xc /home/yunshan/pebble-dev/PebbleSDK-2.8/Pebble/lib/libpebble.a(tmpuEcOBApebble.o)
                0x000000000000220c                layer_set_update_proc
 .text.localtime
                0x0000000000002218        0xc /home/yunshan/pebble-dev/PebbleSDK-2.8/Pebble/lib/libpebble.a(tmpuEcOBApebble.o)
                0x0000000000002218                localtime
 .text.malloc   0x0000000000002224        0xc /home/yunshan/pebble-dev/PebbleSDK-2.8/Pebble/lib/libpebble.a(tmpuEcOBApebble.o)
                0x0000000000002224                malloc
 .text.memcpy   0x0000000000002230        0xc /home/yunshan/pebble-dev/PebbleSDK-2.8/Pebble/lib/libpebble.a(tmpuEcOBApebble.o)
                0x0000000000002230                memcpy
 .text.memset   0x000000000000223c        0xc /home/yunshan/pebble-dev/PebbleSDK-2.8/Pebble/lib/libpebble.a(tmpuEcOBApebble.o)
                0x000000000000223c                memset
 .text.menu_cell_basic_draw
                0x0000000000002248        0xc /home/yunshan/pebble-dev/PebbleSDK-2.8/Pebble/lib/libpebble.a(tmpuEcOBApebble.o)
                0x0000000000002248                menu_cell_basic_draw
 .text.menu_layer_create
                0x0000000000002254        0xc /home/yunshan/pebble-dev/PebbleSDK-2.8/Pebble/lib/libpebble.a(tmpuEcOBApebble.o)
                0x0000000000002254                menu_layer_create
 .text.menu_layer_destroy
                0x0000000000002260        0xc /home/yunshan/pebble-dev/PebbleSDK-2.8/Pebble/lib/libpebble.a(tmpuEcOBApebble.o)
                0x0000000000002260                menu_layer_destroy
 .text.menu_layer_get_layer
                0x000000000000226c        0xc /home/yunshan/pebble-dev/PebbleSDK-2.8/Pebble/lib/libpebble.a(tmpuEcOBApebble.o)
                0x000000000000226c                menu_layer_get_layer
 .text.menu_layer_set_click_config_onto_window
                0x0000000000002278        0xc /home/yunshan/pebble-dev/PebbleSDK-2.8/Pebble/lib/libpebble.a(tmpuEcOBApebble.o)
                0x0000000000002278                menu_layer_set_click_config_onto_window
 .text.resource_get_handle
                0x0000000000002284        0xc /home/yunshan/pebble-dev/PebbleSDK-2.8/Pebble/lib/libpebble.a(tmpuEcOBApebble.o)
                0x0000000000002284                resource_get_handle
 .text.simple_menu_layer_create
                0x0000000000002290        0xc /home/yunshan/pebble-dev/PebbleSDK-2.8/Pebble/lib/libpebble.a(tmpuEcOBApebble.o)
                0x0000000000002290                simple_menu_layer_create
 .text.simple_menu_layer_destroy
                0x000000000000229c        0xc /home/yunshan/pebble-dev/PebbleSDK-2.8/Pebble/lib/libpebble.a(tmpuEcOBApebble.o)
                0x000000000000229c                simple_menu_layer_destroy
 .text.simple_menu_layer_get_layer
                0x00000000000022a8        0xc /home/yunshan/pebble-dev/PebbleSDK-2.8/Pebble/lib/libpebble.a(tmpuEcOBApebble.o)
                0x00000000000022a8                simple_menu_layer_get_layer
 .text.snprintf
                0x00000000000022b4        0xc /home/yunshan/pebble-dev/PebbleSDK-2.8/Pebble/lib/libpebble.a(tmpuEcOBApebble.o)
                0x00000000000022b4                snprintf
 .text.strcat   0x00000000000022c0        0xc /home/yunshan/pebble-dev/PebbleSDK-2.8/Pebble/lib/libpebble.a(tmpuEcOBApebble.o)
                0x00000000000022c0                strcat
 .text.strcpy   0x00000000000022cc        0xc /home/yunshan/pebble-dev/PebbleSDK-2.8/Pebble/lib/libpebble.a(tmpuEcOBApebble.o)
                0x00000000000022cc                strcpy
 .text.text_layer_create
                0x00000000000022d8        0xc /home/yunshan/pebble-dev/PebbleSDK-2.8/Pebble/lib/libpebble.a(tmpuEcOBApebble.o)
                0x00000000000022d8                text_layer_create
 .text.text_layer_destroy
                0x00000000000022e4        0xc /home/yunshan/pebble-dev/PebbleSDK-2.8/Pebble/lib/libpebble.a(tmpuEcOBApebble.o)
                0x00000000000022e4                text_layer_destroy
 .text.text_layer_get_layer
                0x00000000000022f0        0xc /home/yunshan/pebble-dev/PebbleSDK-2.8/Pebble/lib/libpebble.a(tmpuEcOBApebble.o)
                0x00000000000022f0                text_layer_get_layer
 .text.text_layer_set_background_color
                0x00000000000022fc        0xc /home/yunshan/pebble-dev/PebbleSDK-2.8/Pebble/lib/libpebble.a(tmpuEcOBApebble.o)
                0x00000000000022fc                text_layer_set_background_color
 .text.text_layer_set_font
                0x0000000000002308        0xc /home/yunshan/pebble-dev/PebbleSDK-2.8/Pebble/lib/libpebble.a(tmpuEcOBApebble.o)
                0x0000000000002308                text_layer_set_font
 .text.text_layer_set_text
                0x0000000000002314        0xc /home/yunshan/pebble-dev/PebbleSDK-2.8/Pebble/lib/libpebble.a(tmpuEcOBApebble.o)
                0x0000000000002314                text_layer_set_text
 .text.text_layer_set_text_alignment
                0x0000000000002320        0xc /home/yunshan/pebble-dev/PebbleSDK-2.8/Pebble/lib/libpebble.a(tmpuEcOBApebble.o)
                0x0000000000002320                text_layer_set_text_alignment
 .text.text_layer_set_text_color
                0x000000000000232c        0xc /home/yunshan/pebble-dev/PebbleSDK-2.8/Pebble/lib/libpebble.a(tmpuEcOBApebble.o)
                0x000000000000232c                text_layer_set_text_color
 .text.tick_timer_service_subscribe
                0x0000000000002338        0xc /home/yunshan/pebble-dev/PebbleSDK-2.8/Pebble/lib/libpebble.a(tmpuEcOBApebble.o)
                0x0000000000002338                tick_timer_service_subscribe
 .text.tick_timer_service_unsubscribe
                0x0000000000002344        0xc /home/yunshan/pebble-dev/PebbleSDK-2.8/Pebble/lib/libpebble.a(tmpuEcOBApebble.o)
                0x0000000000002344                tick_timer_service_unsubscribe
 .text.time     0x0000000000002350        0xc /home/yunshan/pebble-dev/PebbleSDK-2.8/Pebble/lib/libpebble.a(tmpuEcOBApebble.o)
                0x0000000000002350                time
 .text.vibes_double_pulse
                0x000000000000235c        0xc /home/yunshan/pebble-dev/PebbleSDK-2.8/Pebble/lib/libpebble.a(tmpuEcOBApebble.o)
                0x000000000000235c                vibes_double_pulse
 .text.vibes_short_pulse
                0x0000000000002368        0xc /home/yunshan/pebble-dev/PebbleSDK-2.8/Pebble/lib/libpebble.a(tmpuEcOBApebble.o)
                0x0000000000002368                vibes_short_pulse
 .text.window_create
                0x0000000000002374        0xc /home/yunshan/pebble-dev/PebbleSDK-2.8/Pebble/lib/libpebble.a(tmpuEcOBApebble.o)
                0x0000000000002374                window_create
 .text.window_destroy
                0x0000000000002380        0xc /home/yunshan/pebble-dev/PebbleSDK-2.8/Pebble/lib/libpebble.a(tmpuEcOBApebble.o)
                0x0000000000002380                window_destroy
 .text.window_get_root_layer
                0x000000000000238c        0xc /home/yunshan/pebble-dev/PebbleSDK-2.8/Pebble/lib/libpebble.a(tmpuEcOBApebble.o)
                0x000000000000238c                window_get_root_layer
 .text.window_set_click_config_provider
                0x0000000000002398        0xc /home/yunshan/pebble-dev/PebbleSDK-2.8/Pebble/lib/libpebble.a(tmpuEcOBApebble.o)
                0x0000000000002398                window_set_click_config_provider
 .text.window_set_fullscreen
                0x00000000000023a4        0xc /home/yunshan/pebble-dev/PebbleSDK-2.8/Pebble/lib/libpebble.a(tmpuEcOBApebble.o)
                0x00000000000023a4                window_set_fullscreen
 .text.window_set_window_handlers
                0x00000000000023b0        0xc /home/yunshan/pebble-dev/PebbleSDK-2.8/Pebble/lib/libpebble.a(tmpuEcOBApebble.o)
                0x00000000000023b0                window_set_window_handlers
 .text.window_stack_contains_window
                0x00000000000023bc        0xc /home/yunshan/pebble-dev/PebbleSDK-2.8/Pebble/lib/libpebble.a(tmpuEcOBApebble.o)
                0x00000000000023bc                window_stack_contains_window
 .text.window_stack_get_top_window
                0x00000000000023c8        0xc /home/yunshan/pebble-dev/PebbleSDK-2.8/Pebble/lib/libpebble.a(tmpuEcOBApebble.o)
                0x00000000000023c8                window_stack_get_top_window
 .text.window_stack_pop_all
                0x00000000000023d4        0xc /home/yunshan/pebble-dev/PebbleSDK-2.8/Pebble/lib/libpebble.a(tmpuEcOBApebble.o)
                0x00000000000023d4                window_stack_pop_all
 .text.window_stack_push
                0x00000000000023e0        0xc /home/yunshan/pebble-dev/PebbleSDK-2.8/Pebble/lib/libpebble.a(tmpuEcOBApebble.o)
                0x00000000000023e0                window_stack_push
 .text.window_stack_remove
                0x00000000000023ec        0xc /home/yunshan/pebble-dev/PebbleSDK-2.8/Pebble/lib/libpebble.a(tmpuEcOBApebble.o)
                0x00000000000023ec                window_stack_remove
 .text.app_message_inbox_size_maximum
                0x00000000000023f8        0xc /home/yunshan/pebble-dev/PebbleSDK-2.8/Pebble/lib/libpebble.a(tmpuEcOBApebble.o)
                0x00000000000023f8                app_message_inbox_size_maximum
 .text.app_message_outbox_begin
                0x0000000000002404        0xc /home/yunshan/pebble-dev/PebbleSDK-2.8/Pebble/lib/libpebble.a(tmpuEcOBApebble.o)
                0x0000000000002404                app_message_outbox_begin
 .text.app_message_outbox_send
                0x0000000000002410        0xc /home/yunshan/pebble-dev/PebbleSDK-2.8/Pebble/lib/libpebble.a(tmpuEcOBApebble.o)
                0x0000000000002410                app_message_outbox_send
 .text.app_message_register_inbox_dropped
                0x000000000000241c        0xc /home/yunshan/pebble-dev/PebbleSDK-2.8/Pebble/lib/libpebble.a(tmpuEcOBApebble.o)
                0x000000000000241c                app_message_register_inbox_dropped
 .text.app_message_register_inbox_received
                0x0000000000002428        0xc /home/yunshan/pebble-dev/PebbleSDK-2.8/Pebble/lib/libpebble.a(tmpuEcOBApebble.o)
                0x0000000000002428                app_message_register_inbox_received
 .text.app_message_register_outbox_failed
                0x0000000000002434        0xc /home/yunshan/pebble-dev/PebbleSDK-2.8/Pebble/lib/libpebble.a(tmpuEcOBApebble.o)
                0x0000000000002434                app_message_register_outbox_failed
 .text.app_message_register_outbox_sent
                0x0000000000002440        0xc /home/yunshan/pebble-dev/PebbleSDK-2.8/Pebble/lib/libpebble.a(tmpuEcOBApebble.o)
                0x0000000000002440                app_message_register_outbox_sent
 .text.window_long_click_subscribe
                0x000000000000244c        0xc /home/yunshan/pebble-dev/PebbleSDK-2.8/Pebble/lib/libpebble.a(tmpuEcOBApebble.o)
                0x000000000000244c                window_long_click_subscribe
 .text.window_single_click_subscribe
                0x0000000000002458        0xc /home/yunshan/pebble-dev/PebbleSDK-2.8/Pebble/lib/libpebble.a(tmpuEcOBApebble.o)
                0x0000000000002458                window_single_click_subscribe
 .text.graphics_draw_text
                0x0000000000002464        0xc /home/yunshan/pebble-dev/PebbleSDK-2.8/Pebble/lib/libpebble.a(tmpuEcOBApebble.o)
                0x0000000000002464                graphics_draw_text
 .text.menu_layer_set_callbacks
                0x0000000000002470        0xc /home/yunshan/pebble-dev/PebbleSDK-2.8/Pebble/lib/libpebble.a(tmpuEcOBApebble.o)
                0x0000000000002470                menu_layer_set_callbacks
 .text.gbitmap_create_blank
                0x000000000000247c        0xc /home/yunshan/pebble-dev/PebbleSDK-2.8/Pebble/lib/libpebble.a(tmpuEcOBApebble.o)
                0x000000000000247c                gbitmap_create_blank
 .text.launch_reason
                0x0000000000002488        0xc /home/yunshan/pebble-dev/PebbleSDK-2.8/Pebble/lib/libpebble.a(tmpuEcOBApebble.o)
                0x0000000000002488                launch_reason
 *(.rodata)
 .rodata        0x0000000000002494       0x18 src/Call_View.c.24.o
 .rodata        0x00000000000024ac        0x8 src/Msg_Info.c.24.o
 .rodata        0x00000000000024b4        0x8 src/Notify_View.c.24.o
 .rodata        0x00000000000024bc       0x18 src/Peb_Messenger_Pro.c.24.o
 *(.rodata*)
 .rodata.str1.1
                0x00000000000024d4      0x11a src/Call_View.c.24.o
 .rodata.str1.1
                0x00000000000025ee       0x1b src/Msg_Info.c.24.o
                                         0x36 (size before relaxing)
 .rodata.str1.1
                0x0000000000002609       0x53 src/Notify_View.c.24.o
 .rodata.str1.1
                0x000000000000265c      0x24c src/Peb_Messenger_Pro.c.24.o
                                        0x262 (size before relaxing)

.glue_7         0x00000000000028a8        0x0
 .glue_7        0x0000000000000000        0x0 linker stubs

.glue_7t        0x00000000000028a8        0x0
 .glue_7t       0x0000000000000000        0x0 linker stubs

.vfp11_veneer   0x00000000000028a8        0x0
 .vfp11_veneer  0x0000000000000000        0x0 linker stubs

.v4_bx          0x00000000000028a8        0x0
 .v4_bx         0x0000000000000000        0x0 linker stubs

.iplt           0x00000000000028a8        0x0
 .iplt          0x0000000000000000        0x0 /home/yunshan/pebble-dev/PebbleSDK-2.8/arm-cs-tools/bin/../lib/gcc/arm-none-eabi/4.7.2/thumb2/crtbegin.o

.rel.dyn        0x00000000000028a8        0x0
 .rel.iplt      0x0000000000000000        0x0 /home/yunshan/pebble-dev/PebbleSDK-2.8/arm-cs-tools/bin/../lib/gcc/arm-none-eabi/4.7.2/thumb2/crtbegin.o
 .rel.got       0x0000000000000000        0x0 /home/yunshan/pebble-dev/PebbleSDK-2.8/arm-cs-tools/bin/../lib/gcc/arm-none-eabi/4.7.2/thumb2/crtbegin.o

.data           0x00000000000028a8       0x10
 *(.data)
 .data          0x00000000000028a8        0x0 /home/yunshan/pebble-dev/PebbleSDK-2.8/arm-cs-tools/bin/../lib/gcc/arm-none-eabi/4.7.2/thumb2/crti.o
 .data          0x00000000000028a8        0x4 /home/yunshan/pebble-dev/PebbleSDK-2.8/arm-cs-tools/bin/../lib/gcc/arm-none-eabi/4.7.2/thumb2/crtbegin.o
                0x00000000000028a8                __dso_handle
 .data          0x00000000000028ac        0x0 src/Call_View.c.24.o
 .data          0x00000000000028ac        0x0 src/Draw_Bitmap.c.24.o
 .data          0x00000000000028ac        0x0 src/List_View.c.24.o
 .data          0x00000000000028ac        0x0 src/Msg_Info.c.24.o
 .data          0x00000000000028ac        0x0 src/Notify_View.c.24.o
 .data          0x00000000000028ac        0xc src/Peb_Messenger_Pro.c.24.o
 .data          0x00000000000028b8        0x0 src/Table.c.24.o
 .data          0x00000000000028b8        0x0 appinfo.auto.c.24.o
 .data          0x00000000000028b8        0x0 /home/yunshan/pebble-dev/PebbleSDK-2.8/Pebble/lib/libpebble.a(tmpuEcOBApebble.o)
 .data          0x00000000000028b8        0x0 /home/yunshan/pebble-dev/PebbleSDK-2.8/arm-cs-tools/bin/../lib/gcc/arm-none-eabi/4.7.2/thumb2/crtend.o
 .data          0x00000000000028b8        0x0 /home/yunshan/pebble-dev/PebbleSDK-2.8/arm-cs-tools/bin/../lib/gcc/arm-none-eabi/4.7.2/thumb2/crtn.o
 *(.data.*)

.igot.plt       0x00000000000028b8        0x0
 .igot.plt      0x0000000000000000        0x0 /home/yunshan/pebble-dev/PebbleSDK-2.8/arm-cs-tools/bin/../lib/gcc/arm-none-eabi/4.7.2/thumb2/crtbegin.o

.got            0x00000000000028b8       0x18
 .got           0x00000000000028b8       0x18 /home/yunshan/pebble-dev/PebbleSDK-2.8/arm-cs-tools/bin/../lib/gcc/arm-none-eabi/4.7.2/thumb2/crtbegin.o

.got.plt        0x00000000000028d0        0xc
 .got.plt       0x00000000000028d0        0xc /home/yunshan/pebble-dev/PebbleSDK-2.8/arm-cs-tools/bin/../lib/gcc/arm-none-eabi/4.7.2/thumb2/crtbegin.o
                0x00000000000028d0                _GLOBAL_OFFSET_TABLE_

.bss            0x00000000000028dc      0x148
 *(.bss)
 *(.bss.*)
 .bss.backGround
                0x00000000000028dc        0x4 src/Call_View.c.24.o
 .bss.callview  0x00000000000028e0       0x48 src/Call_View.c.24.o
 .bss.msgview   0x0000000000002928        0xc src/Msg_Info.c.24.o
 .bss.notifyview
                0x0000000000002934       0x48 src/Notify_View.c.24.o
 .bss.window_bounds
                0x000000000000297c        0x8 src/Peb_Messenger_Pro.c.24.o
 .bss.window_layer
                0x0000000000002984        0x4 src/Peb_Messenger_Pro.c.24.o
 .bss.version   0x0000000000002988        0xa src/Peb_Messenger_Pro.c.24.o
 *fill*         0x0000000000002992        0x2 
 .bss.title_layer
                0x0000000000002994        0x4 src/Peb_Messenger_Pro.c.24.o
 .bss.is_self_close
                0x0000000000002998        0x1 src/Peb_Messenger_Pro.c.24.o
 *fill*         0x0000000000002999        0x3 
 .bss.main_section
                0x000000000000299c        0xc src/Peb_Messenger_Pro.c.24.o
 .bss.clock_buff
                0x00000000000029a8        0x6 src/Peb_Messenger_Pro.c.24.o
 .bss.is_white_background
                0x00000000000029ae        0x1 src/Peb_Messenger_Pro.c.24.o
 *fill*         0x00000000000029af        0x1 
 .bss.main_menu
                0x00000000000029b0        0x4 src/Peb_Messenger_Pro.c.24.o
 .bss.window    0x00000000000029b4        0x4 src/Peb_Messenger_Pro.c.24.o
 COMMON         0x00000000000029b8       0x28 src/List_View.c.24.o
                0x00000000000029b8                listview
 COMMON         0x00000000000029e0       0x44 src/Peb_Messenger_Pro.c.24.o
                0x00000000000029e0                progressbar
                0x00000000000029f4                firstview
                0x0000000000002a00                main_buttons
                0x0000000000002a20                firstrun_timer

DISCARD
 libc.a(*)
 libm.a(*)
 libgcc.a(*)
 *(.eh_frame)
OUTPUT(/home/yunshan/Pebble_Project/Peb_Messenger_Pro/build/pebble-app.elf elf32-littlearm)

.ARM.attributes
                0x0000000000000000       0x27
 .ARM.attributes
                0x0000000000000000       0x19 /home/yunshan/pebble-dev/PebbleSDK-2.8/arm-cs-tools/bin/../lib/gcc/arm-none-eabi/4.7.2/thumb2/crti.o
 .ARM.attributes
                0x0000000000000019       0x29 /home/yunshan/pebble-dev/PebbleSDK-2.8/arm-cs-tools/bin/../lib/gcc/arm-none-eabi/4.7.2/thumb2/crtbegin.o
 .ARM.attributes
                0x0000000000000042       0x33 src/Call_View.c.24.o
 .ARM.attributes
                0x0000000000000075       0x33 src/Draw_Bitmap.c.24.o
 .ARM.attributes
                0x00000000000000a8       0x33 src/List_View.c.24.o
 .ARM.attributes
                0x00000000000000db       0x33 src/Msg_Info.c.24.o
 .ARM.attributes
                0x000000000000010e       0x33 src/Notify_View.c.24.o
 .ARM.attributes
                0x0000000000000141       0x33 src/Peb_Messenger_Pro.c.24.o
 .ARM.attributes
                0x0000000000000174       0x33 src/Table.c.24.o
 .ARM.attributes
                0x00000000000001a7       0x33 appinfo.auto.c.24.o
 .ARM.attributes
                0x00000000000001da       0x21 /home/yunshan/pebble-dev/PebbleSDK-2.8/Pebble/lib/libpebble.a(tmpuEcOBApebble.o)
 .ARM.attributes
                0x00000000000001fb       0x29 /home/yunshan/pebble-dev/PebbleSDK-2.8/arm-cs-tools/bin/../lib/gcc/arm-none-eabi/4.7.2/thumb2/crtend.o
 .ARM.attributes
                0x0000000000000224       0x19 /home/yunshan/pebble-dev/PebbleSDK-2.8/arm-cs-tools/bin/../lib/gcc/arm-none-eabi/4.7.2/thumb2/crtn.o

.comment        0x0000000000000000       0x4e
 .comment       0x0000000000000000       0x4e /home/yunshan/pebble-dev/PebbleSDK-2.8/arm-cs-tools/bin/../lib/gcc/arm-none-eabi/4.7.2/thumb2/crtbegin.o
                                         0x4f (size before relaxing)
 .comment       0x0000000000000000       0x4f src/Call_View.c.24.o
 .comment       0x0000000000000000       0x4f src/Draw_Bitmap.c.24.o
 .comment       0x0000000000000000       0x4f src/List_View.c.24.o
 .comment       0x0000000000000000       0x4f src/Msg_Info.c.24.o
 .comment       0x0000000000000000       0x4f src/Notify_View.c.24.o
 .comment       0x0000000000000000       0x4f src/Peb_Messenger_Pro.c.24.o
 .comment       0x0000000000000000       0x4f src/Table.c.24.o
 .comment       0x0000000000000000       0x4f appinfo.auto.c.24.o
 .comment       0x0000000000000000       0x4f /home/yunshan/pebble-dev/PebbleSDK-2.8/arm-cs-tools/bin/../lib/gcc/arm-none-eabi/4.7.2/thumb2/crtend.o

.debug_info     0x0000000000000000     0x78de
 .debug_info    0x0000000000000000     0x1af9 src/Call_View.c.24.o
 .debug_info    0x0000000000001af9      0x4ee src/Draw_Bitmap.c.24.o
 .debug_info    0x0000000000001fe7      0xee6 src/List_View.c.24.o
 .debug_info    0x0000000000002ecd      0x58e src/Msg_Info.c.24.o
 .debug_info    0x000000000000345b     0x1771 src/Notify_View.c.24.o
 .debug_info    0x0000000000004bcc     0x25dd src/Peb_Messenger_Pro.c.24.o
 .debug_info    0x00000000000071a9      0x3cd src/Table.c.24.o
 .debug_info    0x0000000000007576      0x368 appinfo.auto.c.24.o

.debug_abbrev   0x0000000000000000     0x1671
 .debug_abbrev  0x0000000000000000      0x3ab src/Call_View.c.24.o
 .debug_abbrev  0x00000000000003ab      0x1c5 src/Draw_Bitmap.c.24.o
 .debug_abbrev  0x0000000000000570      0x3a0 src/List_View.c.24.o
 .debug_abbrev  0x0000000000000910      0x1bb src/Msg_Info.c.24.o
 .debug_abbrev  0x0000000000000acb      0x3e4 src/Notify_View.c.24.o
 .debug_abbrev  0x0000000000000eaf      0x59d src/Peb_Messenger_Pro.c.24.o
 .debug_abbrev  0x000000000000144c      0x187 src/Table.c.24.o
 .debug_abbrev  0x00000000000015d3       0x9e appinfo.auto.c.24.o

.debug_loc      0x0000000000000000     0x242a
 .debug_loc     0x0000000000000000      0x6cb src/Call_View.c.24.o
 .debug_loc     0x00000000000006cb      0x52a src/Draw_Bitmap.c.24.o
 .debug_loc     0x0000000000000bf5      0x3a1 src/List_View.c.24.o
 .debug_loc     0x0000000000000f96       0xfe src/Msg_Info.c.24.o
 .debug_loc     0x0000000000001094      0x5d1 src/Notify_View.c.24.o
 .debug_loc     0x0000000000001665      0xb26 src/Peb_Messenger_Pro.c.24.o
 .debug_loc     0x000000000000218b      0x29f src/Table.c.24.o

.debug_aranges  0x0000000000000000      0x320
 .debug_aranges
                0x0000000000000000       0x98 src/Call_View.c.24.o
 .debug_aranges
                0x0000000000000098       0x30 src/Draw_Bitmap.c.24.o
 .debug_aranges
                0x00000000000000c8       0x58 src/List_View.c.24.o
 .debug_aranges
                0x0000000000000120       0x28 src/Msg_Info.c.24.o
 .debug_aranges
                0x0000000000000148       0x90 src/Notify_View.c.24.o
 .debug_aranges
                0x00000000000001d8       0xc0 src/Peb_Messenger_Pro.c.24.o
 .debug_aranges
                0x0000000000000298       0x70 src/Table.c.24.o
 .debug_aranges
                0x0000000000000308       0x18 appinfo.auto.c.24.o

.debug_ranges   0x0000000000000000      0x550
 .debug_ranges  0x0000000000000000      0x148 src/Call_View.c.24.o
 .debug_ranges  0x0000000000000148      0x148 src/Draw_Bitmap.c.24.o
 .debug_ranges  0x0000000000000290       0x78 src/List_View.c.24.o
 .debug_ranges  0x0000000000000308       0x18 src/Msg_Info.c.24.o
 .debug_ranges  0x0000000000000320       0x98 src/Notify_View.c.24.o
 .debug_ranges  0x00000000000003b8      0x138 src/Peb_Messenger_Pro.c.24.o
 .debug_ranges  0x00000000000004f0       0x60 src/Table.c.24.o

.debug_line     0x0000000000000000     0x18c0
 .debug_line    0x0000000000000000      0x489 src/Call_View.c.24.o
 .debug_line    0x0000000000000489      0x243 src/Draw_Bitmap.c.24.o
 .debug_line    0x00000000000006cc      0x2f5 src/List_View.c.24.o
 .debug_line    0x00000000000009c1      0x144 src/Msg_Info.c.24.o
 .debug_line    0x0000000000000b05      0x3f0 src/Notify_View.c.24.o
 .debug_line    0x0000000000000ef5      0x681 src/Peb_Messenger_Pro.c.24.o
 .debug_line    0x0000000000001576      0x22c src/Table.c.24.o
 .debug_line    0x00000000000017a2      0x11e appinfo.auto.c.24.o

.debug_str      0x0000000000000000     0x1ffb
 .debug_str     0x0000000000000000      0xecc src/Call_View.c.24.o
                                        0xfae (size before relaxing)
 .debug_str     0x0000000000000ecc       0xc1 src/Draw_Bitmap.c.24.o
                                        0x271 (size before relaxing)
 .debug_str     0x0000000000000f8d      0x442 src/List_View.c.24.o
                                        0x956 (size before relaxing)
 .debug_str     0x00000000000013cf       0x76 src/Msg_Info.c.24.o
                                        0x349 (size before relaxing)
 .debug_str     0x0000000000001445      0x351 src/Notify_View.c.24.o
                                        0xf46 (size before relaxing)
 .debug_str     0x0000000000001796      0x6a9 src/Peb_Messenger_Pro.c.24.o
                                       0x1310 (size before relaxing)
 .debug_str     0x0000000000001e3f       0x71 src/Table.c.24.o
                                        0x1ea (size before relaxing)
 .debug_str     0x0000000000001eb0      0x14b appinfo.auto.c.24.o
                                        0x44f (size before relaxing)

.debug_frame    0x0000000000000000      0x7f0
 .debug_frame   0x0000000000000000      0x1bc src/Call_View.c.24.o
 .debug_frame   0x00000000000001bc       0x70 src/Draw_Bitmap.c.24.o
 .debug_frame   0x000000000000022c       0xe0 src/List_View.c.24.o
 .debug_frame   0x000000000000030c       0x4c src/Msg_Info.c.24.o
 .debug_frame   0x0000000000000358      0x194 src/Notify_View.c.24.o
 .debug_frame   0x00000000000004ec      0x234 src/Peb_Messenger_Pro.c.24.o
 .debug_frame   0x0000000000000720       0xd0 src/Table.c.24.o
