Archive member included because of file (symbol)

/Users/yunshansimon/pebble-dev/PebbleSDK-2.4.1/Pebble/lib/libpebble.a(tmpO4BPkUpebble.o)
                              src/Peb_Messenger_Pro.c.20.o (app_event_loop)

Allocating common symbols
Common symbol       size              file

firstview           0xc               src/Peb_Messenger_Pro.c.20.o
notifyview          0x38              src/Notify_View.c.20.o
msgview             0x54              src/Peb_Messenger_Pro.c.20.o
main_buttons        0x40              src/Peb_Messenger_Pro.c.20.o
firstrun_timer      0x4               src/Peb_Messenger_Pro.c.20.o
indicatorview       0x18              src/Peb_Messenger_Pro.c.20.o
sub_menu            0x4               src/Peb_Messenger_Pro.c.20.o

Discarded input sections

 .text          0x0000000000000000        0x0 /Users/yunshansimon/pebble-dev/PebbleSDK-2.4.1/arm-cs-tools/bin/../lib/gcc/arm-none-eabi/4.7.2/thumb2/crti.o
 .bss           0x0000000000000000        0x0 /Users/yunshansimon/pebble-dev/PebbleSDK-2.4.1/arm-cs-tools/bin/../lib/gcc/arm-none-eabi/4.7.2/thumb2/crti.o
 .init          0x0000000000000000        0x4 /Users/yunshansimon/pebble-dev/PebbleSDK-2.4.1/arm-cs-tools/bin/../lib/gcc/arm-none-eabi/4.7.2/thumb2/crti.o
 .fini          0x0000000000000000        0x4 /Users/yunshansimon/pebble-dev/PebbleSDK-2.4.1/arm-cs-tools/bin/../lib/gcc/arm-none-eabi/4.7.2/thumb2/crti.o
 .text          0x0000000000000000       0xc8 /Users/yunshansimon/pebble-dev/PebbleSDK-2.4.1/arm-cs-tools/bin/../lib/gcc/arm-none-eabi/4.7.2/thumb2/crtbegin.o
 .bss           0x0000000000000000       0x1c /Users/yunshansimon/pebble-dev/PebbleSDK-2.4.1/arm-cs-tools/bin/../lib/gcc/arm-none-eabi/4.7.2/thumb2/crtbegin.o
 .init_array    0x0000000000000000        0x4 /Users/yunshansimon/pebble-dev/PebbleSDK-2.4.1/arm-cs-tools/bin/../lib/gcc/arm-none-eabi/4.7.2/thumb2/crtbegin.o
 .fini_array    0x0000000000000000        0x4 /Users/yunshansimon/pebble-dev/PebbleSDK-2.4.1/arm-cs-tools/bin/../lib/gcc/arm-none-eabi/4.7.2/thumb2/crtbegin.o
 .eh_frame      0x0000000000000000        0x0 /Users/yunshansimon/pebble-dev/PebbleSDK-2.4.1/arm-cs-tools/bin/../lib/gcc/arm-none-eabi/4.7.2/thumb2/crtbegin.o
 .jcr           0x0000000000000000        0x0 /Users/yunshansimon/pebble-dev/PebbleSDK-2.4.1/arm-cs-tools/bin/../lib/gcc/arm-none-eabi/4.7.2/thumb2/crtbegin.o
 .tm_clone_table
                0x0000000000000000        0x0 /Users/yunshansimon/pebble-dev/PebbleSDK-2.4.1/arm-cs-tools/bin/../lib/gcc/arm-none-eabi/4.7.2/thumb2/crtbegin.o
 .text          0x0000000000000000        0x0 src/Draw_Bitmap.c.20.o
 .bss           0x0000000000000000        0x0 src/Draw_Bitmap.c.20.o
 .text          0x0000000000000000        0x0 src/Notify_View.c.20.o
 .bss           0x0000000000000000        0x0 src/Notify_View.c.20.o
 .text.destory_notifyview
                0x0000000000000000       0x60 src/Notify_View.c.20.o
 .text          0x0000000000000000        0x0 src/Peb_Messenger_Pro.c.20.o
 .bss           0x0000000000000000        0x0 src/Peb_Messenger_Pro.c.20.o
 .text          0x0000000000000000        0x0 appinfo.auto.c.20.o
 .bss           0x0000000000000000        0x0 appinfo.auto.c.20.o
 .bss           0x0000000000000000        0x0 /Users/yunshansimon/pebble-dev/PebbleSDK-2.4.1/Pebble/lib/libpebble.a(tmpO4BPkUpebble.o)
 .text.accel_data_service_subscribe__deprecated
                0x0000000000000000        0xc /Users/yunshansimon/pebble-dev/PebbleSDK-2.4.1/Pebble/lib/libpebble.a(tmpO4BPkUpebble.o)
 .text.accel_data_service_unsubscribe
                0x0000000000000000        0xc /Users/yunshansimon/pebble-dev/PebbleSDK-2.4.1/Pebble/lib/libpebble.a(tmpO4BPkUpebble.o)
 .text.accel_service_peek
                0x0000000000000000        0xc /Users/yunshansimon/pebble-dev/PebbleSDK-2.4.1/Pebble/lib/libpebble.a(tmpO4BPkUpebble.o)
 .text.accel_service_set_samples_per_update
                0x0000000000000000        0xc /Users/yunshansimon/pebble-dev/PebbleSDK-2.4.1/Pebble/lib/libpebble.a(tmpO4BPkUpebble.o)
 .text.accel_service_set_sampling_rate
                0x0000000000000000        0xc /Users/yunshansimon/pebble-dev/PebbleSDK-2.4.1/Pebble/lib/libpebble.a(tmpO4BPkUpebble.o)
 .text.accel_tap_service_subscribe
                0x0000000000000000        0xc /Users/yunshansimon/pebble-dev/PebbleSDK-2.4.1/Pebble/lib/libpebble.a(tmpO4BPkUpebble.o)
 .text.accel_tap_service_unsubscribe
                0x0000000000000000        0xc /Users/yunshansimon/pebble-dev/PebbleSDK-2.4.1/Pebble/lib/libpebble.a(tmpO4BPkUpebble.o)
 .text.action_bar_layer_add_to_window
                0x0000000000000000        0xc /Users/yunshansimon/pebble-dev/PebbleSDK-2.4.1/Pebble/lib/libpebble.a(tmpO4BPkUpebble.o)
 .text.action_bar_layer_clear_icon
                0x0000000000000000        0xc /Users/yunshansimon/pebble-dev/PebbleSDK-2.4.1/Pebble/lib/libpebble.a(tmpO4BPkUpebble.o)
 .text.action_bar_layer_create
                0x0000000000000000        0xc /Users/yunshansimon/pebble-dev/PebbleSDK-2.4.1/Pebble/lib/libpebble.a(tmpO4BPkUpebble.o)
 .text.action_bar_layer_destroy
                0x0000000000000000        0xc /Users/yunshansimon/pebble-dev/PebbleSDK-2.4.1/Pebble/lib/libpebble.a(tmpO4BPkUpebble.o)
 .text.action_bar_layer_get_layer
                0x0000000000000000        0xc /Users/yunshansimon/pebble-dev/PebbleSDK-2.4.1/Pebble/lib/libpebble.a(tmpO4BPkUpebble.o)
 .text.action_bar_layer_remove_from_window
                0x0000000000000000        0xc /Users/yunshansimon/pebble-dev/PebbleSDK-2.4.1/Pebble/lib/libpebble.a(tmpO4BPkUpebble.o)
 .text.action_bar_layer_set_background_color
                0x0000000000000000        0xc /Users/yunshansimon/pebble-dev/PebbleSDK-2.4.1/Pebble/lib/libpebble.a(tmpO4BPkUpebble.o)
 .text.action_bar_layer_set_click_config_provider
                0x0000000000000000        0xc /Users/yunshansimon/pebble-dev/PebbleSDK-2.4.1/Pebble/lib/libpebble.a(tmpO4BPkUpebble.o)
 .text.action_bar_layer_set_context
                0x0000000000000000        0xc /Users/yunshansimon/pebble-dev/PebbleSDK-2.4.1/Pebble/lib/libpebble.a(tmpO4BPkUpebble.o)
 .text.action_bar_layer_set_icon
                0x0000000000000000        0xc /Users/yunshansimon/pebble-dev/PebbleSDK-2.4.1/Pebble/lib/libpebble.a(tmpO4BPkUpebble.o)
 .text.animation_create
                0x0000000000000000        0xc /Users/yunshansimon/pebble-dev/PebbleSDK-2.4.1/Pebble/lib/libpebble.a(tmpO4BPkUpebble.o)
 .text.animation_destroy
                0x0000000000000000        0xc /Users/yunshansimon/pebble-dev/PebbleSDK-2.4.1/Pebble/lib/libpebble.a(tmpO4BPkUpebble.o)
 .text.animation_get_context
                0x0000000000000000        0xc /Users/yunshansimon/pebble-dev/PebbleSDK-2.4.1/Pebble/lib/libpebble.a(tmpO4BPkUpebble.o)
 .text.animation_is_scheduled
                0x0000000000000000        0xc /Users/yunshansimon/pebble-dev/PebbleSDK-2.4.1/Pebble/lib/libpebble.a(tmpO4BPkUpebble.o)
 .text.animation_schedule
                0x0000000000000000        0xc /Users/yunshansimon/pebble-dev/PebbleSDK-2.4.1/Pebble/lib/libpebble.a(tmpO4BPkUpebble.o)
 .text.animation_set_curve
                0x0000000000000000        0xc /Users/yunshansimon/pebble-dev/PebbleSDK-2.4.1/Pebble/lib/libpebble.a(tmpO4BPkUpebble.o)
 .text.animation_set_delay
                0x0000000000000000        0xc /Users/yunshansimon/pebble-dev/PebbleSDK-2.4.1/Pebble/lib/libpebble.a(tmpO4BPkUpebble.o)
 .text.animation_set_duration
                0x0000000000000000        0xc /Users/yunshansimon/pebble-dev/PebbleSDK-2.4.1/Pebble/lib/libpebble.a(tmpO4BPkUpebble.o)
 .text.animation_set_handlers
                0x0000000000000000        0xc /Users/yunshansimon/pebble-dev/PebbleSDK-2.4.1/Pebble/lib/libpebble.a(tmpO4BPkUpebble.o)
 .text.animation_set_implementation
                0x0000000000000000        0xc /Users/yunshansimon/pebble-dev/PebbleSDK-2.4.1/Pebble/lib/libpebble.a(tmpO4BPkUpebble.o)
 .text.animation_unschedule
                0x0000000000000000        0xc /Users/yunshansimon/pebble-dev/PebbleSDK-2.4.1/Pebble/lib/libpebble.a(tmpO4BPkUpebble.o)
 .text.animation_unschedule_all
                0x0000000000000000        0xc /Users/yunshansimon/pebble-dev/PebbleSDK-2.4.1/Pebble/lib/libpebble.a(tmpO4BPkUpebble.o)
 .text.app_comm_get_sniff_interval
                0x0000000000000000        0xc /Users/yunshansimon/pebble-dev/PebbleSDK-2.4.1/Pebble/lib/libpebble.a(tmpO4BPkUpebble.o)
 .text.app_comm_set_sniff_interval
                0x0000000000000000        0xc /Users/yunshansimon/pebble-dev/PebbleSDK-2.4.1/Pebble/lib/libpebble.a(tmpO4BPkUpebble.o)
 .text.app_sync_deinit
                0x0000000000000000        0xc /Users/yunshansimon/pebble-dev/PebbleSDK-2.4.1/Pebble/lib/libpebble.a(tmpO4BPkUpebble.o)
 .text.app_sync_get
                0x0000000000000000        0xc /Users/yunshansimon/pebble-dev/PebbleSDK-2.4.1/Pebble/lib/libpebble.a(tmpO4BPkUpebble.o)
 .text.app_sync_init
                0x0000000000000000        0xc /Users/yunshansimon/pebble-dev/PebbleSDK-2.4.1/Pebble/lib/libpebble.a(tmpO4BPkUpebble.o)
 .text.app_sync_set
                0x0000000000000000        0xc /Users/yunshansimon/pebble-dev/PebbleSDK-2.4.1/Pebble/lib/libpebble.a(tmpO4BPkUpebble.o)
 .text.app_timer_reschedule
                0x0000000000000000        0xc /Users/yunshansimon/pebble-dev/PebbleSDK-2.4.1/Pebble/lib/libpebble.a(tmpO4BPkUpebble.o)
 .text.atan2_lookup
                0x0000000000000000        0xc /Users/yunshansimon/pebble-dev/PebbleSDK-2.4.1/Pebble/lib/libpebble.a(tmpO4BPkUpebble.o)
 .text.atoi     0x0000000000000000        0xc /Users/yunshansimon/pebble-dev/PebbleSDK-2.4.1/Pebble/lib/libpebble.a(tmpO4BPkUpebble.o)
 .text.atol     0x0000000000000000        0xc /Users/yunshansimon/pebble-dev/PebbleSDK-2.4.1/Pebble/lib/libpebble.a(tmpO4BPkUpebble.o)
 .text.battery_state_service_peek
                0x0000000000000000        0xc /Users/yunshansimon/pebble-dev/PebbleSDK-2.4.1/Pebble/lib/libpebble.a(tmpO4BPkUpebble.o)
 .text.battery_state_service_subscribe
                0x0000000000000000        0xc /Users/yunshansimon/pebble-dev/PebbleSDK-2.4.1/Pebble/lib/libpebble.a(tmpO4BPkUpebble.o)
 .text.battery_state_service_unsubscribe
                0x0000000000000000        0xc /Users/yunshansimon/pebble-dev/PebbleSDK-2.4.1/Pebble/lib/libpebble.a(tmpO4BPkUpebble.o)
 .text.bitmap_layer_destroy
                0x0000000000000000        0xc /Users/yunshansimon/pebble-dev/PebbleSDK-2.4.1/Pebble/lib/libpebble.a(tmpO4BPkUpebble.o)
 .text.bitmap_layer_set_alignment
                0x0000000000000000        0xc /Users/yunshansimon/pebble-dev/PebbleSDK-2.4.1/Pebble/lib/libpebble.a(tmpO4BPkUpebble.o)
 .text.bitmap_layer_set_background_color
                0x0000000000000000        0xc /Users/yunshansimon/pebble-dev/PebbleSDK-2.4.1/Pebble/lib/libpebble.a(tmpO4BPkUpebble.o)
 .text.bluetooth_connection_service_peek
                0x0000000000000000        0xc /Users/yunshansimon/pebble-dev/PebbleSDK-2.4.1/Pebble/lib/libpebble.a(tmpO4BPkUpebble.o)
 .text.bluetooth_connection_service_subscribe
                0x0000000000000000        0xc /Users/yunshansimon/pebble-dev/PebbleSDK-2.4.1/Pebble/lib/libpebble.a(tmpO4BPkUpebble.o)
 .text.bluetooth_connection_service_unsubscribe
                0x0000000000000000        0xc /Users/yunshansimon/pebble-dev/PebbleSDK-2.4.1/Pebble/lib/libpebble.a(tmpO4BPkUpebble.o)
 .text.click_number_of_clicks_counted
                0x0000000000000000        0xc /Users/yunshansimon/pebble-dev/PebbleSDK-2.4.1/Pebble/lib/libpebble.a(tmpO4BPkUpebble.o)
 .text.click_recognizer_get_button_id
                0x0000000000000000        0xc /Users/yunshansimon/pebble-dev/PebbleSDK-2.4.1/Pebble/lib/libpebble.a(tmpO4BPkUpebble.o)
 .text.clock_copy_time_string
                0x0000000000000000        0xc /Users/yunshansimon/pebble-dev/PebbleSDK-2.4.1/Pebble/lib/libpebble.a(tmpO4BPkUpebble.o)
 .text.clock_is_24h_style
                0x0000000000000000        0xc /Users/yunshansimon/pebble-dev/PebbleSDK-2.4.1/Pebble/lib/libpebble.a(tmpO4BPkUpebble.o)
 .text.cos_lookup
                0x0000000000000000        0xc /Users/yunshansimon/pebble-dev/PebbleSDK-2.4.1/Pebble/lib/libpebble.a(tmpO4BPkUpebble.o)
 .text.data_logging_create
                0x0000000000000000        0xc /Users/yunshansimon/pebble-dev/PebbleSDK-2.4.1/Pebble/lib/libpebble.a(tmpO4BPkUpebble.o)
 .text.data_logging_finish
                0x0000000000000000        0xc /Users/yunshansimon/pebble-dev/PebbleSDK-2.4.1/Pebble/lib/libpebble.a(tmpO4BPkUpebble.o)
 .text.data_logging_log
                0x0000000000000000        0xc /Users/yunshansimon/pebble-dev/PebbleSDK-2.4.1/Pebble/lib/libpebble.a(tmpO4BPkUpebble.o)
 .text.dict_calc_buffer_size
                0x0000000000000000        0xc /Users/yunshansimon/pebble-dev/PebbleSDK-2.4.1/Pebble/lib/libpebble.a(tmpO4BPkUpebble.o)
 .text.dict_calc_buffer_size_from_tuplets
                0x0000000000000000        0xc /Users/yunshansimon/pebble-dev/PebbleSDK-2.4.1/Pebble/lib/libpebble.a(tmpO4BPkUpebble.o)
 .text.dict_find
                0x0000000000000000        0xc /Users/yunshansimon/pebble-dev/PebbleSDK-2.4.1/Pebble/lib/libpebble.a(tmpO4BPkUpebble.o)
 .text.dict_merge
                0x0000000000000000        0xc /Users/yunshansimon/pebble-dev/PebbleSDK-2.4.1/Pebble/lib/libpebble.a(tmpO4BPkUpebble.o)
 .text.dict_read_begin_from_buffer
                0x0000000000000000        0xc /Users/yunshansimon/pebble-dev/PebbleSDK-2.4.1/Pebble/lib/libpebble.a(tmpO4BPkUpebble.o)
 .text.dict_serialize_tuplets
                0x0000000000000000        0xc /Users/yunshansimon/pebble-dev/PebbleSDK-2.4.1/Pebble/lib/libpebble.a(tmpO4BPkUpebble.o)
 .text.dict_serialize_tuplets_to_buffer__deprecated
                0x0000000000000000        0xc /Users/yunshansimon/pebble-dev/PebbleSDK-2.4.1/Pebble/lib/libpebble.a(tmpO4BPkUpebble.o)
 .text.dict_serialize_tuplets_to_buffer_with_iter
                0x0000000000000000        0xc /Users/yunshansimon/pebble-dev/PebbleSDK-2.4.1/Pebble/lib/libpebble.a(tmpO4BPkUpebble.o)
 .text.dict_write_begin
                0x0000000000000000        0xc /Users/yunshansimon/pebble-dev/PebbleSDK-2.4.1/Pebble/lib/libpebble.a(tmpO4BPkUpebble.o)
 .text.dict_write_cstring
                0x0000000000000000        0xc /Users/yunshansimon/pebble-dev/PebbleSDK-2.4.1/Pebble/lib/libpebble.a(tmpO4BPkUpebble.o)
 .text.dict_write_data
                0x0000000000000000        0xc /Users/yunshansimon/pebble-dev/PebbleSDK-2.4.1/Pebble/lib/libpebble.a(tmpO4BPkUpebble.o)
 .text.dict_write_end
                0x0000000000000000        0xc /Users/yunshansimon/pebble-dev/PebbleSDK-2.4.1/Pebble/lib/libpebble.a(tmpO4BPkUpebble.o)
 .text.dict_write_int
                0x0000000000000000        0xc /Users/yunshansimon/pebble-dev/PebbleSDK-2.4.1/Pebble/lib/libpebble.a(tmpO4BPkUpebble.o)
 .text.dict_write_int16
                0x0000000000000000        0xc /Users/yunshansimon/pebble-dev/PebbleSDK-2.4.1/Pebble/lib/libpebble.a(tmpO4BPkUpebble.o)
 .text.dict_write_int32
                0x0000000000000000        0xc /Users/yunshansimon/pebble-dev/PebbleSDK-2.4.1/Pebble/lib/libpebble.a(tmpO4BPkUpebble.o)
 .text.dict_write_int8
                0x0000000000000000        0xc /Users/yunshansimon/pebble-dev/PebbleSDK-2.4.1/Pebble/lib/libpebble.a(tmpO4BPkUpebble.o)
 .text.dict_write_tuplet
                0x0000000000000000        0xc /Users/yunshansimon/pebble-dev/PebbleSDK-2.4.1/Pebble/lib/libpebble.a(tmpO4BPkUpebble.o)
 .text.dict_write_uint16
                0x0000000000000000        0xc /Users/yunshansimon/pebble-dev/PebbleSDK-2.4.1/Pebble/lib/libpebble.a(tmpO4BPkUpebble.o)
 .text.dict_write_uint32
                0x0000000000000000        0xc /Users/yunshansimon/pebble-dev/PebbleSDK-2.4.1/Pebble/lib/libpebble.a(tmpO4BPkUpebble.o)
 .text.fonts_unload_custom_font
                0x0000000000000000        0xc /Users/yunshansimon/pebble-dev/PebbleSDK-2.4.1/Pebble/lib/libpebble.a(tmpO4BPkUpebble.o)
 .text.gbitmap_create_as_sub_bitmap
                0x0000000000000000        0xc /Users/yunshansimon/pebble-dev/PebbleSDK-2.4.1/Pebble/lib/libpebble.a(tmpO4BPkUpebble.o)
 .text.gbitmap_create_with_data
                0x0000000000000000        0xc /Users/yunshansimon/pebble-dev/PebbleSDK-2.4.1/Pebble/lib/libpebble.a(tmpO4BPkUpebble.o)
 .text.gbitmap_destroy
                0x0000000000000000        0xc /Users/yunshansimon/pebble-dev/PebbleSDK-2.4.1/Pebble/lib/libpebble.a(tmpO4BPkUpebble.o)
 .text.gmtime   0x0000000000000000        0xc /Users/yunshansimon/pebble-dev/PebbleSDK-2.4.1/Pebble/lib/libpebble.a(tmpO4BPkUpebble.o)
 .text.gpath_create
                0x0000000000000000        0xc /Users/yunshansimon/pebble-dev/PebbleSDK-2.4.1/Pebble/lib/libpebble.a(tmpO4BPkUpebble.o)
 .text.gpath_destroy
                0x0000000000000000        0xc /Users/yunshansimon/pebble-dev/PebbleSDK-2.4.1/Pebble/lib/libpebble.a(tmpO4BPkUpebble.o)
 .text.gpath_draw_filled
                0x0000000000000000        0xc /Users/yunshansimon/pebble-dev/PebbleSDK-2.4.1/Pebble/lib/libpebble.a(tmpO4BPkUpebble.o)
 .text.gpath_draw_outline
                0x0000000000000000        0xc /Users/yunshansimon/pebble-dev/PebbleSDK-2.4.1/Pebble/lib/libpebble.a(tmpO4BPkUpebble.o)
 .text.gpath_move_to
                0x0000000000000000        0xc /Users/yunshansimon/pebble-dev/PebbleSDK-2.4.1/Pebble/lib/libpebble.a(tmpO4BPkUpebble.o)
 .text.gpath_rotate_to
                0x0000000000000000        0xc /Users/yunshansimon/pebble-dev/PebbleSDK-2.4.1/Pebble/lib/libpebble.a(tmpO4BPkUpebble.o)
 .text.gpoint_equal
                0x0000000000000000        0xc /Users/yunshansimon/pebble-dev/PebbleSDK-2.4.1/Pebble/lib/libpebble.a(tmpO4BPkUpebble.o)
 .text.graphics_context_set_compositing_mode
                0x0000000000000000        0xc /Users/yunshansimon/pebble-dev/PebbleSDK-2.4.1/Pebble/lib/libpebble.a(tmpO4BPkUpebble.o)
 .text.graphics_context_set_fill_color
                0x0000000000000000        0xc /Users/yunshansimon/pebble-dev/PebbleSDK-2.4.1/Pebble/lib/libpebble.a(tmpO4BPkUpebble.o)
 .text.graphics_context_set_stroke_color
                0x0000000000000000        0xc /Users/yunshansimon/pebble-dev/PebbleSDK-2.4.1/Pebble/lib/libpebble.a(tmpO4BPkUpebble.o)
 .text.graphics_context_set_text_color
                0x0000000000000000        0xc /Users/yunshansimon/pebble-dev/PebbleSDK-2.4.1/Pebble/lib/libpebble.a(tmpO4BPkUpebble.o)
 .text.graphics_draw_bitmap_in_rect
                0x0000000000000000        0xc /Users/yunshansimon/pebble-dev/PebbleSDK-2.4.1/Pebble/lib/libpebble.a(tmpO4BPkUpebble.o)
 .text.graphics_draw_circle
                0x0000000000000000        0xc /Users/yunshansimon/pebble-dev/PebbleSDK-2.4.1/Pebble/lib/libpebble.a(tmpO4BPkUpebble.o)
 .text.graphics_draw_line
                0x0000000000000000        0xc /Users/yunshansimon/pebble-dev/PebbleSDK-2.4.1/Pebble/lib/libpebble.a(tmpO4BPkUpebble.o)
 .text.graphics_draw_pixel
                0x0000000000000000        0xc /Users/yunshansimon/pebble-dev/PebbleSDK-2.4.1/Pebble/lib/libpebble.a(tmpO4BPkUpebble.o)
 .text.graphics_draw_rect
                0x0000000000000000        0xc /Users/yunshansimon/pebble-dev/PebbleSDK-2.4.1/Pebble/lib/libpebble.a(tmpO4BPkUpebble.o)
 .text.graphics_draw_round_rect
                0x0000000000000000        0xc /Users/yunshansimon/pebble-dev/PebbleSDK-2.4.1/Pebble/lib/libpebble.a(tmpO4BPkUpebble.o)
 .text.graphics_fill_circle
                0x0000000000000000        0xc /Users/yunshansimon/pebble-dev/PebbleSDK-2.4.1/Pebble/lib/libpebble.a(tmpO4BPkUpebble.o)
 .text.graphics_fill_rect
                0x0000000000000000        0xc /Users/yunshansimon/pebble-dev/PebbleSDK-2.4.1/Pebble/lib/libpebble.a(tmpO4BPkUpebble.o)
 .text.graphics_text_layout_get_max_used_size
                0x0000000000000000        0xc /Users/yunshansimon/pebble-dev/PebbleSDK-2.4.1/Pebble/lib/libpebble.a(tmpO4BPkUpebble.o)
 .text.grect_align
                0x0000000000000000        0xc /Users/yunshansimon/pebble-dev/PebbleSDK-2.4.1/Pebble/lib/libpebble.a(tmpO4BPkUpebble.o)
 .text.grect_center_point
                0x0000000000000000        0xc /Users/yunshansimon/pebble-dev/PebbleSDK-2.4.1/Pebble/lib/libpebble.a(tmpO4BPkUpebble.o)
 .text.grect_clip
                0x0000000000000000        0xc /Users/yunshansimon/pebble-dev/PebbleSDK-2.4.1/Pebble/lib/libpebble.a(tmpO4BPkUpebble.o)
 .text.grect_contains_point
                0x0000000000000000        0xc /Users/yunshansimon/pebble-dev/PebbleSDK-2.4.1/Pebble/lib/libpebble.a(tmpO4BPkUpebble.o)
 .text.grect_crop
                0x0000000000000000        0xc /Users/yunshansimon/pebble-dev/PebbleSDK-2.4.1/Pebble/lib/libpebble.a(tmpO4BPkUpebble.o)
 .text.grect_equal
                0x0000000000000000        0xc /Users/yunshansimon/pebble-dev/PebbleSDK-2.4.1/Pebble/lib/libpebble.a(tmpO4BPkUpebble.o)
 .text.grect_is_empty
                0x0000000000000000        0xc /Users/yunshansimon/pebble-dev/PebbleSDK-2.4.1/Pebble/lib/libpebble.a(tmpO4BPkUpebble.o)
 .text.grect_standardize
                0x0000000000000000        0xc /Users/yunshansimon/pebble-dev/PebbleSDK-2.4.1/Pebble/lib/libpebble.a(tmpO4BPkUpebble.o)
 .text.gsize_equal
                0x0000000000000000        0xc /Users/yunshansimon/pebble-dev/PebbleSDK-2.4.1/Pebble/lib/libpebble.a(tmpO4BPkUpebble.o)
 .text.inverter_layer_destroy
                0x0000000000000000        0xc /Users/yunshansimon/pebble-dev/PebbleSDK-2.4.1/Pebble/lib/libpebble.a(tmpO4BPkUpebble.o)
 .text.layer_create_with_data
                0x0000000000000000        0xc /Users/yunshansimon/pebble-dev/PebbleSDK-2.4.1/Pebble/lib/libpebble.a(tmpO4BPkUpebble.o)
 .text.layer_get_clips
                0x0000000000000000        0xc /Users/yunshansimon/pebble-dev/PebbleSDK-2.4.1/Pebble/lib/libpebble.a(tmpO4BPkUpebble.o)
 .text.layer_get_data
                0x0000000000000000        0xc /Users/yunshansimon/pebble-dev/PebbleSDK-2.4.1/Pebble/lib/libpebble.a(tmpO4BPkUpebble.o)
 .text.layer_get_hidden
                0x0000000000000000        0xc /Users/yunshansimon/pebble-dev/PebbleSDK-2.4.1/Pebble/lib/libpebble.a(tmpO4BPkUpebble.o)
 .text.layer_get_window
                0x0000000000000000        0xc /Users/yunshansimon/pebble-dev/PebbleSDK-2.4.1/Pebble/lib/libpebble.a(tmpO4BPkUpebble.o)
 .text.layer_insert_above_sibling
                0x0000000000000000        0xc /Users/yunshansimon/pebble-dev/PebbleSDK-2.4.1/Pebble/lib/libpebble.a(tmpO4BPkUpebble.o)
 .text.layer_insert_below_sibling
                0x0000000000000000        0xc /Users/yunshansimon/pebble-dev/PebbleSDK-2.4.1/Pebble/lib/libpebble.a(tmpO4BPkUpebble.o)
 .text.layer_mark_dirty
                0x0000000000000000        0xc /Users/yunshansimon/pebble-dev/PebbleSDK-2.4.1/Pebble/lib/libpebble.a(tmpO4BPkUpebble.o)
 .text.layer_remove_child_layers
                0x0000000000000000        0xc /Users/yunshansimon/pebble-dev/PebbleSDK-2.4.1/Pebble/lib/libpebble.a(tmpO4BPkUpebble.o)
 .text.layer_set_bounds
                0x0000000000000000        0xc /Users/yunshansimon/pebble-dev/PebbleSDK-2.4.1/Pebble/lib/libpebble.a(tmpO4BPkUpebble.o)
 .text.layer_set_clips
                0x0000000000000000        0xc /Users/yunshansimon/pebble-dev/PebbleSDK-2.4.1/Pebble/lib/libpebble.a(tmpO4BPkUpebble.o)
 .text.layer_set_frame
                0x0000000000000000        0xc /Users/yunshansimon/pebble-dev/PebbleSDK-2.4.1/Pebble/lib/libpebble.a(tmpO4BPkUpebble.o)
 .text.layer_set_hidden
                0x0000000000000000        0xc /Users/yunshansimon/pebble-dev/PebbleSDK-2.4.1/Pebble/lib/libpebble.a(tmpO4BPkUpebble.o)
 .text.layer_set_update_proc
                0x0000000000000000        0xc /Users/yunshansimon/pebble-dev/PebbleSDK-2.4.1/Pebble/lib/libpebble.a(tmpO4BPkUpebble.o)
 .text.light_enable
                0x0000000000000000        0xc /Users/yunshansimon/pebble-dev/PebbleSDK-2.4.1/Pebble/lib/libpebble.a(tmpO4BPkUpebble.o)
 .text.light_enable_interaction
                0x0000000000000000        0xc /Users/yunshansimon/pebble-dev/PebbleSDK-2.4.1/Pebble/lib/libpebble.a(tmpO4BPkUpebble.o)
 .text.memmove  0x0000000000000000        0xc /Users/yunshansimon/pebble-dev/PebbleSDK-2.4.1/Pebble/lib/libpebble.a(tmpO4BPkUpebble.o)
 .text.menu_cell_basic_draw
                0x0000000000000000        0xc /Users/yunshansimon/pebble-dev/PebbleSDK-2.4.1/Pebble/lib/libpebble.a(tmpO4BPkUpebble.o)
 .text.menu_cell_basic_header_draw
                0x0000000000000000        0xc /Users/yunshansimon/pebble-dev/PebbleSDK-2.4.1/Pebble/lib/libpebble.a(tmpO4BPkUpebble.o)
 .text.menu_cell_title_draw
                0x0000000000000000        0xc /Users/yunshansimon/pebble-dev/PebbleSDK-2.4.1/Pebble/lib/libpebble.a(tmpO4BPkUpebble.o)
 .text.menu_index_compare
                0x0000000000000000        0xc /Users/yunshansimon/pebble-dev/PebbleSDK-2.4.1/Pebble/lib/libpebble.a(tmpO4BPkUpebble.o)
 .text.menu_layer_create
                0x0000000000000000        0xc /Users/yunshansimon/pebble-dev/PebbleSDK-2.4.1/Pebble/lib/libpebble.a(tmpO4BPkUpebble.o)
 .text.menu_layer_destroy
                0x0000000000000000        0xc /Users/yunshansimon/pebble-dev/PebbleSDK-2.4.1/Pebble/lib/libpebble.a(tmpO4BPkUpebble.o)
 .text.menu_layer_get_layer
                0x0000000000000000        0xc /Users/yunshansimon/pebble-dev/PebbleSDK-2.4.1/Pebble/lib/libpebble.a(tmpO4BPkUpebble.o)
 .text.menu_layer_get_scroll_layer
                0x0000000000000000        0xc /Users/yunshansimon/pebble-dev/PebbleSDK-2.4.1/Pebble/lib/libpebble.a(tmpO4BPkUpebble.o)
 .text.menu_layer_get_selected_index
                0x0000000000000000        0xc /Users/yunshansimon/pebble-dev/PebbleSDK-2.4.1/Pebble/lib/libpebble.a(tmpO4BPkUpebble.o)
 .text.menu_layer_reload_data
                0x0000000000000000        0xc /Users/yunshansimon/pebble-dev/PebbleSDK-2.4.1/Pebble/lib/libpebble.a(tmpO4BPkUpebble.o)
 .text.menu_layer_set_callbacks__deprecated
                0x0000000000000000        0xc /Users/yunshansimon/pebble-dev/PebbleSDK-2.4.1/Pebble/lib/libpebble.a(tmpO4BPkUpebble.o)
 .text.menu_layer_set_click_config_onto_window
                0x0000000000000000        0xc /Users/yunshansimon/pebble-dev/PebbleSDK-2.4.1/Pebble/lib/libpebble.a(tmpO4BPkUpebble.o)
 .text.menu_layer_set_selected_index
                0x0000000000000000        0xc /Users/yunshansimon/pebble-dev/PebbleSDK-2.4.1/Pebble/lib/libpebble.a(tmpO4BPkUpebble.o)
 .text.menu_layer_set_selected_next
                0x0000000000000000        0xc /Users/yunshansimon/pebble-dev/PebbleSDK-2.4.1/Pebble/lib/libpebble.a(tmpO4BPkUpebble.o)
 .text.number_window_create
                0x0000000000000000        0xc /Users/yunshansimon/pebble-dev/PebbleSDK-2.4.1/Pebble/lib/libpebble.a(tmpO4BPkUpebble.o)
 .text.number_window_destroy
                0x0000000000000000        0xc /Users/yunshansimon/pebble-dev/PebbleSDK-2.4.1/Pebble/lib/libpebble.a(tmpO4BPkUpebble.o)
 .text.number_window_get_value
                0x0000000000000000        0xc /Users/yunshansimon/pebble-dev/PebbleSDK-2.4.1/Pebble/lib/libpebble.a(tmpO4BPkUpebble.o)
 .text.number_window_set_label
                0x0000000000000000        0xc /Users/yunshansimon/pebble-dev/PebbleSDK-2.4.1/Pebble/lib/libpebble.a(tmpO4BPkUpebble.o)
 .text.number_window_set_max
                0x0000000000000000        0xc /Users/yunshansimon/pebble-dev/PebbleSDK-2.4.1/Pebble/lib/libpebble.a(tmpO4BPkUpebble.o)
 .text.number_window_set_min
                0x0000000000000000        0xc /Users/yunshansimon/pebble-dev/PebbleSDK-2.4.1/Pebble/lib/libpebble.a(tmpO4BPkUpebble.o)
 .text.number_window_set_step_size
                0x0000000000000000        0xc /Users/yunshansimon/pebble-dev/PebbleSDK-2.4.1/Pebble/lib/libpebble.a(tmpO4BPkUpebble.o)
 .text.number_window_set_value
                0x0000000000000000        0xc /Users/yunshansimon/pebble-dev/PebbleSDK-2.4.1/Pebble/lib/libpebble.a(tmpO4BPkUpebble.o)
 .text.persist_delete
                0x0000000000000000        0xc /Users/yunshansimon/pebble-dev/PebbleSDK-2.4.1/Pebble/lib/libpebble.a(tmpO4BPkUpebble.o)
 .text.persist_exists
                0x0000000000000000        0xc /Users/yunshansimon/pebble-dev/PebbleSDK-2.4.1/Pebble/lib/libpebble.a(tmpO4BPkUpebble.o)
 .text.persist_get_size
                0x0000000000000000        0xc /Users/yunshansimon/pebble-dev/PebbleSDK-2.4.1/Pebble/lib/libpebble.a(tmpO4BPkUpebble.o)
 .text.persist_read_bool
                0x0000000000000000        0xc /Users/yunshansimon/pebble-dev/PebbleSDK-2.4.1/Pebble/lib/libpebble.a(tmpO4BPkUpebble.o)
 .text.persist_read_data__deprecated
                0x0000000000000000        0xc /Users/yunshansimon/pebble-dev/PebbleSDK-2.4.1/Pebble/lib/libpebble.a(tmpO4BPkUpebble.o)
 .text.persist_read_int
                0x0000000000000000        0xc /Users/yunshansimon/pebble-dev/PebbleSDK-2.4.1/Pebble/lib/libpebble.a(tmpO4BPkUpebble.o)
 .text.persist_read_string__deprecated
                0x0000000000000000        0xc /Users/yunshansimon/pebble-dev/PebbleSDK-2.4.1/Pebble/lib/libpebble.a(tmpO4BPkUpebble.o)
 .text.persist_write_bool
                0x0000000000000000        0xc /Users/yunshansimon/pebble-dev/PebbleSDK-2.4.1/Pebble/lib/libpebble.a(tmpO4BPkUpebble.o)
 .text.persist_write_data__deprecated
                0x0000000000000000        0xc /Users/yunshansimon/pebble-dev/PebbleSDK-2.4.1/Pebble/lib/libpebble.a(tmpO4BPkUpebble.o)
 .text.persist_write_int
                0x0000000000000000        0xc /Users/yunshansimon/pebble-dev/PebbleSDK-2.4.1/Pebble/lib/libpebble.a(tmpO4BPkUpebble.o)
 .text.persist_write_string
                0x0000000000000000        0xc /Users/yunshansimon/pebble-dev/PebbleSDK-2.4.1/Pebble/lib/libpebble.a(tmpO4BPkUpebble.o)
 .text.property_animation_create
                0x0000000000000000        0xc /Users/yunshansimon/pebble-dev/PebbleSDK-2.4.1/Pebble/lib/libpebble.a(tmpO4BPkUpebble.o)
 .text.property_animation_create_layer_frame
                0x0000000000000000        0xc /Users/yunshansimon/pebble-dev/PebbleSDK-2.4.1/Pebble/lib/libpebble.a(tmpO4BPkUpebble.o)
 .text.property_animation_destroy
                0x0000000000000000        0xc /Users/yunshansimon/pebble-dev/PebbleSDK-2.4.1/Pebble/lib/libpebble.a(tmpO4BPkUpebble.o)
 .text.property_animation_update_gpoint
                0x0000000000000000        0xc /Users/yunshansimon/pebble-dev/PebbleSDK-2.4.1/Pebble/lib/libpebble.a(tmpO4BPkUpebble.o)
 .text.property_animation_update_grect
                0x0000000000000000        0xc /Users/yunshansimon/pebble-dev/PebbleSDK-2.4.1/Pebble/lib/libpebble.a(tmpO4BPkUpebble.o)
 .text.property_animation_update_int16
                0x0000000000000000        0xc /Users/yunshansimon/pebble-dev/PebbleSDK-2.4.1/Pebble/lib/libpebble.a(tmpO4BPkUpebble.o)
 .text.psleep   0x0000000000000000        0xc /Users/yunshansimon/pebble-dev/PebbleSDK-2.4.1/Pebble/lib/libpebble.a(tmpO4BPkUpebble.o)
 .text.rand     0x0000000000000000        0xc /Users/yunshansimon/pebble-dev/PebbleSDK-2.4.1/Pebble/lib/libpebble.a(tmpO4BPkUpebble.o)
 .text.resource_load
                0x0000000000000000        0xc /Users/yunshansimon/pebble-dev/PebbleSDK-2.4.1/Pebble/lib/libpebble.a(tmpO4BPkUpebble.o)
 .text.resource_load_byte_range
                0x0000000000000000        0xc /Users/yunshansimon/pebble-dev/PebbleSDK-2.4.1/Pebble/lib/libpebble.a(tmpO4BPkUpebble.o)
 .text.resource_size
                0x0000000000000000        0xc /Users/yunshansimon/pebble-dev/PebbleSDK-2.4.1/Pebble/lib/libpebble.a(tmpO4BPkUpebble.o)
 .text.rot_bitmap_layer_create
                0x0000000000000000        0xc /Users/yunshansimon/pebble-dev/PebbleSDK-2.4.1/Pebble/lib/libpebble.a(tmpO4BPkUpebble.o)
 .text.rot_bitmap_layer_destroy
                0x0000000000000000        0xc /Users/yunshansimon/pebble-dev/PebbleSDK-2.4.1/Pebble/lib/libpebble.a(tmpO4BPkUpebble.o)
 .text.rot_bitmap_layer_increment_angle
                0x0000000000000000        0xc /Users/yunshansimon/pebble-dev/PebbleSDK-2.4.1/Pebble/lib/libpebble.a(tmpO4BPkUpebble.o)
 .text.rot_bitmap_layer_set_angle
                0x0000000000000000        0xc /Users/yunshansimon/pebble-dev/PebbleSDK-2.4.1/Pebble/lib/libpebble.a(tmpO4BPkUpebble.o)
 .text.rot_bitmap_layer_set_corner_clip_color
                0x0000000000000000        0xc /Users/yunshansimon/pebble-dev/PebbleSDK-2.4.1/Pebble/lib/libpebble.a(tmpO4BPkUpebble.o)
 .text.rot_bitmap_set_compositing_mode
                0x0000000000000000        0xc /Users/yunshansimon/pebble-dev/PebbleSDK-2.4.1/Pebble/lib/libpebble.a(tmpO4BPkUpebble.o)
 .text.rot_bitmap_set_src_ic
                0x0000000000000000        0xc /Users/yunshansimon/pebble-dev/PebbleSDK-2.4.1/Pebble/lib/libpebble.a(tmpO4BPkUpebble.o)
 .text.scroll_layer_add_child
                0x0000000000000000        0xc /Users/yunshansimon/pebble-dev/PebbleSDK-2.4.1/Pebble/lib/libpebble.a(tmpO4BPkUpebble.o)
 .text.scroll_layer_create
                0x0000000000000000        0xc /Users/yunshansimon/pebble-dev/PebbleSDK-2.4.1/Pebble/lib/libpebble.a(tmpO4BPkUpebble.o)
 .text.scroll_layer_destroy
                0x0000000000000000        0xc /Users/yunshansimon/pebble-dev/PebbleSDK-2.4.1/Pebble/lib/libpebble.a(tmpO4BPkUpebble.o)
 .text.scroll_layer_get_content_offset
                0x0000000000000000        0xc /Users/yunshansimon/pebble-dev/PebbleSDK-2.4.1/Pebble/lib/libpebble.a(tmpO4BPkUpebble.o)
 .text.scroll_layer_get_content_size
                0x0000000000000000        0xc /Users/yunshansimon/pebble-dev/PebbleSDK-2.4.1/Pebble/lib/libpebble.a(tmpO4BPkUpebble.o)
 .text.scroll_layer_get_layer
                0x0000000000000000        0xc /Users/yunshansimon/pebble-dev/PebbleSDK-2.4.1/Pebble/lib/libpebble.a(tmpO4BPkUpebble.o)
 .text.scroll_layer_get_shadow_hidden
                0x0000000000000000        0xc /Users/yunshansimon/pebble-dev/PebbleSDK-2.4.1/Pebble/lib/libpebble.a(tmpO4BPkUpebble.o)
 .text.scroll_layer_scroll_down_click_handler
                0x0000000000000000        0xc /Users/yunshansimon/pebble-dev/PebbleSDK-2.4.1/Pebble/lib/libpebble.a(tmpO4BPkUpebble.o)
 .text.scroll_layer_scroll_up_click_handler
                0x0000000000000000        0xc /Users/yunshansimon/pebble-dev/PebbleSDK-2.4.1/Pebble/lib/libpebble.a(tmpO4BPkUpebble.o)
 .text.scroll_layer_set_callbacks
                0x0000000000000000        0xc /Users/yunshansimon/pebble-dev/PebbleSDK-2.4.1/Pebble/lib/libpebble.a(tmpO4BPkUpebble.o)
 .text.scroll_layer_set_click_config_onto_window
                0x0000000000000000        0xc /Users/yunshansimon/pebble-dev/PebbleSDK-2.4.1/Pebble/lib/libpebble.a(tmpO4BPkUpebble.o)
 .text.scroll_layer_set_content_offset
                0x0000000000000000        0xc /Users/yunshansimon/pebble-dev/PebbleSDK-2.4.1/Pebble/lib/libpebble.a(tmpO4BPkUpebble.o)
 .text.scroll_layer_set_content_size
                0x0000000000000000        0xc /Users/yunshansimon/pebble-dev/PebbleSDK-2.4.1/Pebble/lib/libpebble.a(tmpO4BPkUpebble.o)
 .text.scroll_layer_set_context
                0x0000000000000000        0xc /Users/yunshansimon/pebble-dev/PebbleSDK-2.4.1/Pebble/lib/libpebble.a(tmpO4BPkUpebble.o)
 .text.scroll_layer_set_frame
                0x0000000000000000        0xc /Users/yunshansimon/pebble-dev/PebbleSDK-2.4.1/Pebble/lib/libpebble.a(tmpO4BPkUpebble.o)
 .text.scroll_layer_set_shadow_hidden
                0x0000000000000000        0xc /Users/yunshansimon/pebble-dev/PebbleSDK-2.4.1/Pebble/lib/libpebble.a(tmpO4BPkUpebble.o)
 .text.simple_menu_layer_destroy
                0x0000000000000000        0xc /Users/yunshansimon/pebble-dev/PebbleSDK-2.4.1/Pebble/lib/libpebble.a(tmpO4BPkUpebble.o)
 .text.simple_menu_layer_get_selected_index
                0x0000000000000000        0xc /Users/yunshansimon/pebble-dev/PebbleSDK-2.4.1/Pebble/lib/libpebble.a(tmpO4BPkUpebble.o)
 .text.simple_menu_layer_set_selected_index
                0x0000000000000000        0xc /Users/yunshansimon/pebble-dev/PebbleSDK-2.4.1/Pebble/lib/libpebble.a(tmpO4BPkUpebble.o)
 .text.sin_lookup
                0x0000000000000000        0xc /Users/yunshansimon/pebble-dev/PebbleSDK-2.4.1/Pebble/lib/libpebble.a(tmpO4BPkUpebble.o)
 .text.srand    0x0000000000000000        0xc /Users/yunshansimon/pebble-dev/PebbleSDK-2.4.1/Pebble/lib/libpebble.a(tmpO4BPkUpebble.o)
 .text.strcmp   0x0000000000000000        0xc /Users/yunshansimon/pebble-dev/PebbleSDK-2.4.1/Pebble/lib/libpebble.a(tmpO4BPkUpebble.o)
 .text.strftime
                0x0000000000000000        0xc /Users/yunshansimon/pebble-dev/PebbleSDK-2.4.1/Pebble/lib/libpebble.a(tmpO4BPkUpebble.o)
 .text.strlen   0x0000000000000000        0xc /Users/yunshansimon/pebble-dev/PebbleSDK-2.4.1/Pebble/lib/libpebble.a(tmpO4BPkUpebble.o)
 .text.strncat  0x0000000000000000        0xc /Users/yunshansimon/pebble-dev/PebbleSDK-2.4.1/Pebble/lib/libpebble.a(tmpO4BPkUpebble.o)
 .text.strncmp  0x0000000000000000        0xc /Users/yunshansimon/pebble-dev/PebbleSDK-2.4.1/Pebble/lib/libpebble.a(tmpO4BPkUpebble.o)
 .text.strncpy  0x0000000000000000        0xc /Users/yunshansimon/pebble-dev/PebbleSDK-2.4.1/Pebble/lib/libpebble.a(tmpO4BPkUpebble.o)
 .text.text_layer_get_content_size
                0x0000000000000000        0xc /Users/yunshansimon/pebble-dev/PebbleSDK-2.4.1/Pebble/lib/libpebble.a(tmpO4BPkUpebble.o)
 .text.text_layer_get_text
                0x0000000000000000        0xc /Users/yunshansimon/pebble-dev/PebbleSDK-2.4.1/Pebble/lib/libpebble.a(tmpO4BPkUpebble.o)
 .text.text_layer_set_overflow_mode
                0x0000000000000000        0xc /Users/yunshansimon/pebble-dev/PebbleSDK-2.4.1/Pebble/lib/libpebble.a(tmpO4BPkUpebble.o)
 .text.text_layer_set_size
                0x0000000000000000        0xc /Users/yunshansimon/pebble-dev/PebbleSDK-2.4.1/Pebble/lib/libpebble.a(tmpO4BPkUpebble.o)
 .text.tick_timer_service_unsubscribe
                0x0000000000000000        0xc /Users/yunshansimon/pebble-dev/PebbleSDK-2.4.1/Pebble/lib/libpebble.a(tmpO4BPkUpebble.o)
 .text.time_ms  0x0000000000000000        0xc /Users/yunshansimon/pebble-dev/PebbleSDK-2.4.1/Pebble/lib/libpebble.a(tmpO4BPkUpebble.o)
 .text.vibes_cancel
                0x0000000000000000        0xc /Users/yunshansimon/pebble-dev/PebbleSDK-2.4.1/Pebble/lib/libpebble.a(tmpO4BPkUpebble.o)
 .text.vibes_double_pulse
                0x0000000000000000        0xc /Users/yunshansimon/pebble-dev/PebbleSDK-2.4.1/Pebble/lib/libpebble.a(tmpO4BPkUpebble.o)
 .text.vibes_enqueue_custom_pattern
                0x0000000000000000        0xc /Users/yunshansimon/pebble-dev/PebbleSDK-2.4.1/Pebble/lib/libpebble.a(tmpO4BPkUpebble.o)
 .text.vibes_long_pulse
                0x0000000000000000        0xc /Users/yunshansimon/pebble-dev/PebbleSDK-2.4.1/Pebble/lib/libpebble.a(tmpO4BPkUpebble.o)
 .text.vibes_short_pulse
                0x0000000000000000        0xc /Users/yunshansimon/pebble-dev/PebbleSDK-2.4.1/Pebble/lib/libpebble.a(tmpO4BPkUpebble.o)
 .text.window_get_click_config_provider
                0x0000000000000000        0xc /Users/yunshansimon/pebble-dev/PebbleSDK-2.4.1/Pebble/lib/libpebble.a(tmpO4BPkUpebble.o)
 .text.window_get_fullscreen
                0x0000000000000000        0xc /Users/yunshansimon/pebble-dev/PebbleSDK-2.4.1/Pebble/lib/libpebble.a(tmpO4BPkUpebble.o)
 .text.window_is_loaded
                0x0000000000000000        0xc /Users/yunshansimon/pebble-dev/PebbleSDK-2.4.1/Pebble/lib/libpebble.a(tmpO4BPkUpebble.o)
 .text.window_set_background_color
                0x0000000000000000        0xc /Users/yunshansimon/pebble-dev/PebbleSDK-2.4.1/Pebble/lib/libpebble.a(tmpO4BPkUpebble.o)
 .text.window_set_click_config_provider_with_context
                0x0000000000000000        0xc /Users/yunshansimon/pebble-dev/PebbleSDK-2.4.1/Pebble/lib/libpebble.a(tmpO4BPkUpebble.o)
 .text.window_set_status_bar_icon
                0x0000000000000000        0xc /Users/yunshansimon/pebble-dev/PebbleSDK-2.4.1/Pebble/lib/libpebble.a(tmpO4BPkUpebble.o)
 .text.window_stack_get_top_window
                0x0000000000000000        0xc /Users/yunshansimon/pebble-dev/PebbleSDK-2.4.1/Pebble/lib/libpebble.a(tmpO4BPkUpebble.o)
 .text.window_stack_pop
                0x0000000000000000        0xc /Users/yunshansimon/pebble-dev/PebbleSDK-2.4.1/Pebble/lib/libpebble.a(tmpO4BPkUpebble.o)
 .text.window_stack_pop_all
                0x0000000000000000        0xc /Users/yunshansimon/pebble-dev/PebbleSDK-2.4.1/Pebble/lib/libpebble.a(tmpO4BPkUpebble.o)
 .text.app_focus_service_subscribe
                0x0000000000000000        0xc /Users/yunshansimon/pebble-dev/PebbleSDK-2.4.1/Pebble/lib/libpebble.a(tmpO4BPkUpebble.o)
 .text.app_focus_service_unsubscribe
                0x0000000000000000        0xc /Users/yunshansimon/pebble-dev/PebbleSDK-2.4.1/Pebble/lib/libpebble.a(tmpO4BPkUpebble.o)
 .text.window_get_user_data
                0x0000000000000000        0xc /Users/yunshansimon/pebble-dev/PebbleSDK-2.4.1/Pebble/lib/libpebble.a(tmpO4BPkUpebble.o)
 .text.window_set_user_data
                0x0000000000000000        0xc /Users/yunshansimon/pebble-dev/PebbleSDK-2.4.1/Pebble/lib/libpebble.a(tmpO4BPkUpebble.o)
 .text.app_message_get_context
                0x0000000000000000        0xc /Users/yunshansimon/pebble-dev/PebbleSDK-2.4.1/Pebble/lib/libpebble.a(tmpO4BPkUpebble.o)
 .text.app_message_outbox_size_maximum
                0x0000000000000000        0xc /Users/yunshansimon/pebble-dev/PebbleSDK-2.4.1/Pebble/lib/libpebble.a(tmpO4BPkUpebble.o)
 .text.app_message_set_context
                0x0000000000000000        0xc /Users/yunshansimon/pebble-dev/PebbleSDK-2.4.1/Pebble/lib/libpebble.a(tmpO4BPkUpebble.o)
 .text.window_long_click_subscribe
                0x0000000000000000        0xc /Users/yunshansimon/pebble-dev/PebbleSDK-2.4.1/Pebble/lib/libpebble.a(tmpO4BPkUpebble.o)
 .text.window_multi_click_subscribe
                0x0000000000000000        0xc /Users/yunshansimon/pebble-dev/PebbleSDK-2.4.1/Pebble/lib/libpebble.a(tmpO4BPkUpebble.o)
 .text.window_raw_click_subscribe
                0x0000000000000000        0xc /Users/yunshansimon/pebble-dev/PebbleSDK-2.4.1/Pebble/lib/libpebble.a(tmpO4BPkUpebble.o)
 .text.window_set_click_context
                0x0000000000000000        0xc /Users/yunshansimon/pebble-dev/PebbleSDK-2.4.1/Pebble/lib/libpebble.a(tmpO4BPkUpebble.o)
 .text.window_single_repeating_click_subscribe
                0x0000000000000000        0xc /Users/yunshansimon/pebble-dev/PebbleSDK-2.4.1/Pebble/lib/libpebble.a(tmpO4BPkUpebble.o)
 .text.graphics_draw_text
                0x0000000000000000        0xc /Users/yunshansimon/pebble-dev/PebbleSDK-2.4.1/Pebble/lib/libpebble.a(tmpO4BPkUpebble.o)
 .text.dict_serialize_tuplets_to_buffer
                0x0000000000000000        0xc /Users/yunshansimon/pebble-dev/PebbleSDK-2.4.1/Pebble/lib/libpebble.a(tmpO4BPkUpebble.o)
 .text.persist_read_data
                0x0000000000000000        0xc /Users/yunshansimon/pebble-dev/PebbleSDK-2.4.1/Pebble/lib/libpebble.a(tmpO4BPkUpebble.o)
 .text.persist_read_string
                0x0000000000000000        0xc /Users/yunshansimon/pebble-dev/PebbleSDK-2.4.1/Pebble/lib/libpebble.a(tmpO4BPkUpebble.o)
 .text.persist_write_data
                0x0000000000000000        0xc /Users/yunshansimon/pebble-dev/PebbleSDK-2.4.1/Pebble/lib/libpebble.a(tmpO4BPkUpebble.o)
 .text.dict_size
                0x0000000000000000        0xc /Users/yunshansimon/pebble-dev/PebbleSDK-2.4.1/Pebble/lib/libpebble.a(tmpO4BPkUpebble.o)
 .text.graphics_text_layout_get_content_size
                0x0000000000000000        0xc /Users/yunshansimon/pebble-dev/PebbleSDK-2.4.1/Pebble/lib/libpebble.a(tmpO4BPkUpebble.o)
 .text.simple_menu_layer_get_menu_layer
                0x0000000000000000        0xc /Users/yunshansimon/pebble-dev/PebbleSDK-2.4.1/Pebble/lib/libpebble.a(tmpO4BPkUpebble.o)
 .text.accel_data_service_subscribe
                0x0000000000000000        0xc /Users/yunshansimon/pebble-dev/PebbleSDK-2.4.1/Pebble/lib/libpebble.a(tmpO4BPkUpebble.o)
 .text.calloc   0x0000000000000000        0xc /Users/yunshansimon/pebble-dev/PebbleSDK-2.4.1/Pebble/lib/libpebble.a(tmpO4BPkUpebble.o)
 .text.menu_layer_set_callbacks
                0x0000000000000000        0xc /Users/yunshansimon/pebble-dev/PebbleSDK-2.4.1/Pebble/lib/libpebble.a(tmpO4BPkUpebble.o)
 .text.window_get_click_config_context
                0x0000000000000000        0xc /Users/yunshansimon/pebble-dev/PebbleSDK-2.4.1/Pebble/lib/libpebble.a(tmpO4BPkUpebble.o)
 .text.number_window_get_window
                0x0000000000000000        0xc /Users/yunshansimon/pebble-dev/PebbleSDK-2.4.1/Pebble/lib/libpebble.a(tmpO4BPkUpebble.o)
 .text.realloc  0x0000000000000000        0xc /Users/yunshansimon/pebble-dev/PebbleSDK-2.4.1/Pebble/lib/libpebble.a(tmpO4BPkUpebble.o)
 .text.click_recognizer_is_repeating
                0x0000000000000000        0xc /Users/yunshansimon/pebble-dev/PebbleSDK-2.4.1/Pebble/lib/libpebble.a(tmpO4BPkUpebble.o)
 .text          0x0000000000000000        0x0 /Users/yunshansimon/pebble-dev/PebbleSDK-2.4.1/arm-cs-tools/bin/../lib/gcc/arm-none-eabi/4.7.2/thumb2/crtend.o
 .bss           0x0000000000000000        0x0 /Users/yunshansimon/pebble-dev/PebbleSDK-2.4.1/arm-cs-tools/bin/../lib/gcc/arm-none-eabi/4.7.2/thumb2/crtend.o
 .eh_frame      0x0000000000000000        0x4 /Users/yunshansimon/pebble-dev/PebbleSDK-2.4.1/arm-cs-tools/bin/../lib/gcc/arm-none-eabi/4.7.2/thumb2/crtend.o
 .jcr           0x0000000000000000        0x4 /Users/yunshansimon/pebble-dev/PebbleSDK-2.4.1/arm-cs-tools/bin/../lib/gcc/arm-none-eabi/4.7.2/thumb2/crtend.o
 .tm_clone_table
                0x0000000000000000        0x0 /Users/yunshansimon/pebble-dev/PebbleSDK-2.4.1/arm-cs-tools/bin/../lib/gcc/arm-none-eabi/4.7.2/thumb2/crtend.o
 .text          0x0000000000000000        0x0 /Users/yunshansimon/pebble-dev/PebbleSDK-2.4.1/arm-cs-tools/bin/../lib/gcc/arm-none-eabi/4.7.2/thumb2/crtn.o
 .bss           0x0000000000000000        0x0 /Users/yunshansimon/pebble-dev/PebbleSDK-2.4.1/arm-cs-tools/bin/../lib/gcc/arm-none-eabi/4.7.2/thumb2/crtn.o
 .init          0x0000000000000000        0x8 /Users/yunshansimon/pebble-dev/PebbleSDK-2.4.1/arm-cs-tools/bin/../lib/gcc/arm-none-eabi/4.7.2/thumb2/crtn.o
 .fini          0x0000000000000000        0x8 /Users/yunshansimon/pebble-dev/PebbleSDK-2.4.1/arm-cs-tools/bin/../lib/gcc/arm-none-eabi/4.7.2/thumb2/crtn.o

Memory Configuration

Name             Origin             Length             Attributes
APP              0x0000000000000000 0x0000000000006000 xrw
*default*        0x0000000000000000 0xffffffffffffffff

Linker script and memory map

LOAD /Users/yunshansimon/pebble-dev/PebbleSDK-2.4.1/arm-cs-tools/bin/../lib/gcc/arm-none-eabi/4.7.2/thumb2/crti.o
LOAD /Users/yunshansimon/pebble-dev/PebbleSDK-2.4.1/arm-cs-tools/bin/../lib/gcc/arm-none-eabi/4.7.2/thumb2/crtbegin.o
LOAD src/Draw_Bitmap.c.20.o
LOAD src/Notify_View.c.20.o
LOAD src/Peb_Messenger_Pro.c.20.o
LOAD appinfo.auto.c.20.o
LOAD /Users/yunshansimon/pebble-dev/PebbleSDK-2.4.1/Pebble/lib/libpebble.a
START GROUP
LOAD /Users/yunshansimon/pebble-dev/PebbleSDK-2.4.1/arm-cs-tools/bin/../lib/gcc/arm-none-eabi/4.7.2/thumb2/libgcc.a
LOAD /Users/yunshansimon/pebble-dev/PebbleSDK-2.4.1/arm-cs-tools/bin/../lib/gcc/arm-none-eabi/4.7.2/../../../../arm-none-eabi/lib/thumb2/libc.a
END GROUP
LOAD /Users/yunshansimon/pebble-dev/PebbleSDK-2.4.1/arm-cs-tools/bin/../lib/gcc/arm-none-eabi/4.7.2/thumb2/crtend.o
LOAD /Users/yunshansimon/pebble-dev/PebbleSDK-2.4.1/arm-cs-tools/bin/../lib/gcc/arm-none-eabi/4.7.2/thumb2/crtn.o

.header         0x0000000000000000       0x82
 *(.pbl_header)
 .pbl_header    0x0000000000000000       0x82 appinfo.auto.c.20.o
                0x0000000000000000                __pbl_app_info

.text           0x0000000000000084      0xf91
 *(.text)
 .text          0x0000000000000084       0x14 /Users/yunshansimon/pebble-dev/PebbleSDK-2.4.1/Pebble/lib/libpebble.a(tmpO4BPkUpebble.o)
 *(.text.*)
 .text.set_bitmap_to_black
                0x0000000000000098        0xe src/Draw_Bitmap.c.20.o
                0x0000000000000098                set_bitmap_to_black
 *fill*         0x00000000000000a6        0x2 
 .text.draw_data_to_bitmap
                0x00000000000000a8      0x14c src/Draw_Bitmap.c.20.o
                0x00000000000000a8                draw_data_to_bitmap
 .text.show_time
                0x00000000000001f4       0x38 src/Notify_View.c.20.o
 .text.handle_notify_click
                0x000000000000022c       0x24 src/Notify_View.c.20.o
 .text.next_notify_page
                0x0000000000000250       0x1e src/Notify_View.c.20.o
 .text.read_notify
                0x000000000000026e       0x1e src/Notify_View.c.20.o
 .text.init_notifyview
                0x000000000000028c      0x1f4 src/Notify_View.c.20.o
                0x000000000000028c                init_notifyview
 .text.show_notifyview
                0x0000000000000480       0xa4 src/Notify_View.c.20.o
                0x0000000000000480                show_notifyview
 .text.append_str_notifyview
                0x0000000000000524       0x18 src/Notify_View.c.20.o
                0x0000000000000524                append_str_notifyview
 .text.append_bitmap_notifyview
                0x000000000000053c       0x64 src/Notify_View.c.20.o
                0x000000000000053c                append_bitmap_notifyview
 .text.set_pages_notifyview
                0x00000000000005a0       0x18 src/Notify_View.c.20.o
                0x00000000000005a0                set_pages_notifyview
 .text.set_pagenum_notifyview
                0x00000000000005b8       0x18 src/Notify_View.c.20.o
                0x00000000000005b8                set_pagenum_notifyview
 .text.clean_notifyview
                0x00000000000005d0       0x30 src/Notify_View.c.20.o
                0x00000000000005d0                clean_notifyview
 .text.out_sent_handler
                0x0000000000000600        0x2 src/Peb_Messenger_Pro.c.20.o
                0x0000000000000600                out_sent_handler
 .text.out_failed_handler
                0x0000000000000602        0x2 src/Peb_Messenger_Pro.c.20.o
                0x0000000000000602                out_failed_handler
 .text.in_dropped_handler
                0x0000000000000604        0x2 src/Peb_Messenger_Pro.c.20.o
                0x0000000000000604                in_dropped_handler
 *fill*         0x0000000000000606        0x2 
 .text.display_indicator
                0x0000000000000608       0xbc src/Peb_Messenger_Pro.c.20.o
 .text.in_received_handler
                0x00000000000006c4      0x180 src/Peb_Messenger_Pro.c.20.o
                0x00000000000006c4                in_received_handler
 .text.send_command
                0x0000000000000844       0x20 src/Peb_Messenger_Pro.c.20.o
 .text.window_unload
                0x0000000000000864       0x34 src/Peb_Messenger_Pro.c.20.o
 .text.main_menu_onclick
                0x0000000000000898       0x20 src/Peb_Messenger_Pro.c.20.o
 .text.window_load
                0x00000000000008b8      0x158 src/Peb_Messenger_Pro.c.20.o
 .text.destory_first_view
                0x0000000000000a10      0x170 src/Peb_Messenger_Pro.c.20.o
 .text.startup.main
                0x0000000000000b80       0x74 src/Peb_Messenger_Pro.c.20.o
                0x0000000000000b80                main
 .text.app_event_loop
                0x0000000000000bf4        0xc /Users/yunshansimon/pebble-dev/PebbleSDK-2.4.1/Pebble/lib/libpebble.a(tmpO4BPkUpebble.o)
                0x0000000000000bf4                app_event_loop
 .text.app_log  0x0000000000000c00        0xc /Users/yunshansimon/pebble-dev/PebbleSDK-2.4.1/Pebble/lib/libpebble.a(tmpO4BPkUpebble.o)
                0x0000000000000c00                app_log
 .text.app_message_deregister_callbacks
                0x0000000000000c0c        0xc /Users/yunshansimon/pebble-dev/PebbleSDK-2.4.1/Pebble/lib/libpebble.a(tmpO4BPkUpebble.o)
                0x0000000000000c0c                app_message_deregister_callbacks
 .text.app_message_open
                0x0000000000000c18        0xc /Users/yunshansimon/pebble-dev/PebbleSDK-2.4.1/Pebble/lib/libpebble.a(tmpO4BPkUpebble.o)
                0x0000000000000c18                app_message_open
 .text.app_timer_cancel
                0x0000000000000c24        0xc /Users/yunshansimon/pebble-dev/PebbleSDK-2.4.1/Pebble/lib/libpebble.a(tmpO4BPkUpebble.o)
                0x0000000000000c24                app_timer_cancel
 .text.app_timer_register
                0x0000000000000c30        0xc /Users/yunshansimon/pebble-dev/PebbleSDK-2.4.1/Pebble/lib/libpebble.a(tmpO4BPkUpebble.o)
                0x0000000000000c30                app_timer_register
 .text.bitmap_layer_create
                0x0000000000000c3c        0xc /Users/yunshansimon/pebble-dev/PebbleSDK-2.4.1/Pebble/lib/libpebble.a(tmpO4BPkUpebble.o)
                0x0000000000000c3c                bitmap_layer_create
 .text.bitmap_layer_get_layer
                0x0000000000000c48        0xc /Users/yunshansimon/pebble-dev/PebbleSDK-2.4.1/Pebble/lib/libpebble.a(tmpO4BPkUpebble.o)
                0x0000000000000c48                bitmap_layer_get_layer
 .text.bitmap_layer_set_bitmap
                0x0000000000000c54        0xc /Users/yunshansimon/pebble-dev/PebbleSDK-2.4.1/Pebble/lib/libpebble.a(tmpO4BPkUpebble.o)
                0x0000000000000c54                bitmap_layer_set_bitmap
 .text.bitmap_layer_set_compositing_mode
                0x0000000000000c60        0xc /Users/yunshansimon/pebble-dev/PebbleSDK-2.4.1/Pebble/lib/libpebble.a(tmpO4BPkUpebble.o)
                0x0000000000000c60                bitmap_layer_set_compositing_mode
 .text.dict_read_first
                0x0000000000000c6c        0xc /Users/yunshansimon/pebble-dev/PebbleSDK-2.4.1/Pebble/lib/libpebble.a(tmpO4BPkUpebble.o)
                0x0000000000000c6c                dict_read_first
 .text.dict_read_next
                0x0000000000000c78        0xc /Users/yunshansimon/pebble-dev/PebbleSDK-2.4.1/Pebble/lib/libpebble.a(tmpO4BPkUpebble.o)
                0x0000000000000c78                dict_read_next
 .text.dict_write_uint8
                0x0000000000000c84        0xc /Users/yunshansimon/pebble-dev/PebbleSDK-2.4.1/Pebble/lib/libpebble.a(tmpO4BPkUpebble.o)
                0x0000000000000c84                dict_write_uint8
 .text.fonts_get_system_font
                0x0000000000000c90        0xc /Users/yunshansimon/pebble-dev/PebbleSDK-2.4.1/Pebble/lib/libpebble.a(tmpO4BPkUpebble.o)
                0x0000000000000c90                fonts_get_system_font
 .text.fonts_load_custom_font
                0x0000000000000c9c        0xc /Users/yunshansimon/pebble-dev/PebbleSDK-2.4.1/Pebble/lib/libpebble.a(tmpO4BPkUpebble.o)
                0x0000000000000c9c                fonts_load_custom_font
 .text.free     0x0000000000000ca8        0xc /Users/yunshansimon/pebble-dev/PebbleSDK-2.4.1/Pebble/lib/libpebble.a(tmpO4BPkUpebble.o)
                0x0000000000000ca8                free
 .text.gbitmap_create_with_resource
                0x0000000000000cb4        0xc /Users/yunshansimon/pebble-dev/PebbleSDK-2.4.1/Pebble/lib/libpebble.a(tmpO4BPkUpebble.o)
                0x0000000000000cb4                gbitmap_create_with_resource
 .text.inverter_layer_create
                0x0000000000000cc0        0xc /Users/yunshansimon/pebble-dev/PebbleSDK-2.4.1/Pebble/lib/libpebble.a(tmpO4BPkUpebble.o)
                0x0000000000000cc0                inverter_layer_create
 .text.inverter_layer_get_layer
                0x0000000000000ccc        0xc /Users/yunshansimon/pebble-dev/PebbleSDK-2.4.1/Pebble/lib/libpebble.a(tmpO4BPkUpebble.o)
                0x0000000000000ccc                inverter_layer_get_layer
 .text.layer_add_child
                0x0000000000000cd8        0xc /Users/yunshansimon/pebble-dev/PebbleSDK-2.4.1/Pebble/lib/libpebble.a(tmpO4BPkUpebble.o)
                0x0000000000000cd8                layer_add_child
 .text.layer_create
                0x0000000000000ce4        0xc /Users/yunshansimon/pebble-dev/PebbleSDK-2.4.1/Pebble/lib/libpebble.a(tmpO4BPkUpebble.o)
                0x0000000000000ce4                layer_create
 .text.layer_destroy
                0x0000000000000cf0        0xc /Users/yunshansimon/pebble-dev/PebbleSDK-2.4.1/Pebble/lib/libpebble.a(tmpO4BPkUpebble.o)
                0x0000000000000cf0                layer_destroy
 .text.layer_get_bounds
                0x0000000000000cfc        0xc /Users/yunshansimon/pebble-dev/PebbleSDK-2.4.1/Pebble/lib/libpebble.a(tmpO4BPkUpebble.o)
                0x0000000000000cfc                layer_get_bounds
 .text.layer_get_frame
                0x0000000000000d08        0xc /Users/yunshansimon/pebble-dev/PebbleSDK-2.4.1/Pebble/lib/libpebble.a(tmpO4BPkUpebble.o)
                0x0000000000000d08                layer_get_frame
 .text.layer_remove_from_parent
                0x0000000000000d14        0xc /Users/yunshansimon/pebble-dev/PebbleSDK-2.4.1/Pebble/lib/libpebble.a(tmpO4BPkUpebble.o)
                0x0000000000000d14                layer_remove_from_parent
 .text.localtime
                0x0000000000000d20        0xc /Users/yunshansimon/pebble-dev/PebbleSDK-2.4.1/Pebble/lib/libpebble.a(tmpO4BPkUpebble.o)
                0x0000000000000d20                localtime
 .text.malloc   0x0000000000000d2c        0xc /Users/yunshansimon/pebble-dev/PebbleSDK-2.4.1/Pebble/lib/libpebble.a(tmpO4BPkUpebble.o)
                0x0000000000000d2c                malloc
 .text.memcpy   0x0000000000000d38        0xc /Users/yunshansimon/pebble-dev/PebbleSDK-2.4.1/Pebble/lib/libpebble.a(tmpO4BPkUpebble.o)
                0x0000000000000d38                memcpy
 .text.memset   0x0000000000000d44        0xc /Users/yunshansimon/pebble-dev/PebbleSDK-2.4.1/Pebble/lib/libpebble.a(tmpO4BPkUpebble.o)
                0x0000000000000d44                memset
 .text.resource_get_handle
                0x0000000000000d50        0xc /Users/yunshansimon/pebble-dev/PebbleSDK-2.4.1/Pebble/lib/libpebble.a(tmpO4BPkUpebble.o)
                0x0000000000000d50                resource_get_handle
 .text.simple_menu_layer_create
                0x0000000000000d5c        0xc /Users/yunshansimon/pebble-dev/PebbleSDK-2.4.1/Pebble/lib/libpebble.a(tmpO4BPkUpebble.o)
                0x0000000000000d5c                simple_menu_layer_create
 .text.simple_menu_layer_get_layer
                0x0000000000000d68        0xc /Users/yunshansimon/pebble-dev/PebbleSDK-2.4.1/Pebble/lib/libpebble.a(tmpO4BPkUpebble.o)
                0x0000000000000d68                simple_menu_layer_get_layer
 .text.snprintf
                0x0000000000000d74        0xc /Users/yunshansimon/pebble-dev/PebbleSDK-2.4.1/Pebble/lib/libpebble.a(tmpO4BPkUpebble.o)
                0x0000000000000d74                snprintf
 .text.strcat   0x0000000000000d80        0xc /Users/yunshansimon/pebble-dev/PebbleSDK-2.4.1/Pebble/lib/libpebble.a(tmpO4BPkUpebble.o)
                0x0000000000000d80                strcat
 .text.strcpy   0x0000000000000d8c        0xc /Users/yunshansimon/pebble-dev/PebbleSDK-2.4.1/Pebble/lib/libpebble.a(tmpO4BPkUpebble.o)
                0x0000000000000d8c                strcpy
 .text.text_layer_create
                0x0000000000000d98        0xc /Users/yunshansimon/pebble-dev/PebbleSDK-2.4.1/Pebble/lib/libpebble.a(tmpO4BPkUpebble.o)
                0x0000000000000d98                text_layer_create
 .text.text_layer_destroy
                0x0000000000000da4        0xc /Users/yunshansimon/pebble-dev/PebbleSDK-2.4.1/Pebble/lib/libpebble.a(tmpO4BPkUpebble.o)
                0x0000000000000da4                text_layer_destroy
 .text.text_layer_get_layer
                0x0000000000000db0        0xc /Users/yunshansimon/pebble-dev/PebbleSDK-2.4.1/Pebble/lib/libpebble.a(tmpO4BPkUpebble.o)
                0x0000000000000db0                text_layer_get_layer
 .text.text_layer_set_background_color
                0x0000000000000dbc        0xc /Users/yunshansimon/pebble-dev/PebbleSDK-2.4.1/Pebble/lib/libpebble.a(tmpO4BPkUpebble.o)
                0x0000000000000dbc                text_layer_set_background_color
 .text.text_layer_set_font
                0x0000000000000dc8        0xc /Users/yunshansimon/pebble-dev/PebbleSDK-2.4.1/Pebble/lib/libpebble.a(tmpO4BPkUpebble.o)
                0x0000000000000dc8                text_layer_set_font
 .text.text_layer_set_text
                0x0000000000000dd4        0xc /Users/yunshansimon/pebble-dev/PebbleSDK-2.4.1/Pebble/lib/libpebble.a(tmpO4BPkUpebble.o)
                0x0000000000000dd4                text_layer_set_text
 .text.text_layer_set_text_alignment
                0x0000000000000de0        0xc /Users/yunshansimon/pebble-dev/PebbleSDK-2.4.1/Pebble/lib/libpebble.a(tmpO4BPkUpebble.o)
                0x0000000000000de0                text_layer_set_text_alignment
 .text.text_layer_set_text_color
                0x0000000000000dec        0xc /Users/yunshansimon/pebble-dev/PebbleSDK-2.4.1/Pebble/lib/libpebble.a(tmpO4BPkUpebble.o)
                0x0000000000000dec                text_layer_set_text_color
 .text.tick_timer_service_subscribe
                0x0000000000000df8        0xc /Users/yunshansimon/pebble-dev/PebbleSDK-2.4.1/Pebble/lib/libpebble.a(tmpO4BPkUpebble.o)
                0x0000000000000df8                tick_timer_service_subscribe
 .text.time     0x0000000000000e04        0xc /Users/yunshansimon/pebble-dev/PebbleSDK-2.4.1/Pebble/lib/libpebble.a(tmpO4BPkUpebble.o)
                0x0000000000000e04                time
 .text.window_create
                0x0000000000000e10        0xc /Users/yunshansimon/pebble-dev/PebbleSDK-2.4.1/Pebble/lib/libpebble.a(tmpO4BPkUpebble.o)
                0x0000000000000e10                window_create
 .text.window_destroy
                0x0000000000000e1c        0xc /Users/yunshansimon/pebble-dev/PebbleSDK-2.4.1/Pebble/lib/libpebble.a(tmpO4BPkUpebble.o)
                0x0000000000000e1c                window_destroy
 .text.window_get_root_layer
                0x0000000000000e28        0xc /Users/yunshansimon/pebble-dev/PebbleSDK-2.4.1/Pebble/lib/libpebble.a(tmpO4BPkUpebble.o)
                0x0000000000000e28                window_get_root_layer
 .text.window_set_click_config_provider
                0x0000000000000e34        0xc /Users/yunshansimon/pebble-dev/PebbleSDK-2.4.1/Pebble/lib/libpebble.a(tmpO4BPkUpebble.o)
                0x0000000000000e34                window_set_click_config_provider
 .text.window_set_fullscreen
                0x0000000000000e40        0xc /Users/yunshansimon/pebble-dev/PebbleSDK-2.4.1/Pebble/lib/libpebble.a(tmpO4BPkUpebble.o)
                0x0000000000000e40                window_set_fullscreen
 .text.window_set_window_handlers
                0x0000000000000e4c        0xc /Users/yunshansimon/pebble-dev/PebbleSDK-2.4.1/Pebble/lib/libpebble.a(tmpO4BPkUpebble.o)
                0x0000000000000e4c                window_set_window_handlers
 .text.window_stack_contains_window
                0x0000000000000e58        0xc /Users/yunshansimon/pebble-dev/PebbleSDK-2.4.1/Pebble/lib/libpebble.a(tmpO4BPkUpebble.o)
                0x0000000000000e58                window_stack_contains_window
 .text.window_stack_push
                0x0000000000000e64        0xc /Users/yunshansimon/pebble-dev/PebbleSDK-2.4.1/Pebble/lib/libpebble.a(tmpO4BPkUpebble.o)
                0x0000000000000e64                window_stack_push
 .text.window_stack_remove
                0x0000000000000e70        0xc /Users/yunshansimon/pebble-dev/PebbleSDK-2.4.1/Pebble/lib/libpebble.a(tmpO4BPkUpebble.o)
                0x0000000000000e70                window_stack_remove
 .text.app_message_inbox_size_maximum
                0x0000000000000e7c        0xc /Users/yunshansimon/pebble-dev/PebbleSDK-2.4.1/Pebble/lib/libpebble.a(tmpO4BPkUpebble.o)
                0x0000000000000e7c                app_message_inbox_size_maximum
 .text.app_message_outbox_begin
                0x0000000000000e88        0xc /Users/yunshansimon/pebble-dev/PebbleSDK-2.4.1/Pebble/lib/libpebble.a(tmpO4BPkUpebble.o)
                0x0000000000000e88                app_message_outbox_begin
 .text.app_message_outbox_send
                0x0000000000000e94        0xc /Users/yunshansimon/pebble-dev/PebbleSDK-2.4.1/Pebble/lib/libpebble.a(tmpO4BPkUpebble.o)
                0x0000000000000e94                app_message_outbox_send
 .text.app_message_register_inbox_dropped
                0x0000000000000ea0        0xc /Users/yunshansimon/pebble-dev/PebbleSDK-2.4.1/Pebble/lib/libpebble.a(tmpO4BPkUpebble.o)
                0x0000000000000ea0                app_message_register_inbox_dropped
 .text.app_message_register_inbox_received
                0x0000000000000eac        0xc /Users/yunshansimon/pebble-dev/PebbleSDK-2.4.1/Pebble/lib/libpebble.a(tmpO4BPkUpebble.o)
                0x0000000000000eac                app_message_register_inbox_received
 .text.app_message_register_outbox_failed
                0x0000000000000eb8        0xc /Users/yunshansimon/pebble-dev/PebbleSDK-2.4.1/Pebble/lib/libpebble.a(tmpO4BPkUpebble.o)
                0x0000000000000eb8                app_message_register_outbox_failed
 .text.app_message_register_outbox_sent
                0x0000000000000ec4        0xc /Users/yunshansimon/pebble-dev/PebbleSDK-2.4.1/Pebble/lib/libpebble.a(tmpO4BPkUpebble.o)
                0x0000000000000ec4                app_message_register_outbox_sent
 .text.window_single_click_subscribe
                0x0000000000000ed0        0xc /Users/yunshansimon/pebble-dev/PebbleSDK-2.4.1/Pebble/lib/libpebble.a(tmpO4BPkUpebble.o)
                0x0000000000000ed0                window_single_click_subscribe
 .text.bitmap_layer_get_bitmap
                0x0000000000000edc        0xc /Users/yunshansimon/pebble-dev/PebbleSDK-2.4.1/Pebble/lib/libpebble.a(tmpO4BPkUpebble.o)
                0x0000000000000edc                bitmap_layer_get_bitmap
 .text.gbitmap_create_blank
                0x0000000000000ee8        0xc /Users/yunshansimon/pebble-dev/PebbleSDK-2.4.1/Pebble/lib/libpebble.a(tmpO4BPkUpebble.o)
                0x0000000000000ee8                gbitmap_create_blank
 *(.rodata)
 .rodata        0x0000000000000ef4        0x8 src/Notify_View.c.20.o
 .rodata        0x0000000000000efc       0x18 src/Peb_Messenger_Pro.c.20.o
 *(.rodata*)
 .rodata.str1.1
                0x0000000000000f14       0x56 src/Notify_View.c.20.o
 .rodata.str1.1
                0x0000000000000f6a       0xab src/Peb_Messenger_Pro.c.20.o
                                         0xc1 (size before relaxing)

.glue_7         0x0000000000001018        0x0
 .glue_7        0x0000000000000000        0x0 linker stubs

.glue_7t        0x0000000000001018        0x0
 .glue_7t       0x0000000000000000        0x0 linker stubs

.vfp11_veneer   0x0000000000001018        0x0
 .vfp11_veneer  0x0000000000000000        0x0 linker stubs

.v4_bx          0x0000000000001018        0x0
 .v4_bx         0x0000000000000000        0x0 linker stubs

.iplt           0x0000000000001018        0x0
 .iplt          0x0000000000000000        0x0 /Users/yunshansimon/pebble-dev/PebbleSDK-2.4.1/arm-cs-tools/bin/../lib/gcc/arm-none-eabi/4.7.2/thumb2/crtbegin.o

.rel.dyn        0x0000000000001018        0x0
 .rel.iplt      0x0000000000000000        0x0 /Users/yunshansimon/pebble-dev/PebbleSDK-2.4.1/arm-cs-tools/bin/../lib/gcc/arm-none-eabi/4.7.2/thumb2/crtbegin.o
 .rel.got       0x0000000000000000        0x0 /Users/yunshansimon/pebble-dev/PebbleSDK-2.4.1/arm-cs-tools/bin/../lib/gcc/arm-none-eabi/4.7.2/thumb2/crtbegin.o

.data           0x0000000000001018       0x10
 *(.data)
 .data          0x0000000000001018        0x0 /Users/yunshansimon/pebble-dev/PebbleSDK-2.4.1/arm-cs-tools/bin/../lib/gcc/arm-none-eabi/4.7.2/thumb2/crti.o
 .data          0x0000000000001018        0x4 /Users/yunshansimon/pebble-dev/PebbleSDK-2.4.1/arm-cs-tools/bin/../lib/gcc/arm-none-eabi/4.7.2/thumb2/crtbegin.o
                0x0000000000001018                __dso_handle
 .data          0x000000000000101c        0x0 src/Draw_Bitmap.c.20.o
 .data          0x000000000000101c        0x0 src/Notify_View.c.20.o
 .data          0x000000000000101c        0xc src/Peb_Messenger_Pro.c.20.o
 .data          0x0000000000001028        0x0 appinfo.auto.c.20.o
 .data          0x0000000000001028        0x0 /Users/yunshansimon/pebble-dev/PebbleSDK-2.4.1/Pebble/lib/libpebble.a(tmpO4BPkUpebble.o)
 .data          0x0000000000001028        0x0 /Users/yunshansimon/pebble-dev/PebbleSDK-2.4.1/arm-cs-tools/bin/../lib/gcc/arm-none-eabi/4.7.2/thumb2/crtend.o
 .data          0x0000000000001028        0x0 /Users/yunshansimon/pebble-dev/PebbleSDK-2.4.1/arm-cs-tools/bin/../lib/gcc/arm-none-eabi/4.7.2/thumb2/crtn.o
 *(.data.*)

.igot.plt       0x0000000000001028        0x0
 .igot.plt      0x0000000000000000        0x0 /Users/yunshansimon/pebble-dev/PebbleSDK-2.4.1/arm-cs-tools/bin/../lib/gcc/arm-none-eabi/4.7.2/thumb2/crtbegin.o

.got            0x0000000000001028       0x14
 .got           0x0000000000001028       0x14 /Users/yunshansimon/pebble-dev/PebbleSDK-2.4.1/arm-cs-tools/bin/../lib/gcc/arm-none-eabi/4.7.2/thumb2/crtbegin.o

.got.plt        0x000000000000103c        0xc
 .got.plt       0x000000000000103c        0xc /Users/yunshansimon/pebble-dev/PebbleSDK-2.4.1/arm-cs-tools/bin/../lib/gcc/arm-none-eabi/4.7.2/thumb2/crtbegin.o
                0x000000000000103c                _GLOBAL_OFFSET_TABLE_

.bss            0x0000000000001048      0x124
 *(.bss)
 *(.bss.*)
 .bss.window_bounds
                0x0000000000001048        0x8 src/Peb_Messenger_Pro.c.20.o
 .bss.window_layer
                0x0000000000001050        0x4 src/Peb_Messenger_Pro.c.20.o
 .bss.main_menu
                0x0000000000001054        0x4 src/Peb_Messenger_Pro.c.20.o
 .bss.is_self_close
                0x0000000000001058        0x1 src/Peb_Messenger_Pro.c.20.o
 *fill*         0x0000000000001059        0x3 
 .bss.main_section
                0x000000000000105c        0xc src/Peb_Messenger_Pro.c.20.o
 .bss.is_white_background
                0x0000000000001068        0x1 src/Peb_Messenger_Pro.c.20.o
 *fill*         0x0000000000001069        0x3 
 .bss.close_delay
                0x000000000000106c        0x4 src/Peb_Messenger_Pro.c.20.o
 .bss.window    0x0000000000001070        0x4 src/Peb_Messenger_Pro.c.20.o
 COMMON         0x0000000000001074       0x38 src/Notify_View.c.20.o
                0x0000000000001074                notifyview
 COMMON         0x00000000000010ac       0xc0 src/Peb_Messenger_Pro.c.20.o
                0x00000000000010ac                firstview
                0x00000000000010b8                msgview
                0x000000000000110c                main_buttons
                0x000000000000114c                firstrun_timer
                0x0000000000001150                indicatorview
                0x0000000000001168                sub_menu

DISCARD
 libc.a(*)
 libm.a(*)
 libgcc.a(*)
 *(.eh_frame)
OUTPUT(/Users/yunshansimon/mypebble-project/Peb_Messenger_Pro/build/pebble-app.elf elf32-littlearm)

.ARM.attributes
                0x0000000000000000       0x27
 .ARM.attributes
                0x0000000000000000       0x19 /Users/yunshansimon/pebble-dev/PebbleSDK-2.4.1/arm-cs-tools/bin/../lib/gcc/arm-none-eabi/4.7.2/thumb2/crti.o
 .ARM.attributes
                0x0000000000000019       0x29 /Users/yunshansimon/pebble-dev/PebbleSDK-2.4.1/arm-cs-tools/bin/../lib/gcc/arm-none-eabi/4.7.2/thumb2/crtbegin.o
 .ARM.attributes
                0x0000000000000042       0x33 src/Draw_Bitmap.c.20.o
 .ARM.attributes
                0x0000000000000075       0x33 src/Notify_View.c.20.o
 .ARM.attributes
                0x00000000000000a8       0x33 src/Peb_Messenger_Pro.c.20.o
 .ARM.attributes
                0x00000000000000db       0x33 appinfo.auto.c.20.o
 .ARM.attributes
                0x000000000000010e       0x21 /Users/yunshansimon/pebble-dev/PebbleSDK-2.4.1/Pebble/lib/libpebble.a(tmpO4BPkUpebble.o)
 .ARM.attributes
                0x000000000000012f       0x29 /Users/yunshansimon/pebble-dev/PebbleSDK-2.4.1/arm-cs-tools/bin/../lib/gcc/arm-none-eabi/4.7.2/thumb2/crtend.o
 .ARM.attributes
                0x0000000000000158       0x19 /Users/yunshansimon/pebble-dev/PebbleSDK-2.4.1/arm-cs-tools/bin/../lib/gcc/arm-none-eabi/4.7.2/thumb2/crtn.o

.comment        0x0000000000000000       0x4e
 .comment       0x0000000000000000       0x4e /Users/yunshansimon/pebble-dev/PebbleSDK-2.4.1/arm-cs-tools/bin/../lib/gcc/arm-none-eabi/4.7.2/thumb2/crtbegin.o
                                         0x4f (size before relaxing)
 .comment       0x0000000000000000       0x4f src/Draw_Bitmap.c.20.o
 .comment       0x0000000000000000       0x4f src/Notify_View.c.20.o
 .comment       0x0000000000000000       0x4f src/Peb_Messenger_Pro.c.20.o
 .comment       0x0000000000000000       0x4f appinfo.auto.c.20.o
 .comment       0x0000000000000000       0x4f /Users/yunshansimon/pebble-dev/PebbleSDK-2.4.1/arm-cs-tools/bin/../lib/gcc/arm-none-eabi/4.7.2/thumb2/crtend.o

.debug_info     0x0000000000000000     0x344b
 .debug_info    0x0000000000000000      0x3b0 src/Draw_Bitmap.c.20.o
 .debug_info    0x00000000000003b0     0x1502 src/Notify_View.c.20.o
 .debug_info    0x00000000000018b2     0x1829 src/Peb_Messenger_Pro.c.20.o
 .debug_info    0x00000000000030db      0x370 appinfo.auto.c.20.o

.debug_abbrev   0x0000000000000000      0xa6d
 .debug_abbrev  0x0000000000000000      0x1ad src/Draw_Bitmap.c.20.o
 .debug_abbrev  0x00000000000001ad      0x374 src/Notify_View.c.20.o
 .debug_abbrev  0x0000000000000521      0x4a1 src/Peb_Messenger_Pro.c.20.o
 .debug_abbrev  0x00000000000009c2       0xab appinfo.auto.c.20.o

.debug_loc      0x0000000000000000      0xa70
 .debug_loc     0x0000000000000000      0x299 src/Draw_Bitmap.c.20.o
 .debug_loc     0x0000000000000299      0x356 src/Notify_View.c.20.o
 .debug_loc     0x00000000000005ef      0x481 src/Peb_Messenger_Pro.c.20.o

.debug_aranges  0x0000000000000000      0x128
 .debug_aranges
                0x0000000000000000       0x28 src/Draw_Bitmap.c.20.o
 .debug_aranges
                0x0000000000000028       0x78 src/Notify_View.c.20.o
 .debug_aranges
                0x00000000000000a0       0x70 src/Peb_Messenger_Pro.c.20.o
 .debug_aranges
                0x0000000000000110       0x18 appinfo.auto.c.20.o

.debug_ranges   0x0000000000000000      0x230
 .debug_ranges  0x0000000000000000       0xc8 src/Draw_Bitmap.c.20.o
 .debug_ranges  0x00000000000000c8       0x68 src/Notify_View.c.20.o
 .debug_ranges  0x0000000000000130      0x100 src/Peb_Messenger_Pro.c.20.o

.debug_line     0x0000000000000000      0xb6a
 .debug_line    0x0000000000000000      0x202 src/Draw_Bitmap.c.20.o
 .debug_line    0x0000000000000202      0x426 src/Notify_View.c.20.o
 .debug_line    0x0000000000000628      0x418 src/Peb_Messenger_Pro.c.20.o
 .debug_line    0x0000000000000a40      0x12a appinfo.auto.c.20.o

.debug_str      0x0000000000000000     0x1511
 .debug_str     0x0000000000000000      0x1fb src/Draw_Bitmap.c.20.o
                                        0x262 (size before relaxing)
 .debug_str     0x00000000000001fb      0xc04 src/Notify_View.c.20.o
                                        0xe2f (size before relaxing)
 .debug_str     0x0000000000000dff      0x5c3 src/Peb_Messenger_Pro.c.20.o
                                        0xe62 (size before relaxing)
 .debug_str     0x00000000000013c2      0x14f appinfo.auto.c.20.o
                                        0x3f8 (size before relaxing)

.debug_frame    0x0000000000000000      0x2dc
 .debug_frame   0x0000000000000000       0x48 src/Draw_Bitmap.c.20.o
 .debug_frame   0x0000000000000048      0x150 src/Notify_View.c.20.o
 .debug_frame   0x0000000000000198      0x144 src/Peb_Messenger_Pro.c.20.o
