Archive member included because of file (symbol)

/home/yunshan/pebble-dev/PebbleSDK-2.4.1/Pebble/lib/libpebble.a(tmpO4BPkUpebble.o)
                              src/Call_View.c.24.o (action_bar_layer_add_to_window)

Allocating common symbols
Common symbol       size              file

progressbar         0x14              src/Peb_Messenger_Pro.c.24.o
firstview           0xc               src/Peb_Messenger_Pro.c.24.o
main_buttons        0x40              src/Peb_Messenger_Pro.c.24.o
listview            0x28              src/List_View.c.24.o
firstrun_timer      0x4               src/Peb_Messenger_Pro.c.24.o

Discarded input sections

 .text          0x0000000000000000        0x0 /home/yunshan/pebble-dev/PebbleSDK-2.4.1/arm-cs-tools/bin/../lib/gcc/arm-none-eabi/4.7.2/thumb2/crti.o
 .bss           0x0000000000000000        0x0 /home/yunshan/pebble-dev/PebbleSDK-2.4.1/arm-cs-tools/bin/../lib/gcc/arm-none-eabi/4.7.2/thumb2/crti.o
 .init          0x0000000000000000        0x4 /home/yunshan/pebble-dev/PebbleSDK-2.4.1/arm-cs-tools/bin/../lib/gcc/arm-none-eabi/4.7.2/thumb2/crti.o
 .fini          0x0000000000000000        0x4 /home/yunshan/pebble-dev/PebbleSDK-2.4.1/arm-cs-tools/bin/../lib/gcc/arm-none-eabi/4.7.2/thumb2/crti.o
 .text          0x0000000000000000       0xc8 /home/yunshan/pebble-dev/PebbleSDK-2.4.1/arm-cs-tools/bin/../lib/gcc/arm-none-eabi/4.7.2/thumb2/crtbegin.o
 .bss           0x0000000000000000       0x1c /home/yunshan/pebble-dev/PebbleSDK-2.4.1/arm-cs-tools/bin/../lib/gcc/arm-none-eabi/4.7.2/thumb2/crtbegin.o
 .init_array    0x0000000000000000        0x4 /home/yunshan/pebble-dev/PebbleSDK-2.4.1/arm-cs-tools/bin/../lib/gcc/arm-none-eabi/4.7.2/thumb2/crtbegin.o
 .fini_array    0x0000000000000000        0x4 /home/yunshan/pebble-dev/PebbleSDK-2.4.1/arm-cs-tools/bin/../lib/gcc/arm-none-eabi/4.7.2/thumb2/crtbegin.o
 .eh_frame      0x0000000000000000        0x0 /home/yunshan/pebble-dev/PebbleSDK-2.4.1/arm-cs-tools/bin/../lib/gcc/arm-none-eabi/4.7.2/thumb2/crtbegin.o
 .jcr           0x0000000000000000        0x0 /home/yunshan/pebble-dev/PebbleSDK-2.4.1/arm-cs-tools/bin/../lib/gcc/arm-none-eabi/4.7.2/thumb2/crtbegin.o
 .tm_clone_table
                0x0000000000000000        0x0 /home/yunshan/pebble-dev/PebbleSDK-2.4.1/arm-cs-tools/bin/../lib/gcc/arm-none-eabi/4.7.2/thumb2/crtbegin.o
 .text          0x0000000000000000        0x0 src/Call_View.c.24.o
 .bss           0x0000000000000000        0x0 src/Call_View.c.24.o
 .text          0x0000000000000000        0x0 src/Draw_Bitmap.c.24.o
 .bss           0x0000000000000000        0x0 src/Draw_Bitmap.c.24.o
 .text          0x0000000000000000        0x0 src/List_View.c.24.o
 .bss           0x0000000000000000        0x0 src/List_View.c.24.o
 .text          0x0000000000000000        0x0 src/Msg_Info.c.24.o
 .bss           0x0000000000000000        0x0 src/Msg_Info.c.24.o
 .text          0x0000000000000000        0x0 src/Notify_View.c.24.o
 .bss           0x0000000000000000        0x0 src/Notify_View.c.24.o
 .text          0x0000000000000000        0x0 src/Peb_Messenger_Pro.c.24.o
 .bss           0x0000000000000000        0x0 src/Peb_Messenger_Pro.c.24.o
 .text          0x0000000000000000        0x0 src/Table.c.24.o
 .bss           0x0000000000000000        0x0 src/Table.c.24.o
 .text.connect_next_row
                0x0000000000000000        0xe src/Table.c.24.o
 .text.get_index
                0x0000000000000000        0x4 src/Table.c.24.o
 .text.get_title
                0x0000000000000000        0x4 src/Table.c.24.o
 .text.get_passtime
                0x0000000000000000        0x4 src/Table.c.24.o
 .text.get_icon
                0x0000000000000000        0x4 src/Table.c.24.o
 .text.get_next_row
                0x0000000000000000        0x4 src/Table.c.24.o
 .text.get_pre_row
                0x0000000000000000        0x4 src/Table.c.24.o
 .text          0x0000000000000000        0x0 appinfo.auto.c.24.o
 .bss           0x0000000000000000        0x0 appinfo.auto.c.24.o
 .bss           0x0000000000000000        0x0 /home/yunshan/pebble-dev/PebbleSDK-2.4.1/Pebble/lib/libpebble.a(tmpO4BPkUpebble.o)
 .text.accel_data_service_subscribe__deprecated
                0x0000000000000000        0xc /home/yunshan/pebble-dev/PebbleSDK-2.4.1/Pebble/lib/libpebble.a(tmpO4BPkUpebble.o)
 .text.accel_data_service_unsubscribe
                0x0000000000000000        0xc /home/yunshan/pebble-dev/PebbleSDK-2.4.1/Pebble/lib/libpebble.a(tmpO4BPkUpebble.o)
 .text.accel_service_peek
                0x0000000000000000        0xc /home/yunshan/pebble-dev/PebbleSDK-2.4.1/Pebble/lib/libpebble.a(tmpO4BPkUpebble.o)
 .text.accel_service_set_samples_per_update
                0x0000000000000000        0xc /home/yunshan/pebble-dev/PebbleSDK-2.4.1/Pebble/lib/libpebble.a(tmpO4BPkUpebble.o)
 .text.accel_service_set_sampling_rate
                0x0000000000000000        0xc /home/yunshan/pebble-dev/PebbleSDK-2.4.1/Pebble/lib/libpebble.a(tmpO4BPkUpebble.o)
 .text.accel_tap_service_subscribe
                0x0000000000000000        0xc /home/yunshan/pebble-dev/PebbleSDK-2.4.1/Pebble/lib/libpebble.a(tmpO4BPkUpebble.o)
 .text.accel_tap_service_unsubscribe
                0x0000000000000000        0xc /home/yunshan/pebble-dev/PebbleSDK-2.4.1/Pebble/lib/libpebble.a(tmpO4BPkUpebble.o)
 .text.action_bar_layer_clear_icon
                0x0000000000000000        0xc /home/yunshan/pebble-dev/PebbleSDK-2.4.1/Pebble/lib/libpebble.a(tmpO4BPkUpebble.o)
 .text.action_bar_layer_get_layer
                0x0000000000000000        0xc /home/yunshan/pebble-dev/PebbleSDK-2.4.1/Pebble/lib/libpebble.a(tmpO4BPkUpebble.o)
 .text.action_bar_layer_remove_from_window
                0x0000000000000000        0xc /home/yunshan/pebble-dev/PebbleSDK-2.4.1/Pebble/lib/libpebble.a(tmpO4BPkUpebble.o)
 .text.action_bar_layer_set_background_color
                0x0000000000000000        0xc /home/yunshan/pebble-dev/PebbleSDK-2.4.1/Pebble/lib/libpebble.a(tmpO4BPkUpebble.o)
 .text.action_bar_layer_set_context
                0x0000000000000000        0xc /home/yunshan/pebble-dev/PebbleSDK-2.4.1/Pebble/lib/libpebble.a(tmpO4BPkUpebble.o)
 .text.animation_create
                0x0000000000000000        0xc /home/yunshan/pebble-dev/PebbleSDK-2.4.1/Pebble/lib/libpebble.a(tmpO4BPkUpebble.o)
 .text.animation_destroy
                0x0000000000000000        0xc /home/yunshan/pebble-dev/PebbleSDK-2.4.1/Pebble/lib/libpebble.a(tmpO4BPkUpebble.o)
 .text.animation_get_context
                0x0000000000000000        0xc /home/yunshan/pebble-dev/PebbleSDK-2.4.1/Pebble/lib/libpebble.a(tmpO4BPkUpebble.o)
 .text.animation_is_scheduled
                0x0000000000000000        0xc /home/yunshan/pebble-dev/PebbleSDK-2.4.1/Pebble/lib/libpebble.a(tmpO4BPkUpebble.o)
 .text.animation_schedule
                0x0000000000000000        0xc /home/yunshan/pebble-dev/PebbleSDK-2.4.1/Pebble/lib/libpebble.a(tmpO4BPkUpebble.o)
 .text.animation_set_curve
                0x0000000000000000        0xc /home/yunshan/pebble-dev/PebbleSDK-2.4.1/Pebble/lib/libpebble.a(tmpO4BPkUpebble.o)
 .text.animation_set_delay
                0x0000000000000000        0xc /home/yunshan/pebble-dev/PebbleSDK-2.4.1/Pebble/lib/libpebble.a(tmpO4BPkUpebble.o)
 .text.animation_set_duration
                0x0000000000000000        0xc /home/yunshan/pebble-dev/PebbleSDK-2.4.1/Pebble/lib/libpebble.a(tmpO4BPkUpebble.o)
 .text.animation_set_handlers
                0x0000000000000000        0xc /home/yunshan/pebble-dev/PebbleSDK-2.4.1/Pebble/lib/libpebble.a(tmpO4BPkUpebble.o)
 .text.animation_set_implementation
                0x0000000000000000        0xc /home/yunshan/pebble-dev/PebbleSDK-2.4.1/Pebble/lib/libpebble.a(tmpO4BPkUpebble.o)
 .text.animation_unschedule
                0x0000000000000000        0xc /home/yunshan/pebble-dev/PebbleSDK-2.4.1/Pebble/lib/libpebble.a(tmpO4BPkUpebble.o)
 .text.animation_unschedule_all
                0x0000000000000000        0xc /home/yunshan/pebble-dev/PebbleSDK-2.4.1/Pebble/lib/libpebble.a(tmpO4BPkUpebble.o)
 .text.app_comm_get_sniff_interval
                0x0000000000000000        0xc /home/yunshan/pebble-dev/PebbleSDK-2.4.1/Pebble/lib/libpebble.a(tmpO4BPkUpebble.o)
 .text.app_sync_deinit
                0x0000000000000000        0xc /home/yunshan/pebble-dev/PebbleSDK-2.4.1/Pebble/lib/libpebble.a(tmpO4BPkUpebble.o)
 .text.app_sync_get
                0x0000000000000000        0xc /home/yunshan/pebble-dev/PebbleSDK-2.4.1/Pebble/lib/libpebble.a(tmpO4BPkUpebble.o)
 .text.app_sync_init
                0x0000000000000000        0xc /home/yunshan/pebble-dev/PebbleSDK-2.4.1/Pebble/lib/libpebble.a(tmpO4BPkUpebble.o)
 .text.app_sync_set
                0x0000000000000000        0xc /home/yunshan/pebble-dev/PebbleSDK-2.4.1/Pebble/lib/libpebble.a(tmpO4BPkUpebble.o)
 .text.atan2_lookup
                0x0000000000000000        0xc /home/yunshan/pebble-dev/PebbleSDK-2.4.1/Pebble/lib/libpebble.a(tmpO4BPkUpebble.o)
 .text.atoi     0x0000000000000000        0xc /home/yunshan/pebble-dev/PebbleSDK-2.4.1/Pebble/lib/libpebble.a(tmpO4BPkUpebble.o)
 .text.atol     0x0000000000000000        0xc /home/yunshan/pebble-dev/PebbleSDK-2.4.1/Pebble/lib/libpebble.a(tmpO4BPkUpebble.o)
 .text.battery_state_service_peek
                0x0000000000000000        0xc /home/yunshan/pebble-dev/PebbleSDK-2.4.1/Pebble/lib/libpebble.a(tmpO4BPkUpebble.o)
 .text.battery_state_service_subscribe
                0x0000000000000000        0xc /home/yunshan/pebble-dev/PebbleSDK-2.4.1/Pebble/lib/libpebble.a(tmpO4BPkUpebble.o)
 .text.battery_state_service_unsubscribe
                0x0000000000000000        0xc /home/yunshan/pebble-dev/PebbleSDK-2.4.1/Pebble/lib/libpebble.a(tmpO4BPkUpebble.o)
 .text.bitmap_layer_set_alignment
                0x0000000000000000        0xc /home/yunshan/pebble-dev/PebbleSDK-2.4.1/Pebble/lib/libpebble.a(tmpO4BPkUpebble.o)
 .text.bitmap_layer_set_background_color
                0x0000000000000000        0xc /home/yunshan/pebble-dev/PebbleSDK-2.4.1/Pebble/lib/libpebble.a(tmpO4BPkUpebble.o)
 .text.bluetooth_connection_service_peek
                0x0000000000000000        0xc /home/yunshan/pebble-dev/PebbleSDK-2.4.1/Pebble/lib/libpebble.a(tmpO4BPkUpebble.o)
 .text.bluetooth_connection_service_subscribe
                0x0000000000000000        0xc /home/yunshan/pebble-dev/PebbleSDK-2.4.1/Pebble/lib/libpebble.a(tmpO4BPkUpebble.o)
 .text.bluetooth_connection_service_unsubscribe
                0x0000000000000000        0xc /home/yunshan/pebble-dev/PebbleSDK-2.4.1/Pebble/lib/libpebble.a(tmpO4BPkUpebble.o)
 .text.click_number_of_clicks_counted
                0x0000000000000000        0xc /home/yunshan/pebble-dev/PebbleSDK-2.4.1/Pebble/lib/libpebble.a(tmpO4BPkUpebble.o)
 .text.click_recognizer_get_button_id
                0x0000000000000000        0xc /home/yunshan/pebble-dev/PebbleSDK-2.4.1/Pebble/lib/libpebble.a(tmpO4BPkUpebble.o)
 .text.clock_copy_time_string
                0x0000000000000000        0xc /home/yunshan/pebble-dev/PebbleSDK-2.4.1/Pebble/lib/libpebble.a(tmpO4BPkUpebble.o)
 .text.clock_is_24h_style
                0x0000000000000000        0xc /home/yunshan/pebble-dev/PebbleSDK-2.4.1/Pebble/lib/libpebble.a(tmpO4BPkUpebble.o)
 .text.cos_lookup
                0x0000000000000000        0xc /home/yunshan/pebble-dev/PebbleSDK-2.4.1/Pebble/lib/libpebble.a(tmpO4BPkUpebble.o)
 .text.data_logging_create
                0x0000000000000000        0xc /home/yunshan/pebble-dev/PebbleSDK-2.4.1/Pebble/lib/libpebble.a(tmpO4BPkUpebble.o)
 .text.data_logging_finish
                0x0000000000000000        0xc /home/yunshan/pebble-dev/PebbleSDK-2.4.1/Pebble/lib/libpebble.a(tmpO4BPkUpebble.o)
 .text.data_logging_log
                0x0000000000000000        0xc /home/yunshan/pebble-dev/PebbleSDK-2.4.1/Pebble/lib/libpebble.a(tmpO4BPkUpebble.o)
 .text.dict_calc_buffer_size
                0x0000000000000000        0xc /home/yunshan/pebble-dev/PebbleSDK-2.4.1/Pebble/lib/libpebble.a(tmpO4BPkUpebble.o)
 .text.dict_calc_buffer_size_from_tuplets
                0x0000000000000000        0xc /home/yunshan/pebble-dev/PebbleSDK-2.4.1/Pebble/lib/libpebble.a(tmpO4BPkUpebble.o)
 .text.dict_find
                0x0000000000000000        0xc /home/yunshan/pebble-dev/PebbleSDK-2.4.1/Pebble/lib/libpebble.a(tmpO4BPkUpebble.o)
 .text.dict_merge
                0x0000000000000000        0xc /home/yunshan/pebble-dev/PebbleSDK-2.4.1/Pebble/lib/libpebble.a(tmpO4BPkUpebble.o)
 .text.dict_read_begin_from_buffer
                0x0000000000000000        0xc /home/yunshan/pebble-dev/PebbleSDK-2.4.1/Pebble/lib/libpebble.a(tmpO4BPkUpebble.o)
 .text.dict_serialize_tuplets
                0x0000000000000000        0xc /home/yunshan/pebble-dev/PebbleSDK-2.4.1/Pebble/lib/libpebble.a(tmpO4BPkUpebble.o)
 .text.dict_serialize_tuplets_to_buffer__deprecated
                0x0000000000000000        0xc /home/yunshan/pebble-dev/PebbleSDK-2.4.1/Pebble/lib/libpebble.a(tmpO4BPkUpebble.o)
 .text.dict_serialize_tuplets_to_buffer_with_iter
                0x0000000000000000        0xc /home/yunshan/pebble-dev/PebbleSDK-2.4.1/Pebble/lib/libpebble.a(tmpO4BPkUpebble.o)
 .text.dict_write_begin
                0x0000000000000000        0xc /home/yunshan/pebble-dev/PebbleSDK-2.4.1/Pebble/lib/libpebble.a(tmpO4BPkUpebble.o)
 .text.dict_write_data
                0x0000000000000000        0xc /home/yunshan/pebble-dev/PebbleSDK-2.4.1/Pebble/lib/libpebble.a(tmpO4BPkUpebble.o)
 .text.dict_write_end
                0x0000000000000000        0xc /home/yunshan/pebble-dev/PebbleSDK-2.4.1/Pebble/lib/libpebble.a(tmpO4BPkUpebble.o)
 .text.dict_write_int
                0x0000000000000000        0xc /home/yunshan/pebble-dev/PebbleSDK-2.4.1/Pebble/lib/libpebble.a(tmpO4BPkUpebble.o)
 .text.dict_write_int16
                0x0000000000000000        0xc /home/yunshan/pebble-dev/PebbleSDK-2.4.1/Pebble/lib/libpebble.a(tmpO4BPkUpebble.o)
 .text.dict_write_int32
                0x0000000000000000        0xc /home/yunshan/pebble-dev/PebbleSDK-2.4.1/Pebble/lib/libpebble.a(tmpO4BPkUpebble.o)
 .text.dict_write_int8
                0x0000000000000000        0xc /home/yunshan/pebble-dev/PebbleSDK-2.4.1/Pebble/lib/libpebble.a(tmpO4BPkUpebble.o)
 .text.dict_write_tuplet
                0x0000000000000000        0xc /home/yunshan/pebble-dev/PebbleSDK-2.4.1/Pebble/lib/libpebble.a(tmpO4BPkUpebble.o)
 .text.dict_write_uint16
                0x0000000000000000        0xc /home/yunshan/pebble-dev/PebbleSDK-2.4.1/Pebble/lib/libpebble.a(tmpO4BPkUpebble.o)
 .text.gbitmap_create_as_sub_bitmap
                0x0000000000000000        0xc /home/yunshan/pebble-dev/PebbleSDK-2.4.1/Pebble/lib/libpebble.a(tmpO4BPkUpebble.o)
 .text.gbitmap_create_with_data
                0x0000000000000000        0xc /home/yunshan/pebble-dev/PebbleSDK-2.4.1/Pebble/lib/libpebble.a(tmpO4BPkUpebble.o)
 .text.gmtime   0x0000000000000000        0xc /home/yunshan/pebble-dev/PebbleSDK-2.4.1/Pebble/lib/libpebble.a(tmpO4BPkUpebble.o)
 .text.gpath_create
                0x0000000000000000        0xc /home/yunshan/pebble-dev/PebbleSDK-2.4.1/Pebble/lib/libpebble.a(tmpO4BPkUpebble.o)
 .text.gpath_destroy
                0x0000000000000000        0xc /home/yunshan/pebble-dev/PebbleSDK-2.4.1/Pebble/lib/libpebble.a(tmpO4BPkUpebble.o)
 .text.gpath_draw_filled
                0x0000000000000000        0xc /home/yunshan/pebble-dev/PebbleSDK-2.4.1/Pebble/lib/libpebble.a(tmpO4BPkUpebble.o)
 .text.gpath_draw_outline
                0x0000000000000000        0xc /home/yunshan/pebble-dev/PebbleSDK-2.4.1/Pebble/lib/libpebble.a(tmpO4BPkUpebble.o)
 .text.gpath_move_to
                0x0000000000000000        0xc /home/yunshan/pebble-dev/PebbleSDK-2.4.1/Pebble/lib/libpebble.a(tmpO4BPkUpebble.o)
 .text.gpath_rotate_to
                0x0000000000000000        0xc /home/yunshan/pebble-dev/PebbleSDK-2.4.1/Pebble/lib/libpebble.a(tmpO4BPkUpebble.o)
 .text.gpoint_equal
                0x0000000000000000        0xc /home/yunshan/pebble-dev/PebbleSDK-2.4.1/Pebble/lib/libpebble.a(tmpO4BPkUpebble.o)
 .text.graphics_context_set_compositing_mode
                0x0000000000000000        0xc /home/yunshan/pebble-dev/PebbleSDK-2.4.1/Pebble/lib/libpebble.a(tmpO4BPkUpebble.o)
 .text.graphics_context_set_fill_color
                0x0000000000000000        0xc /home/yunshan/pebble-dev/PebbleSDK-2.4.1/Pebble/lib/libpebble.a(tmpO4BPkUpebble.o)
 .text.graphics_context_set_stroke_color
                0x0000000000000000        0xc /home/yunshan/pebble-dev/PebbleSDK-2.4.1/Pebble/lib/libpebble.a(tmpO4BPkUpebble.o)
 .text.graphics_context_set_text_color
                0x0000000000000000        0xc /home/yunshan/pebble-dev/PebbleSDK-2.4.1/Pebble/lib/libpebble.a(tmpO4BPkUpebble.o)
 .text.graphics_draw_bitmap_in_rect
                0x0000000000000000        0xc /home/yunshan/pebble-dev/PebbleSDK-2.4.1/Pebble/lib/libpebble.a(tmpO4BPkUpebble.o)
 .text.graphics_draw_circle
                0x0000000000000000        0xc /home/yunshan/pebble-dev/PebbleSDK-2.4.1/Pebble/lib/libpebble.a(tmpO4BPkUpebble.o)
 .text.graphics_draw_line
                0x0000000000000000        0xc /home/yunshan/pebble-dev/PebbleSDK-2.4.1/Pebble/lib/libpebble.a(tmpO4BPkUpebble.o)
 .text.graphics_draw_pixel
                0x0000000000000000        0xc /home/yunshan/pebble-dev/PebbleSDK-2.4.1/Pebble/lib/libpebble.a(tmpO4BPkUpebble.o)
 .text.graphics_draw_rect
                0x0000000000000000        0xc /home/yunshan/pebble-dev/PebbleSDK-2.4.1/Pebble/lib/libpebble.a(tmpO4BPkUpebble.o)
 .text.graphics_draw_round_rect
                0x0000000000000000        0xc /home/yunshan/pebble-dev/PebbleSDK-2.4.1/Pebble/lib/libpebble.a(tmpO4BPkUpebble.o)
 .text.graphics_fill_circle
                0x0000000000000000        0xc /home/yunshan/pebble-dev/PebbleSDK-2.4.1/Pebble/lib/libpebble.a(tmpO4BPkUpebble.o)
 .text.graphics_fill_rect
                0x0000000000000000        0xc /home/yunshan/pebble-dev/PebbleSDK-2.4.1/Pebble/lib/libpebble.a(tmpO4BPkUpebble.o)
 .text.graphics_text_layout_get_max_used_size
                0x0000000000000000        0xc /home/yunshan/pebble-dev/PebbleSDK-2.4.1/Pebble/lib/libpebble.a(tmpO4BPkUpebble.o)
 .text.grect_align
                0x0000000000000000        0xc /home/yunshan/pebble-dev/PebbleSDK-2.4.1/Pebble/lib/libpebble.a(tmpO4BPkUpebble.o)
 .text.grect_center_point
                0x0000000000000000        0xc /home/yunshan/pebble-dev/PebbleSDK-2.4.1/Pebble/lib/libpebble.a(tmpO4BPkUpebble.o)
 .text.grect_clip
                0x0000000000000000        0xc /home/yunshan/pebble-dev/PebbleSDK-2.4.1/Pebble/lib/libpebble.a(tmpO4BPkUpebble.o)
 .text.grect_contains_point
                0x0000000000000000        0xc /home/yunshan/pebble-dev/PebbleSDK-2.4.1/Pebble/lib/libpebble.a(tmpO4BPkUpebble.o)
 .text.grect_crop
                0x0000000000000000        0xc /home/yunshan/pebble-dev/PebbleSDK-2.4.1/Pebble/lib/libpebble.a(tmpO4BPkUpebble.o)
 .text.grect_equal
                0x0000000000000000        0xc /home/yunshan/pebble-dev/PebbleSDK-2.4.1/Pebble/lib/libpebble.a(tmpO4BPkUpebble.o)
 .text.grect_is_empty
                0x0000000000000000        0xc /home/yunshan/pebble-dev/PebbleSDK-2.4.1/Pebble/lib/libpebble.a(tmpO4BPkUpebble.o)
 .text.grect_standardize
                0x0000000000000000        0xc /home/yunshan/pebble-dev/PebbleSDK-2.4.1/Pebble/lib/libpebble.a(tmpO4BPkUpebble.o)
 .text.gsize_equal
                0x0000000000000000        0xc /home/yunshan/pebble-dev/PebbleSDK-2.4.1/Pebble/lib/libpebble.a(tmpO4BPkUpebble.o)
 .text.layer_create_with_data
                0x0000000000000000        0xc /home/yunshan/pebble-dev/PebbleSDK-2.4.1/Pebble/lib/libpebble.a(tmpO4BPkUpebble.o)
 .text.layer_get_clips
                0x0000000000000000        0xc /home/yunshan/pebble-dev/PebbleSDK-2.4.1/Pebble/lib/libpebble.a(tmpO4BPkUpebble.o)
 .text.layer_get_data
                0x0000000000000000        0xc /home/yunshan/pebble-dev/PebbleSDK-2.4.1/Pebble/lib/libpebble.a(tmpO4BPkUpebble.o)
 .text.layer_get_hidden
                0x0000000000000000        0xc /home/yunshan/pebble-dev/PebbleSDK-2.4.1/Pebble/lib/libpebble.a(tmpO4BPkUpebble.o)
 .text.layer_get_window
                0x0000000000000000        0xc /home/yunshan/pebble-dev/PebbleSDK-2.4.1/Pebble/lib/libpebble.a(tmpO4BPkUpebble.o)
 .text.layer_insert_above_sibling
                0x0000000000000000        0xc /home/yunshan/pebble-dev/PebbleSDK-2.4.1/Pebble/lib/libpebble.a(tmpO4BPkUpebble.o)
 .text.layer_insert_below_sibling
                0x0000000000000000        0xc /home/yunshan/pebble-dev/PebbleSDK-2.4.1/Pebble/lib/libpebble.a(tmpO4BPkUpebble.o)
 .text.layer_mark_dirty
                0x0000000000000000        0xc /home/yunshan/pebble-dev/PebbleSDK-2.4.1/Pebble/lib/libpebble.a(tmpO4BPkUpebble.o)
 .text.layer_remove_child_layers
                0x0000000000000000        0xc /home/yunshan/pebble-dev/PebbleSDK-2.4.1/Pebble/lib/libpebble.a(tmpO4BPkUpebble.o)
 .text.layer_set_bounds
                0x0000000000000000        0xc /home/yunshan/pebble-dev/PebbleSDK-2.4.1/Pebble/lib/libpebble.a(tmpO4BPkUpebble.o)
 .text.layer_set_clips
                0x0000000000000000        0xc /home/yunshan/pebble-dev/PebbleSDK-2.4.1/Pebble/lib/libpebble.a(tmpO4BPkUpebble.o)
 .text.layer_set_hidden
                0x0000000000000000        0xc /home/yunshan/pebble-dev/PebbleSDK-2.4.1/Pebble/lib/libpebble.a(tmpO4BPkUpebble.o)
 .text.layer_set_update_proc
                0x0000000000000000        0xc /home/yunshan/pebble-dev/PebbleSDK-2.4.1/Pebble/lib/libpebble.a(tmpO4BPkUpebble.o)
 .text.light_enable
                0x0000000000000000        0xc /home/yunshan/pebble-dev/PebbleSDK-2.4.1/Pebble/lib/libpebble.a(tmpO4BPkUpebble.o)
 .text.light_enable_interaction
                0x0000000000000000        0xc /home/yunshan/pebble-dev/PebbleSDK-2.4.1/Pebble/lib/libpebble.a(tmpO4BPkUpebble.o)
 .text.memmove  0x0000000000000000        0xc /home/yunshan/pebble-dev/PebbleSDK-2.4.1/Pebble/lib/libpebble.a(tmpO4BPkUpebble.o)
 .text.menu_cell_basic_header_draw
                0x0000000000000000        0xc /home/yunshan/pebble-dev/PebbleSDK-2.4.1/Pebble/lib/libpebble.a(tmpO4BPkUpebble.o)
 .text.menu_cell_title_draw
                0x0000000000000000        0xc /home/yunshan/pebble-dev/PebbleSDK-2.4.1/Pebble/lib/libpebble.a(tmpO4BPkUpebble.o)
 .text.menu_index_compare
                0x0000000000000000        0xc /home/yunshan/pebble-dev/PebbleSDK-2.4.1/Pebble/lib/libpebble.a(tmpO4BPkUpebble.o)
 .text.menu_layer_get_scroll_layer
                0x0000000000000000        0xc /home/yunshan/pebble-dev/PebbleSDK-2.4.1/Pebble/lib/libpebble.a(tmpO4BPkUpebble.o)
 .text.menu_layer_get_selected_index
                0x0000000000000000        0xc /home/yunshan/pebble-dev/PebbleSDK-2.4.1/Pebble/lib/libpebble.a(tmpO4BPkUpebble.o)
 .text.menu_layer_reload_data
                0x0000000000000000        0xc /home/yunshan/pebble-dev/PebbleSDK-2.4.1/Pebble/lib/libpebble.a(tmpO4BPkUpebble.o)
 .text.menu_layer_set_callbacks__deprecated
                0x0000000000000000        0xc /home/yunshan/pebble-dev/PebbleSDK-2.4.1/Pebble/lib/libpebble.a(tmpO4BPkUpebble.o)
 .text.menu_layer_set_selected_index
                0x0000000000000000        0xc /home/yunshan/pebble-dev/PebbleSDK-2.4.1/Pebble/lib/libpebble.a(tmpO4BPkUpebble.o)
 .text.menu_layer_set_selected_next
                0x0000000000000000        0xc /home/yunshan/pebble-dev/PebbleSDK-2.4.1/Pebble/lib/libpebble.a(tmpO4BPkUpebble.o)
 .text.number_window_create
                0x0000000000000000        0xc /home/yunshan/pebble-dev/PebbleSDK-2.4.1/Pebble/lib/libpebble.a(tmpO4BPkUpebble.o)
 .text.number_window_destroy
                0x0000000000000000        0xc /home/yunshan/pebble-dev/PebbleSDK-2.4.1/Pebble/lib/libpebble.a(tmpO4BPkUpebble.o)
 .text.number_window_get_value
                0x0000000000000000        0xc /home/yunshan/pebble-dev/PebbleSDK-2.4.1/Pebble/lib/libpebble.a(tmpO4BPkUpebble.o)
 .text.number_window_set_label
                0x0000000000000000        0xc /home/yunshan/pebble-dev/PebbleSDK-2.4.1/Pebble/lib/libpebble.a(tmpO4BPkUpebble.o)
 .text.number_window_set_max
                0x0000000000000000        0xc /home/yunshan/pebble-dev/PebbleSDK-2.4.1/Pebble/lib/libpebble.a(tmpO4BPkUpebble.o)
 .text.number_window_set_min
                0x0000000000000000        0xc /home/yunshan/pebble-dev/PebbleSDK-2.4.1/Pebble/lib/libpebble.a(tmpO4BPkUpebble.o)
 .text.number_window_set_step_size
                0x0000000000000000        0xc /home/yunshan/pebble-dev/PebbleSDK-2.4.1/Pebble/lib/libpebble.a(tmpO4BPkUpebble.o)
 .text.number_window_set_value
                0x0000000000000000        0xc /home/yunshan/pebble-dev/PebbleSDK-2.4.1/Pebble/lib/libpebble.a(tmpO4BPkUpebble.o)
 .text.persist_delete
                0x0000000000000000        0xc /home/yunshan/pebble-dev/PebbleSDK-2.4.1/Pebble/lib/libpebble.a(tmpO4BPkUpebble.o)
 .text.persist_exists
                0x0000000000000000        0xc /home/yunshan/pebble-dev/PebbleSDK-2.4.1/Pebble/lib/libpebble.a(tmpO4BPkUpebble.o)
 .text.persist_get_size
                0x0000000000000000        0xc /home/yunshan/pebble-dev/PebbleSDK-2.4.1/Pebble/lib/libpebble.a(tmpO4BPkUpebble.o)
 .text.persist_read_bool
                0x0000000000000000        0xc /home/yunshan/pebble-dev/PebbleSDK-2.4.1/Pebble/lib/libpebble.a(tmpO4BPkUpebble.o)
 .text.persist_read_data__deprecated
                0x0000000000000000        0xc /home/yunshan/pebble-dev/PebbleSDK-2.4.1/Pebble/lib/libpebble.a(tmpO4BPkUpebble.o)
 .text.persist_read_int
                0x0000000000000000        0xc /home/yunshan/pebble-dev/PebbleSDK-2.4.1/Pebble/lib/libpebble.a(tmpO4BPkUpebble.o)
 .text.persist_read_string__deprecated
                0x0000000000000000        0xc /home/yunshan/pebble-dev/PebbleSDK-2.4.1/Pebble/lib/libpebble.a(tmpO4BPkUpebble.o)
 .text.persist_write_bool
                0x0000000000000000        0xc /home/yunshan/pebble-dev/PebbleSDK-2.4.1/Pebble/lib/libpebble.a(tmpO4BPkUpebble.o)
 .text.persist_write_data__deprecated
                0x0000000000000000        0xc /home/yunshan/pebble-dev/PebbleSDK-2.4.1/Pebble/lib/libpebble.a(tmpO4BPkUpebble.o)
 .text.persist_write_int
                0x0000000000000000        0xc /home/yunshan/pebble-dev/PebbleSDK-2.4.1/Pebble/lib/libpebble.a(tmpO4BPkUpebble.o)
 .text.persist_write_string
                0x0000000000000000        0xc /home/yunshan/pebble-dev/PebbleSDK-2.4.1/Pebble/lib/libpebble.a(tmpO4BPkUpebble.o)
 .text.property_animation_create
                0x0000000000000000        0xc /home/yunshan/pebble-dev/PebbleSDK-2.4.1/Pebble/lib/libpebble.a(tmpO4BPkUpebble.o)
 .text.property_animation_create_layer_frame
                0x0000000000000000        0xc /home/yunshan/pebble-dev/PebbleSDK-2.4.1/Pebble/lib/libpebble.a(tmpO4BPkUpebble.o)
 .text.property_animation_destroy
                0x0000000000000000        0xc /home/yunshan/pebble-dev/PebbleSDK-2.4.1/Pebble/lib/libpebble.a(tmpO4BPkUpebble.o)
 .text.property_animation_update_gpoint
                0x0000000000000000        0xc /home/yunshan/pebble-dev/PebbleSDK-2.4.1/Pebble/lib/libpebble.a(tmpO4BPkUpebble.o)
 .text.property_animation_update_grect
                0x0000000000000000        0xc /home/yunshan/pebble-dev/PebbleSDK-2.4.1/Pebble/lib/libpebble.a(tmpO4BPkUpebble.o)
 .text.property_animation_update_int16
                0x0000000000000000        0xc /home/yunshan/pebble-dev/PebbleSDK-2.4.1/Pebble/lib/libpebble.a(tmpO4BPkUpebble.o)
 .text.psleep   0x0000000000000000        0xc /home/yunshan/pebble-dev/PebbleSDK-2.4.1/Pebble/lib/libpebble.a(tmpO4BPkUpebble.o)
 .text.rand     0x0000000000000000        0xc /home/yunshan/pebble-dev/PebbleSDK-2.4.1/Pebble/lib/libpebble.a(tmpO4BPkUpebble.o)
 .text.resource_load
                0x0000000000000000        0xc /home/yunshan/pebble-dev/PebbleSDK-2.4.1/Pebble/lib/libpebble.a(tmpO4BPkUpebble.o)
 .text.resource_load_byte_range
                0x0000000000000000        0xc /home/yunshan/pebble-dev/PebbleSDK-2.4.1/Pebble/lib/libpebble.a(tmpO4BPkUpebble.o)
 .text.resource_size
                0x0000000000000000        0xc /home/yunshan/pebble-dev/PebbleSDK-2.4.1/Pebble/lib/libpebble.a(tmpO4BPkUpebble.o)
 .text.rot_bitmap_layer_create
                0x0000000000000000        0xc /home/yunshan/pebble-dev/PebbleSDK-2.4.1/Pebble/lib/libpebble.a(tmpO4BPkUpebble.o)
 .text.rot_bitmap_layer_destroy
                0x0000000000000000        0xc /home/yunshan/pebble-dev/PebbleSDK-2.4.1/Pebble/lib/libpebble.a(tmpO4BPkUpebble.o)
 .text.rot_bitmap_layer_increment_angle
                0x0000000000000000        0xc /home/yunshan/pebble-dev/PebbleSDK-2.4.1/Pebble/lib/libpebble.a(tmpO4BPkUpebble.o)
 .text.rot_bitmap_layer_set_angle
                0x0000000000000000        0xc /home/yunshan/pebble-dev/PebbleSDK-2.4.1/Pebble/lib/libpebble.a(tmpO4BPkUpebble.o)
 .text.rot_bitmap_layer_set_corner_clip_color
                0x0000000000000000        0xc /home/yunshan/pebble-dev/PebbleSDK-2.4.1/Pebble/lib/libpebble.a(tmpO4BPkUpebble.o)
 .text.rot_bitmap_set_compositing_mode
                0x0000000000000000        0xc /home/yunshan/pebble-dev/PebbleSDK-2.4.1/Pebble/lib/libpebble.a(tmpO4BPkUpebble.o)
 .text.rot_bitmap_set_src_ic
                0x0000000000000000        0xc /home/yunshan/pebble-dev/PebbleSDK-2.4.1/Pebble/lib/libpebble.a(tmpO4BPkUpebble.o)
 .text.scroll_layer_add_child
                0x0000000000000000        0xc /home/yunshan/pebble-dev/PebbleSDK-2.4.1/Pebble/lib/libpebble.a(tmpO4BPkUpebble.o)
 .text.scroll_layer_create
                0x0000000000000000        0xc /home/yunshan/pebble-dev/PebbleSDK-2.4.1/Pebble/lib/libpebble.a(tmpO4BPkUpebble.o)
 .text.scroll_layer_destroy
                0x0000000000000000        0xc /home/yunshan/pebble-dev/PebbleSDK-2.4.1/Pebble/lib/libpebble.a(tmpO4BPkUpebble.o)
 .text.scroll_layer_get_content_offset
                0x0000000000000000        0xc /home/yunshan/pebble-dev/PebbleSDK-2.4.1/Pebble/lib/libpebble.a(tmpO4BPkUpebble.o)
 .text.scroll_layer_get_content_size
                0x0000000000000000        0xc /home/yunshan/pebble-dev/PebbleSDK-2.4.1/Pebble/lib/libpebble.a(tmpO4BPkUpebble.o)
 .text.scroll_layer_get_layer
                0x0000000000000000        0xc /home/yunshan/pebble-dev/PebbleSDK-2.4.1/Pebble/lib/libpebble.a(tmpO4BPkUpebble.o)
 .text.scroll_layer_get_shadow_hidden
                0x0000000000000000        0xc /home/yunshan/pebble-dev/PebbleSDK-2.4.1/Pebble/lib/libpebble.a(tmpO4BPkUpebble.o)
 .text.scroll_layer_scroll_down_click_handler
                0x0000000000000000        0xc /home/yunshan/pebble-dev/PebbleSDK-2.4.1/Pebble/lib/libpebble.a(tmpO4BPkUpebble.o)
 .text.scroll_layer_scroll_up_click_handler
                0x0000000000000000        0xc /home/yunshan/pebble-dev/PebbleSDK-2.4.1/Pebble/lib/libpebble.a(tmpO4BPkUpebble.o)
 .text.scroll_layer_set_callbacks
                0x0000000000000000        0xc /home/yunshan/pebble-dev/PebbleSDK-2.4.1/Pebble/lib/libpebble.a(tmpO4BPkUpebble.o)
 .text.scroll_layer_set_click_config_onto_window
                0x0000000000000000        0xc /home/yunshan/pebble-dev/PebbleSDK-2.4.1/Pebble/lib/libpebble.a(tmpO4BPkUpebble.o)
 .text.scroll_layer_set_content_offset
                0x0000000000000000        0xc /home/yunshan/pebble-dev/PebbleSDK-2.4.1/Pebble/lib/libpebble.a(tmpO4BPkUpebble.o)
 .text.scroll_layer_set_content_size
                0x0000000000000000        0xc /home/yunshan/pebble-dev/PebbleSDK-2.4.1/Pebble/lib/libpebble.a(tmpO4BPkUpebble.o)
 .text.scroll_layer_set_context
                0x0000000000000000        0xc /home/yunshan/pebble-dev/PebbleSDK-2.4.1/Pebble/lib/libpebble.a(tmpO4BPkUpebble.o)
 .text.scroll_layer_set_frame
                0x0000000000000000        0xc /home/yunshan/pebble-dev/PebbleSDK-2.4.1/Pebble/lib/libpebble.a(tmpO4BPkUpebble.o)
 .text.scroll_layer_set_shadow_hidden
                0x0000000000000000        0xc /home/yunshan/pebble-dev/PebbleSDK-2.4.1/Pebble/lib/libpebble.a(tmpO4BPkUpebble.o)
 .text.simple_menu_layer_get_selected_index
                0x0000000000000000        0xc /home/yunshan/pebble-dev/PebbleSDK-2.4.1/Pebble/lib/libpebble.a(tmpO4BPkUpebble.o)
 .text.simple_menu_layer_set_selected_index
                0x0000000000000000        0xc /home/yunshan/pebble-dev/PebbleSDK-2.4.1/Pebble/lib/libpebble.a(tmpO4BPkUpebble.o)
 .text.sin_lookup
                0x0000000000000000        0xc /home/yunshan/pebble-dev/PebbleSDK-2.4.1/Pebble/lib/libpebble.a(tmpO4BPkUpebble.o)
 .text.srand    0x0000000000000000        0xc /home/yunshan/pebble-dev/PebbleSDK-2.4.1/Pebble/lib/libpebble.a(tmpO4BPkUpebble.o)
 .text.strcmp   0x0000000000000000        0xc /home/yunshan/pebble-dev/PebbleSDK-2.4.1/Pebble/lib/libpebble.a(tmpO4BPkUpebble.o)
 .text.strftime
                0x0000000000000000        0xc /home/yunshan/pebble-dev/PebbleSDK-2.4.1/Pebble/lib/libpebble.a(tmpO4BPkUpebble.o)
 .text.strlen   0x0000000000000000        0xc /home/yunshan/pebble-dev/PebbleSDK-2.4.1/Pebble/lib/libpebble.a(tmpO4BPkUpebble.o)
 .text.strncat  0x0000000000000000        0xc /home/yunshan/pebble-dev/PebbleSDK-2.4.1/Pebble/lib/libpebble.a(tmpO4BPkUpebble.o)
 .text.strncmp  0x0000000000000000        0xc /home/yunshan/pebble-dev/PebbleSDK-2.4.1/Pebble/lib/libpebble.a(tmpO4BPkUpebble.o)
 .text.strncpy  0x0000000000000000        0xc /home/yunshan/pebble-dev/PebbleSDK-2.4.1/Pebble/lib/libpebble.a(tmpO4BPkUpebble.o)
 .text.text_layer_get_content_size
                0x0000000000000000        0xc /home/yunshan/pebble-dev/PebbleSDK-2.4.1/Pebble/lib/libpebble.a(tmpO4BPkUpebble.o)
 .text.text_layer_get_text
                0x0000000000000000        0xc /home/yunshan/pebble-dev/PebbleSDK-2.4.1/Pebble/lib/libpebble.a(tmpO4BPkUpebble.o)
 .text.text_layer_set_overflow_mode
                0x0000000000000000        0xc /home/yunshan/pebble-dev/PebbleSDK-2.4.1/Pebble/lib/libpebble.a(tmpO4BPkUpebble.o)
 .text.text_layer_set_size
                0x0000000000000000        0xc /home/yunshan/pebble-dev/PebbleSDK-2.4.1/Pebble/lib/libpebble.a(tmpO4BPkUpebble.o)
 .text.time_ms  0x0000000000000000        0xc /home/yunshan/pebble-dev/PebbleSDK-2.4.1/Pebble/lib/libpebble.a(tmpO4BPkUpebble.o)
 .text.vibes_cancel
                0x0000000000000000        0xc /home/yunshan/pebble-dev/PebbleSDK-2.4.1/Pebble/lib/libpebble.a(tmpO4BPkUpebble.o)
 .text.vibes_enqueue_custom_pattern
                0x0000000000000000        0xc /home/yunshan/pebble-dev/PebbleSDK-2.4.1/Pebble/lib/libpebble.a(tmpO4BPkUpebble.o)
 .text.vibes_long_pulse
                0x0000000000000000        0xc /home/yunshan/pebble-dev/PebbleSDK-2.4.1/Pebble/lib/libpebble.a(tmpO4BPkUpebble.o)
 .text.window_get_click_config_provider
                0x0000000000000000        0xc /home/yunshan/pebble-dev/PebbleSDK-2.4.1/Pebble/lib/libpebble.a(tmpO4BPkUpebble.o)
 .text.window_get_fullscreen
                0x0000000000000000        0xc /home/yunshan/pebble-dev/PebbleSDK-2.4.1/Pebble/lib/libpebble.a(tmpO4BPkUpebble.o)
 .text.window_is_loaded
                0x0000000000000000        0xc /home/yunshan/pebble-dev/PebbleSDK-2.4.1/Pebble/lib/libpebble.a(tmpO4BPkUpebble.o)
 .text.window_set_background_color
                0x0000000000000000        0xc /home/yunshan/pebble-dev/PebbleSDK-2.4.1/Pebble/lib/libpebble.a(tmpO4BPkUpebble.o)
 .text.window_set_click_config_provider_with_context
                0x0000000000000000        0xc /home/yunshan/pebble-dev/PebbleSDK-2.4.1/Pebble/lib/libpebble.a(tmpO4BPkUpebble.o)
 .text.window_set_status_bar_icon
                0x0000000000000000        0xc /home/yunshan/pebble-dev/PebbleSDK-2.4.1/Pebble/lib/libpebble.a(tmpO4BPkUpebble.o)
 .text.window_stack_get_top_window
                0x0000000000000000        0xc /home/yunshan/pebble-dev/PebbleSDK-2.4.1/Pebble/lib/libpebble.a(tmpO4BPkUpebble.o)
 .text.window_stack_pop
                0x0000000000000000        0xc /home/yunshan/pebble-dev/PebbleSDK-2.4.1/Pebble/lib/libpebble.a(tmpO4BPkUpebble.o)
 .text.app_focus_service_subscribe
                0x0000000000000000        0xc /home/yunshan/pebble-dev/PebbleSDK-2.4.1/Pebble/lib/libpebble.a(tmpO4BPkUpebble.o)
 .text.app_focus_service_unsubscribe
                0x0000000000000000        0xc /home/yunshan/pebble-dev/PebbleSDK-2.4.1/Pebble/lib/libpebble.a(tmpO4BPkUpebble.o)
 .text.window_get_user_data
                0x0000000000000000        0xc /home/yunshan/pebble-dev/PebbleSDK-2.4.1/Pebble/lib/libpebble.a(tmpO4BPkUpebble.o)
 .text.window_set_user_data
                0x0000000000000000        0xc /home/yunshan/pebble-dev/PebbleSDK-2.4.1/Pebble/lib/libpebble.a(tmpO4BPkUpebble.o)
 .text.app_message_get_context
                0x0000000000000000        0xc /home/yunshan/pebble-dev/PebbleSDK-2.4.1/Pebble/lib/libpebble.a(tmpO4BPkUpebble.o)
 .text.app_message_outbox_size_maximum
                0x0000000000000000        0xc /home/yunshan/pebble-dev/PebbleSDK-2.4.1/Pebble/lib/libpebble.a(tmpO4BPkUpebble.o)
 .text.app_message_set_context
                0x0000000000000000        0xc /home/yunshan/pebble-dev/PebbleSDK-2.4.1/Pebble/lib/libpebble.a(tmpO4BPkUpebble.o)
 .text.window_multi_click_subscribe
                0x0000000000000000        0xc /home/yunshan/pebble-dev/PebbleSDK-2.4.1/Pebble/lib/libpebble.a(tmpO4BPkUpebble.o)
 .text.window_raw_click_subscribe
                0x0000000000000000        0xc /home/yunshan/pebble-dev/PebbleSDK-2.4.1/Pebble/lib/libpebble.a(tmpO4BPkUpebble.o)
 .text.window_set_click_context
                0x0000000000000000        0xc /home/yunshan/pebble-dev/PebbleSDK-2.4.1/Pebble/lib/libpebble.a(tmpO4BPkUpebble.o)
 .text.window_single_repeating_click_subscribe
                0x0000000000000000        0xc /home/yunshan/pebble-dev/PebbleSDK-2.4.1/Pebble/lib/libpebble.a(tmpO4BPkUpebble.o)
 .text.graphics_draw_text
                0x0000000000000000        0xc /home/yunshan/pebble-dev/PebbleSDK-2.4.1/Pebble/lib/libpebble.a(tmpO4BPkUpebble.o)
 .text.dict_serialize_tuplets_to_buffer
                0x0000000000000000        0xc /home/yunshan/pebble-dev/PebbleSDK-2.4.1/Pebble/lib/libpebble.a(tmpO4BPkUpebble.o)
 .text.persist_read_data
                0x0000000000000000        0xc /home/yunshan/pebble-dev/PebbleSDK-2.4.1/Pebble/lib/libpebble.a(tmpO4BPkUpebble.o)
 .text.persist_read_string
                0x0000000000000000        0xc /home/yunshan/pebble-dev/PebbleSDK-2.4.1/Pebble/lib/libpebble.a(tmpO4BPkUpebble.o)
 .text.persist_write_data
                0x0000000000000000        0xc /home/yunshan/pebble-dev/PebbleSDK-2.4.1/Pebble/lib/libpebble.a(tmpO4BPkUpebble.o)
 .text.dict_size
                0x0000000000000000        0xc /home/yunshan/pebble-dev/PebbleSDK-2.4.1/Pebble/lib/libpebble.a(tmpO4BPkUpebble.o)
 .text.graphics_text_layout_get_content_size
                0x0000000000000000        0xc /home/yunshan/pebble-dev/PebbleSDK-2.4.1/Pebble/lib/libpebble.a(tmpO4BPkUpebble.o)
 .text.simple_menu_layer_get_menu_layer
                0x0000000000000000        0xc /home/yunshan/pebble-dev/PebbleSDK-2.4.1/Pebble/lib/libpebble.a(tmpO4BPkUpebble.o)
 .text.accel_data_service_subscribe
                0x0000000000000000        0xc /home/yunshan/pebble-dev/PebbleSDK-2.4.1/Pebble/lib/libpebble.a(tmpO4BPkUpebble.o)
 .text.calloc   0x0000000000000000        0xc /home/yunshan/pebble-dev/PebbleSDK-2.4.1/Pebble/lib/libpebble.a(tmpO4BPkUpebble.o)
 .text.bitmap_layer_get_bitmap
                0x0000000000000000        0xc /home/yunshan/pebble-dev/PebbleSDK-2.4.1/Pebble/lib/libpebble.a(tmpO4BPkUpebble.o)
 .text.window_get_click_config_context
                0x0000000000000000        0xc /home/yunshan/pebble-dev/PebbleSDK-2.4.1/Pebble/lib/libpebble.a(tmpO4BPkUpebble.o)
 .text.number_window_get_window
                0x0000000000000000        0xc /home/yunshan/pebble-dev/PebbleSDK-2.4.1/Pebble/lib/libpebble.a(tmpO4BPkUpebble.o)
 .text.realloc  0x0000000000000000        0xc /home/yunshan/pebble-dev/PebbleSDK-2.4.1/Pebble/lib/libpebble.a(tmpO4BPkUpebble.o)
 .text.click_recognizer_is_repeating
                0x0000000000000000        0xc /home/yunshan/pebble-dev/PebbleSDK-2.4.1/Pebble/lib/libpebble.a(tmpO4BPkUpebble.o)
 .text          0x0000000000000000        0x0 /home/yunshan/pebble-dev/PebbleSDK-2.4.1/arm-cs-tools/bin/../lib/gcc/arm-none-eabi/4.7.2/thumb2/crtend.o
 .bss           0x0000000000000000        0x0 /home/yunshan/pebble-dev/PebbleSDK-2.4.1/arm-cs-tools/bin/../lib/gcc/arm-none-eabi/4.7.2/thumb2/crtend.o
 .eh_frame      0x0000000000000000        0x4 /home/yunshan/pebble-dev/PebbleSDK-2.4.1/arm-cs-tools/bin/../lib/gcc/arm-none-eabi/4.7.2/thumb2/crtend.o
 .jcr           0x0000000000000000        0x4 /home/yunshan/pebble-dev/PebbleSDK-2.4.1/arm-cs-tools/bin/../lib/gcc/arm-none-eabi/4.7.2/thumb2/crtend.o
 .tm_clone_table
                0x0000000000000000        0x0 /home/yunshan/pebble-dev/PebbleSDK-2.4.1/arm-cs-tools/bin/../lib/gcc/arm-none-eabi/4.7.2/thumb2/crtend.o
 .text          0x0000000000000000        0x0 /home/yunshan/pebble-dev/PebbleSDK-2.4.1/arm-cs-tools/bin/../lib/gcc/arm-none-eabi/4.7.2/thumb2/crtn.o
 .bss           0x0000000000000000        0x0 /home/yunshan/pebble-dev/PebbleSDK-2.4.1/arm-cs-tools/bin/../lib/gcc/arm-none-eabi/4.7.2/thumb2/crtn.o
 .init          0x0000000000000000        0x8 /home/yunshan/pebble-dev/PebbleSDK-2.4.1/arm-cs-tools/bin/../lib/gcc/arm-none-eabi/4.7.2/thumb2/crtn.o
 .fini          0x0000000000000000        0x8 /home/yunshan/pebble-dev/PebbleSDK-2.4.1/arm-cs-tools/bin/../lib/gcc/arm-none-eabi/4.7.2/thumb2/crtn.o

Memory Configuration

Name             Origin             Length             Attributes
APP              0x0000000000000000 0x0000000000006000 xrw
*default*        0x0000000000000000 0xffffffffffffffff

Linker script and memory map

LOAD /home/yunshan/pebble-dev/PebbleSDK-2.4.1/arm-cs-tools/bin/../lib/gcc/arm-none-eabi/4.7.2/thumb2/crti.o
LOAD /home/yunshan/pebble-dev/PebbleSDK-2.4.1/arm-cs-tools/bin/../lib/gcc/arm-none-eabi/4.7.2/thumb2/crtbegin.o
LOAD src/Call_View.c.24.o
LOAD src/Draw_Bitmap.c.24.o
LOAD src/List_View.c.24.o
LOAD src/Msg_Info.c.24.o
LOAD src/Notify_View.c.24.o
LOAD src/Peb_Messenger_Pro.c.24.o
LOAD src/Table.c.24.o
LOAD appinfo.auto.c.24.o
LOAD /home/yunshan/pebble-dev/PebbleSDK-2.4.1/Pebble/lib/libpebble.a
START GROUP
LOAD /home/yunshan/pebble-dev/PebbleSDK-2.4.1/arm-cs-tools/bin/../lib/gcc/arm-none-eabi/4.7.2/thumb2/libgcc.a
LOAD /home/yunshan/pebble-dev/PebbleSDK-2.4.1/arm-cs-tools/bin/../lib/gcc/arm-none-eabi/4.7.2/../../../../arm-none-eabi/lib/thumb2/libc.a
END GROUP
LOAD /home/yunshan/pebble-dev/PebbleSDK-2.4.1/arm-cs-tools/bin/../lib/gcc/arm-none-eabi/4.7.2/thumb2/crtend.o
LOAD /home/yunshan/pebble-dev/PebbleSDK-2.4.1/arm-cs-tools/bin/../lib/gcc/arm-none-eabi/4.7.2/thumb2/crtn.o

.header         0x0000000000000000       0x82
 *(.pbl_header)
 .pbl_header    0x0000000000000000       0x82 appinfo.auto.c.24.o
                0x0000000000000000                __pbl_app_info

.text           0x0000000000000084     0x2501
 *(.text)
 .text          0x0000000000000084       0x14 /home/yunshan/pebble-dev/PebbleSDK-2.4.1/Pebble/lib/libpebble.a(tmpO4BPkUpebble.o)
 *(.text.*)
 .text.update_time
                0x0000000000000098       0x44 src/Call_View.c.24.o
 .text.destroy_callview
                0x00000000000000dc       0xc4 src/Call_View.c.24.o
                0x00000000000000dc                destroy_callview
 .text.back_click_handler
                0x00000000000001a0        0x6 src/Call_View.c.24.o
 *fill*         0x00000000000001a6        0x2 
 .text.click_config_provider
                0x00000000000001a8       0x68 src/Call_View.c.24.o
 .text.send_command_string
                0x0000000000000210       0x2c src/Call_View.c.24.o
 .text.select_long_press_handler
                0x000000000000023c       0x4c src/Call_View.c.24.o
 .text.select_click_handler
                0x0000000000000288       0x4c src/Call_View.c.24.o
 .text.send_command_uint.constprop.4
                0x00000000000002d4       0x36 src/Call_View.c.24.o
 *fill*         0x000000000000030a        0x2 
 .text.up_click_handler
                0x000000000000030c       0x3c src/Call_View.c.24.o
 .text.up_long_press_handler
                0x0000000000000348       0x3c src/Call_View.c.24.o
 .text.down_click_handler
                0x0000000000000384       0x54 src/Call_View.c.24.o
 .text.init_callview
                0x00000000000003d8      0x188 src/Call_View.c.24.o
                0x00000000000003d8                init_callview
 .text.show_callview
                0x0000000000000560       0xa4 src/Call_View.c.24.o
                0x0000000000000560                show_callview
 .text.append_bitmap_callview
                0x0000000000000604       0x30 src/Call_View.c.24.o
                0x0000000000000604                append_bitmap_callview
 .text.call_hook
                0x0000000000000634       0x40 src/Call_View.c.24.o
                0x0000000000000634                call_hook
 .text.set_bitmap_to_black
                0x0000000000000674        0xe src/Draw_Bitmap.c.24.o
                0x0000000000000674                set_bitmap_to_black
 *fill*         0x0000000000000682        0x2 
 .text.draw_data_to_bitmap
                0x0000000000000684      0x224 src/Draw_Bitmap.c.24.o
                0x0000000000000684                draw_data_to_bitmap
 .text.get_num_rows
                0x00000000000008a8       0x14 src/List_View.c.24.o
 .text.select_click
                0x00000000000008bc       0x24 src/List_View.c.24.o
 .text.draw_row
                0x00000000000008e0       0x3c src/List_View.c.24.o
 .text.init_listview
                0x000000000000091c       0xf4 src/List_View.c.24.o
                0x000000000000091c                init_listview
 .text.destroy_listview
                0x0000000000000a10       0x50 src/List_View.c.24.o
                0x0000000000000a10                destroy_listview
 .text.list_view_close
                0x0000000000000a60        0x4 src/List_View.c.24.o
 .text.append_buff_listview
                0x0000000000000a64       0x18 src/List_View.c.24.o
                0x0000000000000a64                append_buff_listview
 .text.show_listview
                0x0000000000000a7c       0xe4 src/List_View.c.24.o
                0x0000000000000a7c                show_listview
 .text.destory_message
                0x0000000000000b60       0x28 src/Msg_Info.c.24.o
                0x0000000000000b60                destory_message
 .text.display_message
                0x0000000000000b88      0x110 src/Msg_Info.c.24.o
                0x0000000000000b88                display_message
 .text.destroy_notifyview
                0x0000000000000c98       0xb8 src/Notify_View.c.24.o
                0x0000000000000c98                destroy_notifyview
 .text.handle_notify_click
                0x0000000000000d50       0x30 src/Notify_View.c.24.o
 .text.read_notify
                0x0000000000000d80       0x4c src/Notify_View.c.24.o
 .text.init_notifyview
                0x0000000000000dcc      0x1d8 src/Notify_View.c.24.o
                0x0000000000000dcc                init_notifyview
 .text.show_notifyview
                0x0000000000000fa4       0xcc src/Notify_View.c.24.o
                0x0000000000000fa4                show_notifyview
 .text.append_str_notifyview
                0x0000000000001070       0x10 src/Notify_View.c.24.o
                0x0000000000001070                append_str_notifyview
 .text.append_bitmap_notifyview
                0x0000000000001080       0x4c src/Notify_View.c.24.o
                0x0000000000001080                append_bitmap_notifyview
 .text.set_pages_notifyview
                0x00000000000010cc       0x10 src/Notify_View.c.24.o
                0x00000000000010cc                set_pages_notifyview
 .text.set_pagenum_notifyview
                0x00000000000010dc       0x10 src/Notify_View.c.24.o
                0x00000000000010dc                set_pagenum_notifyview
 .text.clean_notifyview
                0x00000000000010ec       0x1c src/Notify_View.c.24.o
                0x00000000000010ec                clean_notifyview
 .text.set_notifyview_time
                0x0000000000001108       0x14 src/Notify_View.c.24.o
                0x0000000000001108                set_notifyview_time
 .text.hide_notifyview
                0x000000000000111c       0x20 src/Notify_View.c.24.o
                0x000000000000111c                hide_notifyview
 .text.next_notify_page
                0x000000000000113c       0x4c src/Notify_View.c.24.o
 .text.out_sent_handler
                0x0000000000001188        0x2 src/Peb_Messenger_Pro.c.24.o
                0x0000000000001188                out_sent_handler
 .text.out_failed_handler
                0x000000000000118a        0x2 src/Peb_Messenger_Pro.c.24.o
                0x000000000000118a                out_failed_handler
 .text.in_dropped_handler
                0x000000000000118c       0xb4 src/Peb_Messenger_Pro.c.24.o
                0x000000000000118c                in_dropped_handler
 .text.show_title
                0x0000000000001240       0x2c src/Peb_Messenger_Pro.c.24.o
 .text.find_tuple_by_id
                0x000000000000126c       0x1e src/Peb_Messenger_Pro.c.24.o
 .text.send_command_with_str_extra
                0x000000000000128a       0x2c src/Peb_Messenger_Pro.c.24.o
 .text.send_command_get_call_by_index
                0x00000000000012b6        0x8 src/Peb_Messenger_Pro.c.24.o
 .text.send_command_get_msg_by_index
                0x00000000000012be        0x8 src/Peb_Messenger_Pro.c.24.o
 .text.close_app
                0x00000000000012c6        0x6 src/Peb_Messenger_Pro.c.24.o
 .text.window_load
                0x00000000000012cc      0x164 src/Peb_Messenger_Pro.c.24.o
 .text.show_time
                0x0000000000001430       0x40 src/Peb_Messenger_Pro.c.24.o
 .text.show_progress
                0x0000000000001470       0xfc src/Peb_Messenger_Pro.c.24.o
 .text.send_im_free
                0x000000000000156c       0x48 src/Peb_Messenger_Pro.c.24.o
 .text.in_received_handler
                0x00000000000015b4      0x3e0 src/Peb_Messenger_Pro.c.24.o
                0x00000000000015b4                in_received_handler
 .text.send_command
                0x0000000000001994       0x34 src/Peb_Messenger_Pro.c.24.o
 .text.main_menu_onclick
                0x00000000000019c8       0x3c src/Peb_Messenger_Pro.c.24.o
 .text.window_unload
                0x0000000000001a04       0x60 src/Peb_Messenger_Pro.c.24.o
 .text.destroy_first_view
                0x0000000000001a64      0x1b8 src/Peb_Messenger_Pro.c.24.o
 .text.startup.main
                0x0000000000001c1c       0x88 src/Peb_Messenger_Pro.c.24.o
                0x0000000000001c1c                main
 .text.new_row  0x0000000000001ca4       0x12 src/Table.c.24.o
                0x0000000000001ca4                new_row
 .text.set_row  0x0000000000001cb6       0x50 src/Table.c.24.o
                0x0000000000001cb6                set_row
 .text.remove_rows
                0x0000000000001d06       0x10 src/Table.c.24.o
                0x0000000000001d06                remove_rows
 .text.get_row_by_index
                0x0000000000001d16       0x10 src/Table.c.24.o
                0x0000000000001d16                get_row_by_index
 *fill*         0x0000000000001d26        0x2 
 .text.action_bar_layer_add_to_window
                0x0000000000001d28        0xc /home/yunshan/pebble-dev/PebbleSDK-2.4.1/Pebble/lib/libpebble.a(tmpO4BPkUpebble.o)
                0x0000000000001d28                action_bar_layer_add_to_window
 .text.action_bar_layer_create
                0x0000000000001d34        0xc /home/yunshan/pebble-dev/PebbleSDK-2.4.1/Pebble/lib/libpebble.a(tmpO4BPkUpebble.o)
                0x0000000000001d34                action_bar_layer_create
 .text.action_bar_layer_destroy
                0x0000000000001d40        0xc /home/yunshan/pebble-dev/PebbleSDK-2.4.1/Pebble/lib/libpebble.a(tmpO4BPkUpebble.o)
                0x0000000000001d40                action_bar_layer_destroy
 .text.action_bar_layer_set_click_config_provider
                0x0000000000001d4c        0xc /home/yunshan/pebble-dev/PebbleSDK-2.4.1/Pebble/lib/libpebble.a(tmpO4BPkUpebble.o)
                0x0000000000001d4c                action_bar_layer_set_click_config_provider
 .text.action_bar_layer_set_icon
                0x0000000000001d58        0xc /home/yunshan/pebble-dev/PebbleSDK-2.4.1/Pebble/lib/libpebble.a(tmpO4BPkUpebble.o)
                0x0000000000001d58                action_bar_layer_set_icon
 .text.app_comm_set_sniff_interval
                0x0000000000001d64        0xc /home/yunshan/pebble-dev/PebbleSDK-2.4.1/Pebble/lib/libpebble.a(tmpO4BPkUpebble.o)
                0x0000000000001d64                app_comm_set_sniff_interval
 .text.app_event_loop
                0x0000000000001d70        0xc /home/yunshan/pebble-dev/PebbleSDK-2.4.1/Pebble/lib/libpebble.a(tmpO4BPkUpebble.o)
                0x0000000000001d70                app_event_loop
 .text.app_log  0x0000000000001d7c        0xc /home/yunshan/pebble-dev/PebbleSDK-2.4.1/Pebble/lib/libpebble.a(tmpO4BPkUpebble.o)
                0x0000000000001d7c                app_log
 .text.app_message_deregister_callbacks
                0x0000000000001d88        0xc /home/yunshan/pebble-dev/PebbleSDK-2.4.1/Pebble/lib/libpebble.a(tmpO4BPkUpebble.o)
                0x0000000000001d88                app_message_deregister_callbacks
 .text.app_message_open
                0x0000000000001d94        0xc /home/yunshan/pebble-dev/PebbleSDK-2.4.1/Pebble/lib/libpebble.a(tmpO4BPkUpebble.o)
                0x0000000000001d94                app_message_open
 .text.app_timer_cancel
                0x0000000000001da0        0xc /home/yunshan/pebble-dev/PebbleSDK-2.4.1/Pebble/lib/libpebble.a(tmpO4BPkUpebble.o)
                0x0000000000001da0                app_timer_cancel
 .text.app_timer_register
                0x0000000000001dac        0xc /home/yunshan/pebble-dev/PebbleSDK-2.4.1/Pebble/lib/libpebble.a(tmpO4BPkUpebble.o)
                0x0000000000001dac                app_timer_register
 .text.app_timer_reschedule
                0x0000000000001db8        0xc /home/yunshan/pebble-dev/PebbleSDK-2.4.1/Pebble/lib/libpebble.a(tmpO4BPkUpebble.o)
                0x0000000000001db8                app_timer_reschedule
 .text.bitmap_layer_create
                0x0000000000001dc4        0xc /home/yunshan/pebble-dev/PebbleSDK-2.4.1/Pebble/lib/libpebble.a(tmpO4BPkUpebble.o)
                0x0000000000001dc4                bitmap_layer_create
 .text.bitmap_layer_destroy
                0x0000000000001dd0        0xc /home/yunshan/pebble-dev/PebbleSDK-2.4.1/Pebble/lib/libpebble.a(tmpO4BPkUpebble.o)
                0x0000000000001dd0                bitmap_layer_destroy
 .text.bitmap_layer_get_layer
                0x0000000000001ddc        0xc /home/yunshan/pebble-dev/PebbleSDK-2.4.1/Pebble/lib/libpebble.a(tmpO4BPkUpebble.o)
                0x0000000000001ddc                bitmap_layer_get_layer
 .text.bitmap_layer_set_bitmap
                0x0000000000001de8        0xc /home/yunshan/pebble-dev/PebbleSDK-2.4.1/Pebble/lib/libpebble.a(tmpO4BPkUpebble.o)
                0x0000000000001de8                bitmap_layer_set_bitmap
 .text.bitmap_layer_set_compositing_mode
                0x0000000000001df4        0xc /home/yunshan/pebble-dev/PebbleSDK-2.4.1/Pebble/lib/libpebble.a(tmpO4BPkUpebble.o)
                0x0000000000001df4                bitmap_layer_set_compositing_mode
 .text.dict_read_first
                0x0000000000001e00        0xc /home/yunshan/pebble-dev/PebbleSDK-2.4.1/Pebble/lib/libpebble.a(tmpO4BPkUpebble.o)
                0x0000000000001e00                dict_read_first
 .text.dict_read_next
                0x0000000000001e0c        0xc /home/yunshan/pebble-dev/PebbleSDK-2.4.1/Pebble/lib/libpebble.a(tmpO4BPkUpebble.o)
                0x0000000000001e0c                dict_read_next
 .text.dict_write_cstring
                0x0000000000001e18        0xc /home/yunshan/pebble-dev/PebbleSDK-2.4.1/Pebble/lib/libpebble.a(tmpO4BPkUpebble.o)
                0x0000000000001e18                dict_write_cstring
 .text.dict_write_uint32
                0x0000000000001e24        0xc /home/yunshan/pebble-dev/PebbleSDK-2.4.1/Pebble/lib/libpebble.a(tmpO4BPkUpebble.o)
                0x0000000000001e24                dict_write_uint32
 .text.dict_write_uint8
                0x0000000000001e30        0xc /home/yunshan/pebble-dev/PebbleSDK-2.4.1/Pebble/lib/libpebble.a(tmpO4BPkUpebble.o)
                0x0000000000001e30                dict_write_uint8
 .text.fonts_get_system_font
                0x0000000000001e3c        0xc /home/yunshan/pebble-dev/PebbleSDK-2.4.1/Pebble/lib/libpebble.a(tmpO4BPkUpebble.o)
                0x0000000000001e3c                fonts_get_system_font
 .text.fonts_load_custom_font
                0x0000000000001e48        0xc /home/yunshan/pebble-dev/PebbleSDK-2.4.1/Pebble/lib/libpebble.a(tmpO4BPkUpebble.o)
                0x0000000000001e48                fonts_load_custom_font
 .text.fonts_unload_custom_font
                0x0000000000001e54        0xc /home/yunshan/pebble-dev/PebbleSDK-2.4.1/Pebble/lib/libpebble.a(tmpO4BPkUpebble.o)
                0x0000000000001e54                fonts_unload_custom_font
 .text.free     0x0000000000001e60        0xc /home/yunshan/pebble-dev/PebbleSDK-2.4.1/Pebble/lib/libpebble.a(tmpO4BPkUpebble.o)
                0x0000000000001e60                free
 .text.gbitmap_create_with_resource
                0x0000000000001e6c        0xc /home/yunshan/pebble-dev/PebbleSDK-2.4.1/Pebble/lib/libpebble.a(tmpO4BPkUpebble.o)
                0x0000000000001e6c                gbitmap_create_with_resource
 .text.gbitmap_destroy
                0x0000000000001e78        0xc /home/yunshan/pebble-dev/PebbleSDK-2.4.1/Pebble/lib/libpebble.a(tmpO4BPkUpebble.o)
                0x0000000000001e78                gbitmap_destroy
 .text.inverter_layer_create
                0x0000000000001e84        0xc /home/yunshan/pebble-dev/PebbleSDK-2.4.1/Pebble/lib/libpebble.a(tmpO4BPkUpebble.o)
                0x0000000000001e84                inverter_layer_create
 .text.inverter_layer_destroy
                0x0000000000001e90        0xc /home/yunshan/pebble-dev/PebbleSDK-2.4.1/Pebble/lib/libpebble.a(tmpO4BPkUpebble.o)
                0x0000000000001e90                inverter_layer_destroy
 .text.inverter_layer_get_layer
                0x0000000000001e9c        0xc /home/yunshan/pebble-dev/PebbleSDK-2.4.1/Pebble/lib/libpebble.a(tmpO4BPkUpebble.o)
                0x0000000000001e9c                inverter_layer_get_layer
 .text.layer_add_child
                0x0000000000001ea8        0xc /home/yunshan/pebble-dev/PebbleSDK-2.4.1/Pebble/lib/libpebble.a(tmpO4BPkUpebble.o)
                0x0000000000001ea8                layer_add_child
 .text.layer_create
                0x0000000000001eb4        0xc /home/yunshan/pebble-dev/PebbleSDK-2.4.1/Pebble/lib/libpebble.a(tmpO4BPkUpebble.o)
                0x0000000000001eb4                layer_create
 .text.layer_destroy
                0x0000000000001ec0        0xc /home/yunshan/pebble-dev/PebbleSDK-2.4.1/Pebble/lib/libpebble.a(tmpO4BPkUpebble.o)
                0x0000000000001ec0                layer_destroy
 .text.layer_get_bounds
                0x0000000000001ecc        0xc /home/yunshan/pebble-dev/PebbleSDK-2.4.1/Pebble/lib/libpebble.a(tmpO4BPkUpebble.o)
                0x0000000000001ecc                layer_get_bounds
 .text.layer_get_frame
                0x0000000000001ed8        0xc /home/yunshan/pebble-dev/PebbleSDK-2.4.1/Pebble/lib/libpebble.a(tmpO4BPkUpebble.o)
                0x0000000000001ed8                layer_get_frame
 .text.layer_remove_from_parent
                0x0000000000001ee4        0xc /home/yunshan/pebble-dev/PebbleSDK-2.4.1/Pebble/lib/libpebble.a(tmpO4BPkUpebble.o)
                0x0000000000001ee4                layer_remove_from_parent
 .text.layer_set_frame
                0x0000000000001ef0        0xc /home/yunshan/pebble-dev/PebbleSDK-2.4.1/Pebble/lib/libpebble.a(tmpO4BPkUpebble.o)
                0x0000000000001ef0                layer_set_frame
 .text.localtime
                0x0000000000001efc        0xc /home/yunshan/pebble-dev/PebbleSDK-2.4.1/Pebble/lib/libpebble.a(tmpO4BPkUpebble.o)
                0x0000000000001efc                localtime
 .text.malloc   0x0000000000001f08        0xc /home/yunshan/pebble-dev/PebbleSDK-2.4.1/Pebble/lib/libpebble.a(tmpO4BPkUpebble.o)
                0x0000000000001f08                malloc
 .text.memcpy   0x0000000000001f14        0xc /home/yunshan/pebble-dev/PebbleSDK-2.4.1/Pebble/lib/libpebble.a(tmpO4BPkUpebble.o)
                0x0000000000001f14                memcpy
 .text.memset   0x0000000000001f20        0xc /home/yunshan/pebble-dev/PebbleSDK-2.4.1/Pebble/lib/libpebble.a(tmpO4BPkUpebble.o)
                0x0000000000001f20                memset
 .text.menu_cell_basic_draw
                0x0000000000001f2c        0xc /home/yunshan/pebble-dev/PebbleSDK-2.4.1/Pebble/lib/libpebble.a(tmpO4BPkUpebble.o)
                0x0000000000001f2c                menu_cell_basic_draw
 .text.menu_layer_create
                0x0000000000001f38        0xc /home/yunshan/pebble-dev/PebbleSDK-2.4.1/Pebble/lib/libpebble.a(tmpO4BPkUpebble.o)
                0x0000000000001f38                menu_layer_create
 .text.menu_layer_destroy
                0x0000000000001f44        0xc /home/yunshan/pebble-dev/PebbleSDK-2.4.1/Pebble/lib/libpebble.a(tmpO4BPkUpebble.o)
                0x0000000000001f44                menu_layer_destroy
 .text.menu_layer_get_layer
                0x0000000000001f50        0xc /home/yunshan/pebble-dev/PebbleSDK-2.4.1/Pebble/lib/libpebble.a(tmpO4BPkUpebble.o)
                0x0000000000001f50                menu_layer_get_layer
 .text.menu_layer_set_click_config_onto_window
                0x0000000000001f5c        0xc /home/yunshan/pebble-dev/PebbleSDK-2.4.1/Pebble/lib/libpebble.a(tmpO4BPkUpebble.o)
                0x0000000000001f5c                menu_layer_set_click_config_onto_window
 .text.resource_get_handle
                0x0000000000001f68        0xc /home/yunshan/pebble-dev/PebbleSDK-2.4.1/Pebble/lib/libpebble.a(tmpO4BPkUpebble.o)
                0x0000000000001f68                resource_get_handle
 .text.simple_menu_layer_create
                0x0000000000001f74        0xc /home/yunshan/pebble-dev/PebbleSDK-2.4.1/Pebble/lib/libpebble.a(tmpO4BPkUpebble.o)
                0x0000000000001f74                simple_menu_layer_create
 .text.simple_menu_layer_destroy
                0x0000000000001f80        0xc /home/yunshan/pebble-dev/PebbleSDK-2.4.1/Pebble/lib/libpebble.a(tmpO4BPkUpebble.o)
                0x0000000000001f80                simple_menu_layer_destroy
 .text.simple_menu_layer_get_layer
                0x0000000000001f8c        0xc /home/yunshan/pebble-dev/PebbleSDK-2.4.1/Pebble/lib/libpebble.a(tmpO4BPkUpebble.o)
                0x0000000000001f8c                simple_menu_layer_get_layer
 .text.snprintf
                0x0000000000001f98        0xc /home/yunshan/pebble-dev/PebbleSDK-2.4.1/Pebble/lib/libpebble.a(tmpO4BPkUpebble.o)
                0x0000000000001f98                snprintf
 .text.strcat   0x0000000000001fa4        0xc /home/yunshan/pebble-dev/PebbleSDK-2.4.1/Pebble/lib/libpebble.a(tmpO4BPkUpebble.o)
                0x0000000000001fa4                strcat
 .text.strcpy   0x0000000000001fb0        0xc /home/yunshan/pebble-dev/PebbleSDK-2.4.1/Pebble/lib/libpebble.a(tmpO4BPkUpebble.o)
                0x0000000000001fb0                strcpy
 .text.text_layer_create
                0x0000000000001fbc        0xc /home/yunshan/pebble-dev/PebbleSDK-2.4.1/Pebble/lib/libpebble.a(tmpO4BPkUpebble.o)
                0x0000000000001fbc                text_layer_create
 .text.text_layer_destroy
                0x0000000000001fc8        0xc /home/yunshan/pebble-dev/PebbleSDK-2.4.1/Pebble/lib/libpebble.a(tmpO4BPkUpebble.o)
                0x0000000000001fc8                text_layer_destroy
 .text.text_layer_get_layer
                0x0000000000001fd4        0xc /home/yunshan/pebble-dev/PebbleSDK-2.4.1/Pebble/lib/libpebble.a(tmpO4BPkUpebble.o)
                0x0000000000001fd4                text_layer_get_layer
 .text.text_layer_set_background_color
                0x0000000000001fe0        0xc /home/yunshan/pebble-dev/PebbleSDK-2.4.1/Pebble/lib/libpebble.a(tmpO4BPkUpebble.o)
                0x0000000000001fe0                text_layer_set_background_color
 .text.text_layer_set_font
                0x0000000000001fec        0xc /home/yunshan/pebble-dev/PebbleSDK-2.4.1/Pebble/lib/libpebble.a(tmpO4BPkUpebble.o)
                0x0000000000001fec                text_layer_set_font
 .text.text_layer_set_text
                0x0000000000001ff8        0xc /home/yunshan/pebble-dev/PebbleSDK-2.4.1/Pebble/lib/libpebble.a(tmpO4BPkUpebble.o)
                0x0000000000001ff8                text_layer_set_text
 .text.text_layer_set_text_alignment
                0x0000000000002004        0xc /home/yunshan/pebble-dev/PebbleSDK-2.4.1/Pebble/lib/libpebble.a(tmpO4BPkUpebble.o)
                0x0000000000002004                text_layer_set_text_alignment
 .text.text_layer_set_text_color
                0x0000000000002010        0xc /home/yunshan/pebble-dev/PebbleSDK-2.4.1/Pebble/lib/libpebble.a(tmpO4BPkUpebble.o)
                0x0000000000002010                text_layer_set_text_color
 .text.tick_timer_service_subscribe
                0x000000000000201c        0xc /home/yunshan/pebble-dev/PebbleSDK-2.4.1/Pebble/lib/libpebble.a(tmpO4BPkUpebble.o)
                0x000000000000201c                tick_timer_service_subscribe
 .text.tick_timer_service_unsubscribe
                0x0000000000002028        0xc /home/yunshan/pebble-dev/PebbleSDK-2.4.1/Pebble/lib/libpebble.a(tmpO4BPkUpebble.o)
                0x0000000000002028                tick_timer_service_unsubscribe
 .text.time     0x0000000000002034        0xc /home/yunshan/pebble-dev/PebbleSDK-2.4.1/Pebble/lib/libpebble.a(tmpO4BPkUpebble.o)
                0x0000000000002034                time
 .text.vibes_double_pulse
                0x0000000000002040        0xc /home/yunshan/pebble-dev/PebbleSDK-2.4.1/Pebble/lib/libpebble.a(tmpO4BPkUpebble.o)
                0x0000000000002040                vibes_double_pulse
 .text.vibes_short_pulse
                0x000000000000204c        0xc /home/yunshan/pebble-dev/PebbleSDK-2.4.1/Pebble/lib/libpebble.a(tmpO4BPkUpebble.o)
                0x000000000000204c                vibes_short_pulse
 .text.window_create
                0x0000000000002058        0xc /home/yunshan/pebble-dev/PebbleSDK-2.4.1/Pebble/lib/libpebble.a(tmpO4BPkUpebble.o)
                0x0000000000002058                window_create
 .text.window_destroy
                0x0000000000002064        0xc /home/yunshan/pebble-dev/PebbleSDK-2.4.1/Pebble/lib/libpebble.a(tmpO4BPkUpebble.o)
                0x0000000000002064                window_destroy
 .text.window_get_root_layer
                0x0000000000002070        0xc /home/yunshan/pebble-dev/PebbleSDK-2.4.1/Pebble/lib/libpebble.a(tmpO4BPkUpebble.o)
                0x0000000000002070                window_get_root_layer
 .text.window_set_click_config_provider
                0x000000000000207c        0xc /home/yunshan/pebble-dev/PebbleSDK-2.4.1/Pebble/lib/libpebble.a(tmpO4BPkUpebble.o)
                0x000000000000207c                window_set_click_config_provider
 .text.window_set_fullscreen
                0x0000000000002088        0xc /home/yunshan/pebble-dev/PebbleSDK-2.4.1/Pebble/lib/libpebble.a(tmpO4BPkUpebble.o)
                0x0000000000002088                window_set_fullscreen
 .text.window_set_window_handlers
                0x0000000000002094        0xc /home/yunshan/pebble-dev/PebbleSDK-2.4.1/Pebble/lib/libpebble.a(tmpO4BPkUpebble.o)
                0x0000000000002094                window_set_window_handlers
 .text.window_stack_contains_window
                0x00000000000020a0        0xc /home/yunshan/pebble-dev/PebbleSDK-2.4.1/Pebble/lib/libpebble.a(tmpO4BPkUpebble.o)
                0x00000000000020a0                window_stack_contains_window
 .text.window_stack_pop_all
                0x00000000000020ac        0xc /home/yunshan/pebble-dev/PebbleSDK-2.4.1/Pebble/lib/libpebble.a(tmpO4BPkUpebble.o)
                0x00000000000020ac                window_stack_pop_all
 .text.window_stack_push
                0x00000000000020b8        0xc /home/yunshan/pebble-dev/PebbleSDK-2.4.1/Pebble/lib/libpebble.a(tmpO4BPkUpebble.o)
                0x00000000000020b8                window_stack_push
 .text.window_stack_remove
                0x00000000000020c4        0xc /home/yunshan/pebble-dev/PebbleSDK-2.4.1/Pebble/lib/libpebble.a(tmpO4BPkUpebble.o)
                0x00000000000020c4                window_stack_remove
 .text.app_message_inbox_size_maximum
                0x00000000000020d0        0xc /home/yunshan/pebble-dev/PebbleSDK-2.4.1/Pebble/lib/libpebble.a(tmpO4BPkUpebble.o)
                0x00000000000020d0                app_message_inbox_size_maximum
 .text.app_message_outbox_begin
                0x00000000000020dc        0xc /home/yunshan/pebble-dev/PebbleSDK-2.4.1/Pebble/lib/libpebble.a(tmpO4BPkUpebble.o)
                0x00000000000020dc                app_message_outbox_begin
 .text.app_message_outbox_send
                0x00000000000020e8        0xc /home/yunshan/pebble-dev/PebbleSDK-2.4.1/Pebble/lib/libpebble.a(tmpO4BPkUpebble.o)
                0x00000000000020e8                app_message_outbox_send
 .text.app_message_register_inbox_dropped
                0x00000000000020f4        0xc /home/yunshan/pebble-dev/PebbleSDK-2.4.1/Pebble/lib/libpebble.a(tmpO4BPkUpebble.o)
                0x00000000000020f4                app_message_register_inbox_dropped
 .text.app_message_register_inbox_received
                0x0000000000002100        0xc /home/yunshan/pebble-dev/PebbleSDK-2.4.1/Pebble/lib/libpebble.a(tmpO4BPkUpebble.o)
                0x0000000000002100                app_message_register_inbox_received
 .text.app_message_register_outbox_failed
                0x000000000000210c        0xc /home/yunshan/pebble-dev/PebbleSDK-2.4.1/Pebble/lib/libpebble.a(tmpO4BPkUpebble.o)
                0x000000000000210c                app_message_register_outbox_failed
 .text.app_message_register_outbox_sent
                0x0000000000002118        0xc /home/yunshan/pebble-dev/PebbleSDK-2.4.1/Pebble/lib/libpebble.a(tmpO4BPkUpebble.o)
                0x0000000000002118                app_message_register_outbox_sent
 .text.window_long_click_subscribe
                0x0000000000002124        0xc /home/yunshan/pebble-dev/PebbleSDK-2.4.1/Pebble/lib/libpebble.a(tmpO4BPkUpebble.o)
                0x0000000000002124                window_long_click_subscribe
 .text.window_single_click_subscribe
                0x0000000000002130        0xc /home/yunshan/pebble-dev/PebbleSDK-2.4.1/Pebble/lib/libpebble.a(tmpO4BPkUpebble.o)
                0x0000000000002130                window_single_click_subscribe
 .text.menu_layer_set_callbacks
                0x000000000000213c        0xc /home/yunshan/pebble-dev/PebbleSDK-2.4.1/Pebble/lib/libpebble.a(tmpO4BPkUpebble.o)
                0x000000000000213c                menu_layer_set_callbacks
 .text.gbitmap_create_blank
                0x0000000000002148        0xc /home/yunshan/pebble-dev/PebbleSDK-2.4.1/Pebble/lib/libpebble.a(tmpO4BPkUpebble.o)
                0x0000000000002148                gbitmap_create_blank
 *(.rodata)
 .rodata        0x0000000000002154       0x18 src/Call_View.c.24.o
 .rodata        0x000000000000216c        0x8 src/Msg_Info.c.24.o
 .rodata        0x0000000000002174        0x8 src/Notify_View.c.24.o
 .rodata        0x000000000000217c       0x18 src/Peb_Messenger_Pro.c.24.o
 *(.rodata*)
 .rodata.str1.1
                0x0000000000002194      0x132 src/Call_View.c.24.o
 .rodata.str1.1
                0x00000000000022c6       0x1b src/Msg_Info.c.24.o
                                         0x36 (size before relaxing)
 .rodata.str1.1
                0x00000000000022e1       0x53 src/Notify_View.c.24.o
 .rodata.str1.1
                0x0000000000002334      0x251 src/Peb_Messenger_Pro.c.24.o
                                        0x267 (size before relaxing)

.glue_7         0x0000000000002588        0x0
 .glue_7        0x0000000000000000        0x0 linker stubs

.glue_7t        0x0000000000002588        0x0
 .glue_7t       0x0000000000000000        0x0 linker stubs

.vfp11_veneer   0x0000000000002588        0x0
 .vfp11_veneer  0x0000000000000000        0x0 linker stubs

.v4_bx          0x0000000000002588        0x0
 .v4_bx         0x0000000000000000        0x0 linker stubs

.iplt           0x0000000000002588        0x0
 .iplt          0x0000000000000000        0x0 /home/yunshan/pebble-dev/PebbleSDK-2.4.1/arm-cs-tools/bin/../lib/gcc/arm-none-eabi/4.7.2/thumb2/crtbegin.o

.rel.dyn        0x0000000000002588        0x0
 .rel.iplt      0x0000000000000000        0x0 /home/yunshan/pebble-dev/PebbleSDK-2.4.1/arm-cs-tools/bin/../lib/gcc/arm-none-eabi/4.7.2/thumb2/crtbegin.o
 .rel.got       0x0000000000000000        0x0 /home/yunshan/pebble-dev/PebbleSDK-2.4.1/arm-cs-tools/bin/../lib/gcc/arm-none-eabi/4.7.2/thumb2/crtbegin.o

.data           0x0000000000002588       0x10
 *(.data)
 .data          0x0000000000002588        0x0 /home/yunshan/pebble-dev/PebbleSDK-2.4.1/arm-cs-tools/bin/../lib/gcc/arm-none-eabi/4.7.2/thumb2/crti.o
 .data          0x0000000000002588        0x4 /home/yunshan/pebble-dev/PebbleSDK-2.4.1/arm-cs-tools/bin/../lib/gcc/arm-none-eabi/4.7.2/thumb2/crtbegin.o
                0x0000000000002588                __dso_handle
 .data          0x000000000000258c        0x0 src/Call_View.c.24.o
 .data          0x000000000000258c        0x0 src/Draw_Bitmap.c.24.o
 .data          0x000000000000258c        0x0 src/List_View.c.24.o
 .data          0x000000000000258c        0x0 src/Msg_Info.c.24.o
 .data          0x000000000000258c        0x0 src/Notify_View.c.24.o
 .data          0x000000000000258c        0xc src/Peb_Messenger_Pro.c.24.o
 .data          0x0000000000002598        0x0 src/Table.c.24.o
 .data          0x0000000000002598        0x0 appinfo.auto.c.24.o
 .data          0x0000000000002598        0x0 /home/yunshan/pebble-dev/PebbleSDK-2.4.1/Pebble/lib/libpebble.a(tmpO4BPkUpebble.o)
 .data          0x0000000000002598        0x0 /home/yunshan/pebble-dev/PebbleSDK-2.4.1/arm-cs-tools/bin/../lib/gcc/arm-none-eabi/4.7.2/thumb2/crtend.o
 .data          0x0000000000002598        0x0 /home/yunshan/pebble-dev/PebbleSDK-2.4.1/arm-cs-tools/bin/../lib/gcc/arm-none-eabi/4.7.2/thumb2/crtn.o
 *(.data.*)

.igot.plt       0x0000000000002598        0x0
 .igot.plt      0x0000000000000000        0x0 /home/yunshan/pebble-dev/PebbleSDK-2.4.1/arm-cs-tools/bin/../lib/gcc/arm-none-eabi/4.7.2/thumb2/crtbegin.o

.got            0x0000000000002598       0x14
 .got           0x0000000000002598       0x14 /home/yunshan/pebble-dev/PebbleSDK-2.4.1/arm-cs-tools/bin/../lib/gcc/arm-none-eabi/4.7.2/thumb2/crtbegin.o

.got.plt        0x00000000000025ac        0xc
 .got.plt       0x00000000000025ac        0xc /home/yunshan/pebble-dev/PebbleSDK-2.4.1/arm-cs-tools/bin/../lib/gcc/arm-none-eabi/4.7.2/thumb2/crtbegin.o
                0x00000000000025ac                _GLOBAL_OFFSET_TABLE_

.bss            0x00000000000025b8      0x154
 *(.bss)
 *(.bss.*)
 .bss.callview  0x00000000000025b8       0x44 src/Call_View.c.24.o
 .bss.msgview   0x00000000000025fc        0xc src/Msg_Info.c.24.o
 .bss.notifyview
                0x0000000000002608       0x48 src/Notify_View.c.24.o
 .bss.window_bounds
                0x0000000000002650        0x8 src/Peb_Messenger_Pro.c.24.o
 .bss.window_layer
                0x0000000000002658        0x4 src/Peb_Messenger_Pro.c.24.o
 .bss.title_layer
                0x000000000000265c        0x4 src/Peb_Messenger_Pro.c.24.o
 .bss.main_menu
                0x0000000000002660        0x4 src/Peb_Messenger_Pro.c.24.o
 .bss.is_self_close
                0x0000000000002664        0x1 src/Peb_Messenger_Pro.c.24.o
 *fill*         0x0000000000002665        0x3 
 .bss.main_section
                0x0000000000002668        0xc src/Peb_Messenger_Pro.c.24.o
 .bss.clock_buff
                0x0000000000002674        0x6 src/Peb_Messenger_Pro.c.24.o
 .bss.is_white_background
                0x000000000000267a        0x1 src/Peb_Messenger_Pro.c.24.o
 *fill*         0x000000000000267b        0x1 
 .bss.window    0x000000000000267c        0x4 src/Peb_Messenger_Pro.c.24.o
 COMMON         0x0000000000002680       0x28 src/List_View.c.24.o
                0x0000000000002680                listview
 COMMON         0x00000000000026a8       0x64 src/Peb_Messenger_Pro.c.24.o
                0x00000000000026a8                progressbar
                0x00000000000026bc                firstview
                0x00000000000026c8                main_buttons
                0x0000000000002708                firstrun_timer

DISCARD
 libc.a(*)
 libm.a(*)
 libgcc.a(*)
 *(.eh_frame)
OUTPUT(/home/yunshan/mypebble/Peb_Messenger_Pro/build/pebble-app.elf elf32-littlearm)

.ARM.attributes
                0x0000000000000000       0x27
 .ARM.attributes
                0x0000000000000000       0x19 /home/yunshan/pebble-dev/PebbleSDK-2.4.1/arm-cs-tools/bin/../lib/gcc/arm-none-eabi/4.7.2/thumb2/crti.o
 .ARM.attributes
                0x0000000000000019       0x29 /home/yunshan/pebble-dev/PebbleSDK-2.4.1/arm-cs-tools/bin/../lib/gcc/arm-none-eabi/4.7.2/thumb2/crtbegin.o
 .ARM.attributes
                0x0000000000000042       0x33 src/Call_View.c.24.o
 .ARM.attributes
                0x0000000000000075       0x33 src/Draw_Bitmap.c.24.o
 .ARM.attributes
                0x00000000000000a8       0x33 src/List_View.c.24.o
 .ARM.attributes
                0x00000000000000db       0x33 src/Msg_Info.c.24.o
 .ARM.attributes
                0x000000000000010e       0x33 src/Notify_View.c.24.o
 .ARM.attributes
                0x0000000000000141       0x33 src/Peb_Messenger_Pro.c.24.o
 .ARM.attributes
                0x0000000000000174       0x33 src/Table.c.24.o
 .ARM.attributes
                0x00000000000001a7       0x33 appinfo.auto.c.24.o
 .ARM.attributes
                0x00000000000001da       0x21 /home/yunshan/pebble-dev/PebbleSDK-2.4.1/Pebble/lib/libpebble.a(tmpO4BPkUpebble.o)
 .ARM.attributes
                0x00000000000001fb       0x29 /home/yunshan/pebble-dev/PebbleSDK-2.4.1/arm-cs-tools/bin/../lib/gcc/arm-none-eabi/4.7.2/thumb2/crtend.o
 .ARM.attributes
                0x0000000000000224       0x19 /home/yunshan/pebble-dev/PebbleSDK-2.4.1/arm-cs-tools/bin/../lib/gcc/arm-none-eabi/4.7.2/thumb2/crtn.o

.comment        0x0000000000000000       0x4e
 .comment       0x0000000000000000       0x4e /home/yunshan/pebble-dev/PebbleSDK-2.4.1/arm-cs-tools/bin/../lib/gcc/arm-none-eabi/4.7.2/thumb2/crtbegin.o
                                         0x4f (size before relaxing)
 .comment       0x0000000000000000       0x4f src/Call_View.c.24.o
 .comment       0x0000000000000000       0x4f src/Draw_Bitmap.c.24.o
 .comment       0x0000000000000000       0x4f src/List_View.c.24.o
 .comment       0x0000000000000000       0x4f src/Msg_Info.c.24.o
 .comment       0x0000000000000000       0x4f src/Notify_View.c.24.o
 .comment       0x0000000000000000       0x4f src/Peb_Messenger_Pro.c.24.o
 .comment       0x0000000000000000       0x4f src/Table.c.24.o
 .comment       0x0000000000000000       0x4f appinfo.auto.c.24.o
 .comment       0x0000000000000000       0x4f /home/yunshan/pebble-dev/PebbleSDK-2.4.1/arm-cs-tools/bin/../lib/gcc/arm-none-eabi/4.7.2/thumb2/crtend.o

.debug_info     0x0000000000000000     0x7371
 .debug_info    0x0000000000000000     0x1a29 src/Call_View.c.24.o
 .debug_info    0x0000000000001a29      0x3ad src/Draw_Bitmap.c.24.o
 .debug_info    0x0000000000001dd6      0xf06 src/List_View.c.24.o
 .debug_info    0x0000000000002cdc      0x5ae src/Msg_Info.c.24.o
 .debug_info    0x000000000000328a     0x144d src/Notify_View.c.24.o
 .debug_info    0x00000000000046d7     0x251a src/Peb_Messenger_Pro.c.24.o
 .debug_info    0x0000000000006bf1      0x3f8 src/Table.c.24.o
 .debug_info    0x0000000000006fe9      0x388 appinfo.auto.c.24.o

.debug_abbrev   0x0000000000000000     0x1616
 .debug_abbrev  0x0000000000000000      0x39c src/Call_View.c.24.o
 .debug_abbrev  0x000000000000039c      0x1ad src/Draw_Bitmap.c.24.o
 .debug_abbrev  0x0000000000000549      0x3b2 src/List_View.c.24.o
 .debug_abbrev  0x00000000000008fb      0x1da src/Msg_Info.c.24.o
 .debug_abbrev  0x0000000000000ad5      0x39f src/Notify_View.c.24.o
 .debug_abbrev  0x0000000000000e74      0x54a src/Peb_Messenger_Pro.c.24.o
 .debug_abbrev  0x00000000000013be      0x1ad src/Table.c.24.o
 .debug_abbrev  0x000000000000156b       0xab appinfo.auto.c.24.o

.debug_loc      0x0000000000000000     0x1f4e
 .debug_loc     0x0000000000000000      0x6c0 src/Call_View.c.24.o
 .debug_loc     0x00000000000006c0      0x2ba src/Draw_Bitmap.c.24.o
 .debug_loc     0x000000000000097a      0x3a1 src/List_View.c.24.o
 .debug_loc     0x0000000000000d1b       0xfe src/Msg_Info.c.24.o
 .debug_loc     0x0000000000000e19      0x3a8 src/Notify_View.c.24.o
 .debug_loc     0x00000000000011c1      0xaee src/Peb_Messenger_Pro.c.24.o
 .debug_loc     0x0000000000001caf      0x29f src/Table.c.24.o

.debug_aranges  0x0000000000000000      0x2f0
 .debug_aranges
                0x0000000000000000       0x90 src/Call_View.c.24.o
 .debug_aranges
                0x0000000000000090       0x28 src/Draw_Bitmap.c.24.o
 .debug_aranges
                0x00000000000000b8       0x58 src/List_View.c.24.o
 .debug_aranges
                0x0000000000000110       0x28 src/Msg_Info.c.24.o
 .debug_aranges
                0x0000000000000138       0x80 src/Notify_View.c.24.o
 .debug_aranges
                0x00000000000001b8       0xb0 src/Peb_Messenger_Pro.c.24.o
 .debug_aranges
                0x0000000000000268       0x70 src/Table.c.24.o
 .debug_aranges
                0x00000000000002d8       0x18 appinfo.auto.c.24.o

.debug_ranges   0x0000000000000000      0x460
 .debug_ranges  0x0000000000000000      0x140 src/Call_View.c.24.o
 .debug_ranges  0x0000000000000140       0xb0 src/Draw_Bitmap.c.24.o
 .debug_ranges  0x00000000000001f0       0x78 src/List_View.c.24.o
 .debug_ranges  0x0000000000000268       0x18 src/Msg_Info.c.24.o
 .debug_ranges  0x0000000000000280       0x70 src/Notify_View.c.24.o
 .debug_ranges  0x00000000000002f0      0x110 src/Peb_Messenger_Pro.c.24.o
 .debug_ranges  0x0000000000000400       0x60 src/Table.c.24.o

.debug_line     0x0000000000000000     0x1863
 .debug_line    0x0000000000000000      0x46f src/Call_View.c.24.o
 .debug_line    0x000000000000046f      0x210 src/Draw_Bitmap.c.24.o
 .debug_line    0x000000000000067f      0x2f5 src/List_View.c.24.o
 .debug_line    0x0000000000000974      0x192 src/Msg_Info.c.24.o
 .debug_line    0x0000000000000b06      0x3b9 src/Notify_View.c.24.o
 .debug_line    0x0000000000000ebf      0x60c src/Peb_Messenger_Pro.c.24.o
 .debug_line    0x00000000000014cb      0x27a src/Table.c.24.o
 .debug_line    0x0000000000001745      0x11e appinfo.auto.c.24.o

.debug_str      0x0000000000000000     0x1dbd
 .debug_str     0x0000000000000000      0xe76 src/Call_View.c.24.o
                                        0xf58 (size before relaxing)
 .debug_str     0x0000000000000e76       0x93 src/Draw_Bitmap.c.24.o
                                        0x254 (size before relaxing)
 .debug_str     0x0000000000000f09      0x452 src/List_View.c.24.o
                                        0x963 (size before relaxing)
 .debug_str     0x000000000000135b       0x76 src/Msg_Info.c.24.o
                                        0x356 (size before relaxing)
 .debug_str     0x00000000000013d1      0x226 src/Notify_View.c.24.o
                                        0xdca (size before relaxing)
 .debug_str     0x00000000000015f7      0x612 src/Peb_Messenger_Pro.c.24.o
                                       0x128a (size before relaxing)
 .debug_str     0x0000000000001c09       0x71 src/Table.c.24.o
                                        0x200 (size before relaxing)
 .debug_str     0x0000000000001c7a      0x143 appinfo.auto.c.24.o
                                        0x454 (size before relaxing)

.debug_frame    0x0000000000000000      0x738
 .debug_frame   0x0000000000000000      0x1a4 src/Call_View.c.24.o
 .debug_frame   0x00000000000001a4       0x48 src/Draw_Bitmap.c.24.o
 .debug_frame   0x00000000000001ec       0xe0 src/List_View.c.24.o
 .debug_frame   0x00000000000002cc       0x4c src/Msg_Info.c.24.o
 .debug_frame   0x0000000000000318      0x14c src/Notify_View.c.24.o
 .debug_frame   0x0000000000000464      0x204 src/Peb_Messenger_Pro.c.24.o
 .debug_frame   0x0000000000000668       0xd0 src/Table.c.24.o
